Archive member included to satisfy reference by file (symbol)

c:/progra~1/gcc-ar~1.10/bin/../lib/gcc/arm-none-eabi/10.3.1/thumb/v7e-m+fp/hard\libgcc.a(_aeabi_uldivmod.o)
                              CMakeFiles/F407_Controller.elf.dir/Drivers/STM32F4xx_HAL_Driver/Src/stm32f4xx_hal_rcc.c.obj (__aeabi_uldivmod)
c:/progra~1/gcc-ar~1.10/bin/../lib/gcc/arm-none-eabi/10.3.1/thumb/v7e-m+fp/hard\libgcc.a(_udivmoddi4.o)
                              c:/progra~1/gcc-ar~1.10/bin/../lib/gcc/arm-none-eabi/10.3.1/thumb/v7e-m+fp/hard\libgcc.a(_aeabi_uldivmod.o) (__udivmoddi4)
c:/progra~1/gcc-ar~1.10/bin/../lib/gcc/arm-none-eabi/10.3.1/thumb/v7e-m+fp/hard\libgcc.a(_dvmd_tls.o)
                              c:/progra~1/gcc-ar~1.10/bin/../lib/gcc/arm-none-eabi/10.3.1/thumb/v7e-m+fp/hard\libgcc.a(_aeabi_uldivmod.o) (__aeabi_ldiv0)
c:/progra~1/gcc-ar~1.10/bin/../lib/gcc/arm-none-eabi/10.3.1/../../../../arm-none-eabi/lib/thumb/v7e-m+fp/hard\libg.a(lib_a-errno.o)
                              CMakeFiles/F407_Controller.elf.dir/Core/Src/syscalls.c.obj (__errno)
c:/progra~1/gcc-ar~1.10/bin/../lib/gcc/arm-none-eabi/10.3.1/../../../../arm-none-eabi/lib/thumb/v7e-m+fp/hard\libg.a(lib_a-exit.o)
                              c:/progra~1/gcc-ar~1.10/bin/../lib/gcc/arm-none-eabi/10.3.1/../../../../arm-none-eabi/lib/thumb/v7e-m+fp/hard/crt0.o (exit)
c:/progra~1/gcc-ar~1.10/bin/../lib/gcc/arm-none-eabi/10.3.1/../../../../arm-none-eabi/lib/thumb/v7e-m+fp/hard\libg.a(lib_a-impure.o)
                              c:/progra~1/gcc-ar~1.10/bin/../lib/gcc/arm-none-eabi/10.3.1/../../../../arm-none-eabi/lib/thumb/v7e-m+fp/hard\libg.a(lib_a-exit.o) (_global_impure_ptr)
c:/progra~1/gcc-ar~1.10/bin/../lib/gcc/arm-none-eabi/10.3.1/../../../../arm-none-eabi/lib/thumb/v7e-m+fp/hard\libg.a(lib_a-init.o)
                              c:/progra~1/gcc-ar~1.10/bin/../lib/gcc/arm-none-eabi/10.3.1/../../../../arm-none-eabi/lib/thumb/v7e-m+fp/hard/crt0.o (__libc_init_array)
c:/progra~1/gcc-ar~1.10/bin/../lib/gcc/arm-none-eabi/10.3.1/../../../../arm-none-eabi/lib/thumb/v7e-m+fp/hard\libg.a(lib_a-memcpy.o)
                              CMakeFiles/F407_Controller.elf.dir/Middlewares/Third_Party/FreeRTOS/Source/CMSIS_RTOS_V2/cmsis_os2.c.obj (memcpy)
c:/progra~1/gcc-ar~1.10/bin/../lib/gcc/arm-none-eabi/10.3.1/../../../../arm-none-eabi/lib/thumb/v7e-m+fp/hard\libg.a(lib_a-memset.o)
                              c:/progra~1/gcc-ar~1.10/bin/../lib/gcc/arm-none-eabi/10.3.1/../../../../arm-none-eabi/lib/thumb/v7e-m+fp/hard/crt0.o (memset)
c:/progra~1/gcc-ar~1.10/bin/../lib/gcc/arm-none-eabi/10.3.1/../../../../arm-none-eabi/lib/thumb/v7e-m+fp/hard\libg.a(lib_a-__call_atexit.o)
                              c:/progra~1/gcc-ar~1.10/bin/../lib/gcc/arm-none-eabi/10.3.1/../../../../arm-none-eabi/lib/thumb/v7e-m+fp/hard\libg.a(lib_a-exit.o) (__call_exitprocs)
c:/progra~1/gcc-ar~1.10/bin/../lib/gcc/arm-none-eabi/10.3.1/../../../../arm-none-eabi/lib/thumb/v7e-m+fp/hard\libg.a(lib_a-atexit.o)
                              c:/progra~1/gcc-ar~1.10/bin/../lib/gcc/arm-none-eabi/10.3.1/../../../../arm-none-eabi/lib/thumb/v7e-m+fp/hard\libg.a(lib_a-__call_atexit.o) (atexit)
c:/progra~1/gcc-ar~1.10/bin/../lib/gcc/arm-none-eabi/10.3.1/../../../../arm-none-eabi/lib/thumb/v7e-m+fp/hard\libg.a(lib_a-fini.o)
                              c:/progra~1/gcc-ar~1.10/bin/../lib/gcc/arm-none-eabi/10.3.1/../../../../arm-none-eabi/lib/thumb/v7e-m+fp/hard\libg.a(lib_a-__call_atexit.o) (__libc_fini_array)
c:/progra~1/gcc-ar~1.10/bin/../lib/gcc/arm-none-eabi/10.3.1/../../../../arm-none-eabi/lib/thumb/v7e-m+fp/hard\libg.a(lib_a-lock.o)
                              c:/progra~1/gcc-ar~1.10/bin/../lib/gcc/arm-none-eabi/10.3.1/../../../../arm-none-eabi/lib/thumb/v7e-m+fp/hard\libg.a(lib_a-__call_atexit.o) (__retarget_lock_acquire_recursive)
c:/progra~1/gcc-ar~1.10/bin/../lib/gcc/arm-none-eabi/10.3.1/../../../../arm-none-eabi/lib/thumb/v7e-m+fp/hard\libg.a(lib_a-__atexit.o)
                              c:/progra~1/gcc-ar~1.10/bin/../lib/gcc/arm-none-eabi/10.3.1/../../../../arm-none-eabi/lib/thumb/v7e-m+fp/hard\libg.a(lib_a-atexit.o) (__register_exitproc)

Discarded input sections

 .text          0x00000000        0x0 c:/progra~1/gcc-ar~1.10/bin/../lib/gcc/arm-none-eabi/10.3.1/thumb/v7e-m+fp/hard/crti.o
 .data          0x00000000        0x0 c:/progra~1/gcc-ar~1.10/bin/../lib/gcc/arm-none-eabi/10.3.1/thumb/v7e-m+fp/hard/crti.o
 .bss           0x00000000        0x0 c:/progra~1/gcc-ar~1.10/bin/../lib/gcc/arm-none-eabi/10.3.1/thumb/v7e-m+fp/hard/crti.o
 .data          0x00000000        0x4 c:/progra~1/gcc-ar~1.10/bin/../lib/gcc/arm-none-eabi/10.3.1/thumb/v7e-m+fp/hard/crtbegin.o
 .rodata        0x00000000       0x24 c:/progra~1/gcc-ar~1.10/bin/../lib/gcc/arm-none-eabi/10.3.1/thumb/v7e-m+fp/hard/crtbegin.o
 .text          0x00000000       0x7c c:/progra~1/gcc-ar~1.10/bin/../lib/gcc/arm-none-eabi/10.3.1/../../../../arm-none-eabi/lib/thumb/v7e-m+fp/hard/crt0.o
[...]
Memory Configuration

Name             Origin             Length             Attributes
CCMRAM           0x10000000         0x00010000         xrw
RAM              0x20000000         0x00020000         xrw
FLASH            0x08000000         0x00080000         xr
*default*        0x00000000         0xffffffff

Linker script and memory map

LOAD c:/progra~1/gcc-ar~1.10/bin/../lib/gcc/arm-none-eabi/10.3.1/thumb/v7e-m+fp/hard/crti.o
LOAD c:/progra~1/gcc-ar~1.10/bin/../lib/gcc/arm-none-eabi/10.3.1/thumb/v7e-m+fp/hard/crtbegin.o
LOAD c:/progra~1/gcc-ar~1.10/bin/../lib/gcc/arm-none-eabi/10.3.1/../../../../arm-none-eabi/lib/thumb/v7e-m+fp/hard/crt0.o
LOAD CMakeFiles/F407_Controller.elf.dir/Core/Src/adc.c.obj
LOAD CMakeFiles/F407_Controller.elf.dir/Core/Src/dma.c.obj
LOAD CMakeFiles/F407_Controller.elf.dir/Core/Src/freertos.c.obj
LOAD CMakeFiles/F407_Controller.elf.dir/Core/Src/gpio.c.obj
LOAD CMakeFiles/F407_Controller.elf.dir/Core/Src/main.c.obj
LOAD CMakeFiles/F407_Controller.elf.dir/Core/Src/spi.c.obj
LOAD CMakeFiles/F407_Controller.elf.dir/Core/Src/stm32f4xx_hal_msp.c.obj
LOAD CMakeFiles/F407_Controller.elf.dir/Core/Src/stm32f4xx_hal_timebase_tim.c.obj
LOAD CMakeFiles/F407_Controller.elf.dir/Core/Src/stm32f4xx_it.c.obj
LOAD CMakeFiles/F407_Controller.elf.dir/Core/Src/syscalls.c.obj
LOAD CMakeFiles/F407_Controller.elf.dir/Core/Src/sysmem.c.obj
LOAD CMakeFiles/F407_Controller.elf.dir/Core/Src/system_stm32f4xx.c.obj
LOAD CMakeFiles/F407_Controller.elf.dir/Core/Src/tim.c.obj
LOAD CMakeFiles/F407_Controller.elf.dir/Core/Startup/startup_stm32f407vetx.s.obj
LOAD CMakeFiles/F407_Controller.elf.dir/Drivers/BoardSupportPackage/Src/bsp.c.obj
LOAD CMakeFiles/F407_Controller.elf.dir/Drivers/Flash/Src/flash.c.obj
LOAD CMakeFiles/F407_Controller.elf.dir/Drivers/LCD_240_280/Src/lcd.c.obj
LOAD CMakeFiles/F407_Controller.elf.dir/Drivers/LCD_240_280/Src/lcd_interface.c.obj
LOAD CMakeFiles/F407_Controller.elf.dir/Drivers/NRF/Src/nrf.c.obj
LOAD CMakeFiles/F407_Controller.elf.dir/Drivers/NRF/Src/nrf_interface.c.obj
LOAD CMakeFiles/F407_Controller.elf.dir/Drivers/STM32F4xx_HAL_Driver/Src/stm32f4xx_hal.c.obj
LOAD CMakeFiles/F407_Controller.elf.dir/Drivers/STM32F4xx_HAL_Driver/Src/stm32f4xx_hal_adc.c.obj
LOAD CMakeFiles/F407_Controller.elf.dir/Drivers/STM32F4xx_HAL_Driver/Src/stm32f4xx_hal_adc_ex.c.obj
LOAD CMakeFiles/F407_Controller.elf.dir/Drivers/STM32F4xx_HAL_Driver/Src/stm32f4xx_hal_cortex.c.obj
LOAD CMakeFiles/F407_Controller.elf.dir/Drivers/STM32F4xx_HAL_Driver/Src/stm32f4xx_hal_dma.c.obj
LOAD CMakeFiles/F407_Controller.elf.dir/Drivers/STM32F4xx_HAL_Driver/Src/stm32f4xx_hal_dma_ex.c.obj
LOAD CMakeFiles/F407_Controller.elf.dir/Drivers/STM32F4xx_HAL_Driver/Src/stm32f4xx_hal_exti.c.obj
LOAD CMakeFiles/F407_Controller.elf.dir/Drivers/STM32F4xx_HAL_Driver/Src/stm32f4xx_hal_flash.c.obj
LOAD CMakeFiles/F407_Controller.elf.dir/Drivers/STM32F4xx_HAL_Driver/Src/stm32f4xx_hal_flash_ex.c.obj
LOAD CMakeFiles/F407_Controller.elf.dir/Drivers/STM32F4xx_HAL_Driver/Src/stm32f4xx_hal_flash_ramfunc.c.obj
LOAD CMakeFiles/F407_Controller.elf.dir/Drivers/STM32F4xx_HAL_Driver/Src/stm32f4xx_hal_gpio.c.obj
LOAD CMakeFiles/F407_Controller.elf.dir/Drivers/STM32F4xx_HAL_Driver/Src/stm32f4xx_hal_pwr.c.obj
LOAD CMakeFiles/F407_Controller.elf.dir/Drivers/STM32F4xx_HAL_Driver/Src/stm32f4xx_hal_pwr_ex.c.obj
LOAD CMakeFiles/F407_Controller.elf.dir/Drivers/STM32F4xx_HAL_Driver/Src/stm32f4xx_hal_rcc.c.obj
LOAD CMakeFiles/F407_Controller.elf.dir/Drivers/STM32F4xx_HAL_Driver/Src/stm32f4xx_hal_rcc_ex.c.obj
LOAD CMakeFiles/F407_Controller.elf.dir/Drivers/STM32F4xx_HAL_Driver/Src/stm32f4xx_hal_spi.c.obj
LOAD CMakeFiles/F407_Controller.elf.dir/Drivers/STM32F4xx_HAL_Driver/Src/stm32f4xx_hal_tim.c.obj
LOAD CMakeFiles/F407_Controller.elf.dir/Drivers/STM32F4xx_HAL_Driver/Src/stm32f4xx_hal_tim_ex.c.obj
LOAD CMakeFiles/F407_Controller.elf.dir/Drivers/STM32F4xx_HAL_Driver/Src/stm32f4xx_ll_adc.c.obj
LOAD CMakeFiles/F407_Controller.elf.dir/Middlewares/Third_Party/FreeRTOS/Source/CMSIS_RTOS_V2/cmsis_os2.c.obj
LOAD CMakeFiles/F407_Controller.elf.dir/Middlewares/Third_Party/FreeRTOS/Source/croutine.c.obj
LOAD CMakeFiles/F407_Controller.elf.dir/Middlewares/Third_Party/FreeRTOS/Source/event_groups.c.obj
LOAD CMakeFiles/F407_Controller.elf.dir/Middlewares/Third_Party/FreeRTOS/Source/list.c.obj
LOAD CMakeFiles/F407_Controller.elf.dir/Middlewares/Third_Party/FreeRTOS/Source/portable/GCC/ARM_CM4F/port.c.obj
LOAD CMakeFiles/F407_Controller.elf.dir/Middlewares/Third_Party/FreeRTOS/Source/portable/MemMang/heap_4.c.obj
LOAD CMakeFiles/F407_Controller.elf.dir/Middlewares/Third_Party/FreeRTOS/Source/queue.c.obj
LOAD CMakeFiles/F407_Controller.elf.dir/Middlewares/Third_Party/FreeRTOS/Source/stream_buffer.c.obj
LOAD CMakeFiles/F407_Controller.elf.dir/Middlewares/Third_Party/FreeRTOS/Source/tasks.c.obj
LOAD CMakeFiles/F407_Controller.elf.dir/Middlewares/Third_Party/FreeRTOS/Source/timers.c.obj
START GROUP
LOAD c:/progra~1/gcc-ar~1.10/bin/../lib/gcc/arm-none-eabi/10.3.1/thumb/v7e-m+fp/hard\libgcc.a
LOAD c:/progra~1/gcc-ar~1.10/bin/../lib/gcc/arm-none-eabi/10.3.1/../../../../arm-none-eabi/lib/thumb/v7e-m+fp/hard\libg.a
LOAD c:/progra~1/gcc-ar~1.10/bin/../lib/gcc/arm-none-eabi/10.3.1/../../../../arm-none-eabi/lib/thumb/v7e-m+fp/hard\libc.a
END GROUP
LOAD c:/progra~1/gcc-ar~1.10/bin/../lib/gcc/arm-none-eabi/10.3.1/thumb/v7e-m+fp/hard/crtend.o
LOAD c:/progra~1/gcc-ar~1.10/bin/../lib/gcc/arm-none-eabi/10.3.1/thumb/v7e-m+fp/hard/crtn.o
                0x20020000                _estack = (ORIGIN (RAM) + LENGTH (RAM))
                0x00000200                _Min_Heap_Size = 0x200
                0x00000400                _Min_Stack_Size = 0x400

.isr_vector     0x08000000      0x188
                0x08000000                . = ALIGN (0x4)
 *(.isr_vector)
 .isr_vector    0x08000000      0x188 CMakeFiles/F407_Controller.elf.dir/Core/Startup/startup_stm32f407vetx.s.obj
                0x08000000                g_pfnVectors
                0x08000188                . = ALIGN (0x4)

.text           0x08000190     0x6720
                0x08000190                . = ALIGN (0x4)
 *(.text)
 .text          0x08000190       0x40 c:/progra~1/gcc-ar~1.10/bin/../lib/gcc/arm-none-eabi/10.3.1/thumb/v7e-m+fp/hard/crtbegin.o
 .text          0x080001d0       0x30 c:/progra~1/gcc-ar~1.10/bin/../lib/gcc/arm-none-eabi/10.3.1/thumb/v7e-m+fp/hard\libgcc.a(_aeabi_uldivmod.o)
                0x080001d0                __aeabi_uldivmod
 .text          0x08000200      0x2d0 c:/progra~1/gcc-ar~1.10/bin/../lib/gcc/arm-none-eabi/10.3.1/thumb/v7e-m+fp/hard\libgcc.a(_udivmoddi4.o)
                0x08000200                __udivmoddi4
 .text          0x080004d0        0x4 c:/progra~1/gcc-ar~1.10/bin/../lib/gcc/arm-none-eabi/10.3.1/thumb/v7e-m+fp/hard\libgcc.a(_dvmd_tls.o)
                0x080004d0                __aeabi_idiv0
                0x080004d0                __aeabi_ldiv0
 .text          0x080004d4      0x134 c:/progra~1/gcc-ar~1.10/bin/../lib/gcc/arm-none-eabi/10.3.1/../../../../arm-none-eabi/lib/thumb/v7e-m+fp/hard\libg.a(lib_a-memcpy.o)
                0x080004d4                memcpy
 *(.text*)
 .text.MX_ADC1_Init
                0x08000608       0xb0 CMakeFiles/F407_Controller.elf.dir/Core/Src/adc.c.obj
                0x08000608                MX_ADC1_Init
 .text.MX_ADC2_Init
                0x080006b8       0x80 CMakeFiles/F407_Controller.elf.dir/Core/Src/adc.c.obj
                0x080006b8                MX_ADC2_Init
 .text.HAL_ADC_MspInit
                0x08000738       0xf4 CMakeFiles/F407_Controller.elf.dir/Core/Src/adc.c.obj
                0x08000738                HAL_ADC_MspInit
 .text.MX_DMA_Init
                0x0800082c       0x34 CMakeFiles/F407_Controller.elf.dir/Core/Src/dma.c.obj
                0x0800082c                MX_DMA_Init
 .text.App_main
                0x08000860      0x214 CMakeFiles/F407_Controller.elf.dir/Core/Src/freertos.c.obj
                0x08000860                App_main
 .text.App_lcd  0x08000a74       0x34 CMakeFiles/F407_Controller.elf.dir/Core/Src/freertos.c.obj
                0x08000a74                App_lcd
 .text.App_adc  0x08000aa8       0xf0 CMakeFiles/F407_Controller.elf.dir/Core/Src/freertos.c.obj
                0x08000aa8                App_adc
 .text.MX_FREERTOS_Init
                0x08000b98       0x80 CMakeFiles/F407_Controller.elf.dir/Core/Src/freertos.c.obj
                0x08000b98                MX_FREERTOS_Init
 .text.HAL_ADC_ConvCpltCallback
                0x08000c18       0x54 CMakeFiles/F407_Controller.elf.dir/Core/Src/freertos.c.obj
                0x08000c18                HAL_ADC_ConvCpltCallback
 .text.HAL_GPIO_EXTI_Callback
                0x08000c6c       0x40 CMakeFiles/F407_Controller.elf.dir/Core/Src/freertos.c.obj
                0x08000c6c                HAL_GPIO_EXTI_Callback
 .text.MX_GPIO_Init
                0x08000cac       0x90 CMakeFiles/F407_Controller.elf.dir/Core/Src/gpio.c.obj
                0x08000cac                MX_GPIO_Init
 .text.HAL_TIM_PeriodElapsedCallback
                0x08000d3c       0x18 CMakeFiles/F407_Controller.elf.dir/Core/Src/main.c.obj
                0x08000d3c                HAL_TIM_PeriodElapsedCallback
 .text.Error_Handler
                0x08000d54        0x4 CMakeFiles/F407_Controller.elf.dir/Core/Src/main.c.obj
                0x08000d54                Error_Handler
 .text.SystemClock_Config
                0x08000d58       0xa4 CMakeFiles/F407_Controller.elf.dir/Core/Src/main.c.obj
                0x08000d58                SystemClock_Config
 .text.main     0x08000dfc       0x70 CMakeFiles/F407_Controller.elf.dir/Core/Src/main.c.obj
                0x08000dfc                main
 .text.MX_SPI1_Init
                0x08000e6c       0x40 CMakeFiles/F407_Controller.elf.dir/Core/Src/spi.c.obj
                0x08000e6c                MX_SPI1_Init
 .text.MX_SPI3_Init
                0x08000eac       0x44 CMakeFiles/F407_Controller.elf.dir/Core/Src/spi.c.obj
                0x08000eac                MX_SPI3_Init
 .text.HAL_SPI_MspInit
                0x08000ef0       0xc8 CMakeFiles/F407_Controller.elf.dir/Core/Src/spi.c.obj
                0x08000ef0                HAL_SPI_MspInit
 .text.HAL_MspInit
                0x08000fb8       0x44 CMakeFiles/F407_Controller.elf.dir/Core/Src/stm32f4xx_hal_msp.c.obj
                0x08000fb8                HAL_MspInit
 .text.HAL_InitTick
                0x08000ffc       0xa4 CMakeFiles/F407_Controller.elf.dir/Core/Src/stm32f4xx_hal_timebase_tim.c.obj
                0x08000ffc                HAL_InitTick
 .text.NMI_Handler
                0x080010a0        0x2 CMakeFiles/F407_Controller.elf.dir/Core/Src/stm32f4xx_it.c.obj
                0x080010a0                NMI_Handler
 .text.HardFault_Handler
                0x080010a2        0x2 CMakeFiles/F407_Controller.elf.dir/Core/Src/stm32f4xx_it.c.obj
                0x080010a2                HardFault_Handler
 .text.MemManage_Handler
                0x080010a4        0x2 CMakeFiles/F407_Controller.elf.dir/Core/Src/stm32f4xx_it.c.obj
                0x080010a4                MemManage_Handler
 .text.BusFault_Handler
                0x080010a6        0x2 CMakeFiles/F407_Controller.elf.dir/Core/Src/stm32f4xx_it.c.obj
                0x080010a6                BusFault_Handler
 .text.UsageFault_Handler
                0x080010a8        0x2 CMakeFiles/F407_Controller.elf.dir/Core/Src/stm32f4xx_it.c.obj
                0x080010a8                UsageFault_Handler
 .text.DebugMon_Handler
                0x080010aa        0x2 CMakeFiles/F407_Controller.elf.dir/Core/Src/stm32f4xx_it.c.obj
                0x080010aa                DebugMon_Handler
 .text.EXTI0_IRQHandler
                0x080010ac        0xa CMakeFiles/F407_Controller.elf.dir/Core/Src/stm32f4xx_it.c.obj
                0x080010ac                EXTI0_IRQHandler
 *fill*         0x080010b6        0x2 
 .text.TIM8_TRG_COM_TIM14_IRQHandler
                0x080010b8       0x10 CMakeFiles/F407_Controller.elf.dir/Core/Src/stm32f4xx_it.c.obj
                0x080010b8                TIM8_TRG_COM_TIM14_IRQHandler
 .text.DMA2_Stream0_IRQHandler
                0x080010c8       0x10 CMakeFiles/F407_Controller.elf.dir/Core/Src/stm32f4xx_it.c.obj
                0x080010c8                DMA2_Stream0_IRQHandler
 .text.SystemInit
                0x080010d8       0x14 CMakeFiles/F407_Controller.elf.dir/Core/Src/system_stm32f4xx.c.obj
                0x080010d8                SystemInit
 .text.MX_TIM3_Init
                0x080010ec       0x70 CMakeFiles/F407_Controller.elf.dir/Core/Src/tim.c.obj
                0x080010ec                MX_TIM3_Init
 .text.HAL_TIM_Base_MspInit
                0x0800115c       0x30 CMakeFiles/F407_Controller.elf.dir/Core/Src/tim.c.obj
                0x0800115c                HAL_TIM_Base_MspInit
 .text.Reset_Handler
                0x0800118c       0x50 CMakeFiles/F407_Controller.elf.dir/Core/Startup/startup_stm32f407vetx.s.obj
                0x0800118c                Reset_Handler
 .text.Default_Handler
                0x080011dc        0x2 CMakeFiles/F407_Controller.elf.dir/Core/Startup/startup_stm32f407vetx.s.obj
                0x080011dc                RTC_Alarm_IRQHandler
                0x080011dc                HASH_RNG_IRQHandler
                0x080011dc                EXTI2_IRQHandler
                0x080011dc                TIM8_CC_IRQHandler
                0x080011dc                TIM1_CC_IRQHandler
                0x080011dc                DMA2_Stream5_IRQHandler
                0x080011dc                DMA1_Stream5_IRQHandler
                0x080011dc                PVD_IRQHandler
                0x080011dc                SDIO_IRQHandler
                0x080011dc                TAMP_STAMP_IRQHandler
                0x080011dc                CAN2_RX1_IRQHandler
                0x080011dc                EXTI3_IRQHandler
                0x080011dc                TIM1_UP_TIM10_IRQHandler
                0x080011dc                TIM8_UP_TIM13_IRQHandler
                0x080011dc                I2C3_ER_IRQHandler
                0x080011dc                I2C2_EV_IRQHandler
                0x080011dc                DMA1_Stream2_IRQHandler
                0x080011dc                CAN1_RX0_IRQHandler
                0x080011dc                FPU_IRQHandler
                0x080011dc                OTG_HS_WKUP_IRQHandler
                0x080011dc                CAN2_SCE_IRQHandler
                0x080011dc                DMA2_Stream2_IRQHandler
                0x080011dc                SPI1_IRQHandler
                0x080011dc                TIM6_DAC_IRQHandler
                0x080011dc                TIM1_BRK_TIM9_IRQHandler
                0x080011dc                DCMI_IRQHandler
                0x080011dc                CAN2_RX0_IRQHandler
                0x080011dc                DMA2_Stream3_IRQHandler
                0x080011dc                USART6_IRQHandler
                0x080011dc                USART3_IRQHandler
                0x080011dc                CAN1_RX1_IRQHandler
                0x080011dc                UART5_IRQHandler
                0x080011dc                TIM4_IRQHandler
                0x080011dc                I2C1_EV_IRQHandler
                0x080011dc                DMA1_Stream6_IRQHandler
                0x080011dc                DMA1_Stream1_IRQHandler
                0x080011dc                UART4_IRQHandler
                0x080011dc                TIM3_IRQHandler
                0x080011dc                RCC_IRQHandler
                0x080011dc                TIM8_BRK_TIM12_IRQHandler
                0x080011dc                Default_Handler
                0x080011dc                EXTI15_10_IRQHandler
                0x080011dc                ADC_IRQHandler
                0x080011dc                DMA1_Stream7_IRQHandler
                0x080011dc                TIM7_IRQHandler
                0x080011dc                CAN2_TX_IRQHandler
                0x080011dc                TIM5_IRQHandler
                0x080011dc                DMA2_Stream7_IRQHandler
                0x080011dc                I2C3_EV_IRQHandler
                0x080011dc                EXTI9_5_IRQHandler
                0x080011dc                RTC_WKUP_IRQHandler
                0x080011dc                ETH_WKUP_IRQHandler
                0x080011dc                SPI2_IRQHandler
                0x080011dc                OTG_HS_EP1_IN_IRQHandler
                0x080011dc                DMA1_Stream0_IRQHandler
                0x080011dc                CAN1_TX_IRQHandler
                0x080011dc                EXTI4_IRQHandler
                0x080011dc                FSMC_IRQHandler
                0x080011dc                ETH_IRQHandler
                0x080011dc                OTG_HS_EP1_OUT_IRQHandler
                0x080011dc                WWDG_IRQHandler
                0x080011dc                TIM2_IRQHandler
                0x080011dc                OTG_FS_WKUP_IRQHandler
                0x080011dc                TIM1_TRG_COM_TIM11_IRQHandler
                0x080011dc                OTG_HS_IRQHandler
                0x080011dc                EXTI1_IRQHandler
                0x080011dc                USART2_IRQHandler
                0x080011dc                I2C2_ER_IRQHandler
                0x080011dc                DMA2_Stream1_IRQHandler
                0x080011dc                CAN1_SCE_IRQHandler
                0x080011dc                FLASH_IRQHandler
                0x080011dc                DMA2_Stream4_IRQHandler
                0x080011dc                USART1_IRQHandler
                0x080011dc                OTG_FS_IRQHandler
                0x080011dc                SPI3_IRQHandler
                0x080011dc                DMA1_Stream4_IRQHandler
                0x080011dc                I2C1_ER_IRQHandler
                0x080011dc                DMA2_Stream6_IRQHandler
                0x080011dc                DMA1_Stream3_IRQHandler
 *fill*         0x080011de        0x2 
 .text.BSP_Filter
                0x080011e0       0x3c CMakeFiles/F407_Controller.elf.dir/Drivers/BoardSupportPackage/Src/bsp.c.obj
                0x080011e0                BSP_Filter
 .text.BSP_FineTuningKey_GPIO_Init
                0x0800121c       0xdc CMakeFiles/F407_Controller.elf.dir/Drivers/BoardSupportPackage/Src/bsp.c.obj
                0x0800121c                BSP_FineTuningKey_GPIO_Init
 .text.FLASH_GetFlashSector
                0x080012f8       0x8c CMakeFiles/F407_Controller.elf.dir/Drivers/Flash/Src/flash.c.obj
                0x080012f8                FLASH_GetFlashSector
 .text.STMFLASH_ReadWord
                0x08001384        0x4 CMakeFiles/F407_Controller.elf.dir/Drivers/Flash/Src/flash.c.obj
                0x08001384                STMFLASH_ReadWord
 .text.FLASH_Write
                0x08001388       0x9c CMakeFiles/F407_Controller.elf.dir/Drivers/Flash/Src/flash.c.obj
                0x08001388                FLASH_Write
 .text.FLASH_Read
                0x08001424       0x20 CMakeFiles/F407_Controller.elf.dir/Drivers/Flash/Src/flash.c.obj
                0x08001424                FLASH_Read
 .text.LCD_Write8BitData
                0x08001444        0x8 CMakeFiles/F407_Controller.elf.dir/Drivers/LCD_240_280/Src/lcd.c.obj
                0x08001444                LCD_Write8BitData
 .text.LCD_Write16BitData
                0x0800144c        0x8 CMakeFiles/F407_Controller.elf.dir/Drivers/LCD_240_280/Src/lcd.c.obj
                0x0800144c                LCD_Write16BitData
 .text.LCD_WriteCommand
                0x08001454       0x14 CMakeFiles/F407_Controller.elf.dir/Drivers/LCD_240_280/Src/lcd.c.obj
                0x08001454                LCD_WriteCommand
 .text.LCD_WriteAnyLength16BitData
                0x08001468       0x42 CMakeFiles/F407_Controller.elf.dir/Drivers/LCD_240_280/Src/lcd.c.obj
                0x08001468                LCD_WriteAnyLength16BitData
 .text.LCD_Delayms
                0x080014aa        0x8 CMakeFiles/F407_Controller.elf.dir/Drivers/LCD_240_280/Src/lcd.c.obj
                0x080014aa                LCD_Delayms
 .text.LCD_Address_Set
                0x080014b2       0x3e CMakeFiles/F407_Controller.elf.dir/Drivers/LCD_240_280/Src/lcd.c.obj
                0x080014b2                LCD_Address_Set
 .text.LCD_Fill
                0x080014f0       0x3c CMakeFiles/F407_Controller.elf.dir/Drivers/LCD_240_280/Src/lcd.c.obj
                0x080014f0                LCD_Fill
 .text.LCD_DrawPoint
                0x0800152c       0x14 CMakeFiles/F407_Controller.elf.dir/Drivers/LCD_240_280/Src/lcd.c.obj
                0x0800152c                LCD_DrawPoint
 .text.LCD_ShowPicture3
                0x08001540       0x38 CMakeFiles/F407_Controller.elf.dir/Drivers/LCD_240_280/Src/lcd.c.obj
                0x08001540                LCD_ShowPicture3
 .text.LCD_Init
                0x08001578      0x19e CMakeFiles/F407_Controller.elf.dir/Drivers/LCD_240_280/Src/lcd.c.obj
                0x08001578                LCD_Init
 *fill*         0x08001716        0x2 
 .text.lcd_interface_gpio_init
                0x08001718       0xcc CMakeFiles/F407_Controller.elf.dir/Drivers/LCD_240_280/Src/lcd_interface.c.obj
                0x08001718                lcd_interface_gpio_init
 .text.lcd_interface_delayms
                0x080017e4        0x8 CMakeFiles/F407_Controller.elf.dir/Drivers/LCD_240_280/Src/lcd_interface.c.obj
                0x080017e4                lcd_interface_delayms
 .text.lcd_interface_res_clr
                0x080017ec       0x14 CMakeFiles/F407_Controller.elf.dir/Drivers/LCD_240_280/Src/lcd_interface.c.obj
                0x080017ec                lcd_interface_res_clr
 .text.lcd_interface_res_set
                0x08001800       0x14 CMakeFiles/F407_Controller.elf.dir/Drivers/LCD_240_280/Src/lcd_interface.c.obj
                0x08001800                lcd_interface_res_set
 .text.lcd_interface_dc_lcr
                0x08001814       0x14 CMakeFiles/F407_Controller.elf.dir/Drivers/LCD_240_280/Src/lcd_interface.c.obj
                0x08001814                lcd_interface_dc_lcr
 .text.lcd_interface_dc_set
                0x08001828       0x14 CMakeFiles/F407_Controller.elf.dir/Drivers/LCD_240_280/Src/lcd_interface.c.obj
                0x08001828                lcd_interface_dc_set
 .text.lcd_interface_cs_clr
                0x0800183c       0x14 CMakeFiles/F407_Controller.elf.dir/Drivers/LCD_240_280/Src/lcd_interface.c.obj
                0x0800183c                lcd_interface_cs_clr
 .text.lcd_interface_cs_set
                0x08001850       0x14 CMakeFiles/F407_Controller.elf.dir/Drivers/LCD_240_280/Src/lcd_interface.c.obj
                0x08001850                lcd_interface_cs_set
 .text.lcd_interface_write_8bit_data
                0x08001864       0x28 CMakeFiles/F407_Controller.elf.dir/Drivers/LCD_240_280/Src/lcd_interface.c.obj
                0x08001864                lcd_interface_write_8bit_data
 .text.lcd_interface_write_any_data
                0x0800188c       0x20 CMakeFiles/F407_Controller.elf.dir/Drivers/LCD_240_280/Src/lcd_interface.c.obj
                0x0800188c                lcd_interface_write_any_data
 .text.lcd_interface_write_16bit_data
                0x080018ac       0x2c CMakeFiles/F407_Controller.elf.dir/Drivers/LCD_240_280/Src/lcd_interface.c.obj
                0x080018ac                lcd_interface_write_16bit_data
 .text.lcd_interface_blk_set
                0x080018d8       0x14 CMakeFiles/F407_Controller.elf.dir/Drivers/LCD_240_280/Src/lcd_interface.c.obj
                0x080018d8                lcd_interface_blk_set
 .text.NRF_ReadReg
                0x080018ec       0x36 CMakeFiles/F407_Controller.elf.dir/Drivers/NRF/Src/nrf.c.obj
                0x080018ec                NRF_ReadReg
 .text.NRF_WriteReg
                0x08001922       0x38 CMakeFiles/F407_Controller.elf.dir/Drivers/NRF/Src/nrf.c.obj
                0x08001922                NRF_WriteReg
 .text.NRF_GPIO_Init
                0x0800195a       0x24 CMakeFiles/F407_Controller.elf.dir/Drivers/NRF/Src/nrf.c.obj
                0x0800195a                NRF_GPIO_Init
 .text.NRF_WriteTxFIFO
                0x0800197e       0x38 CMakeFiles/F407_Controller.elf.dir/Drivers/NRF/Src/nrf.c.obj
                0x0800197e                NRF_WriteTxFIFO
 .text.NRF_ClearTxFIFO
                0x080019b6       0x2e CMakeFiles/F407_Controller.elf.dir/Drivers/NRF/Src/nrf.c.obj
                0x080019b6                NRF_ClearTxFIFO
 .text.NRF_ClearRxFIFO
                0x080019e4       0x2e CMakeFiles/F407_Controller.elf.dir/Drivers/NRF/Src/nrf.c.obj
                0x080019e4                NRF_ClearRxFIFO
 .text.NRF_Reset
                0x08001a12      0x120 CMakeFiles/F407_Controller.elf.dir/Drivers/NRF/Src/nrf.c.obj
                0x08001a12                NRF_Reset
 .text.NRF_GetSTATUS
                0x08001b32       0x2e CMakeFiles/F407_Controller.elf.dir/Drivers/NRF/Src/nrf.c.obj
                0x08001b32                NRF_GetSTATUS
 .text.NRF_ClearTxDSInterrupt
                0x08001b60       0x2c CMakeFiles/F407_Controller.elf.dir/Drivers/NRF/Src/nrf.c.obj
                0x08001b60                NRF_ClearTxDSInterrupt
 .text.NRF_ClearMaxRTInterrupt
                0x08001b8c       0x2c CMakeFiles/F407_Controller.elf.dir/Drivers/NRF/Src/nrf.c.obj
                0x08001b8c                NRF_ClearMaxRTInterrupt
 .text.NRF_TxIRQ
                0x08001bb8       0x18 CMakeFiles/F407_Controller.elf.dir/Drivers/NRF/Src/nrf.c.obj
                0x08001bb8                NRF_TxIRQ
 .text.NRF_AirDataWidth
                0x08001bd0       0x6e CMakeFiles/F407_Controller.elf.dir/Drivers/NRF/Src/nrf.c.obj
                0x08001bd0                NRF_AirDataWidth
 .text.NRF_AirDataRate
                0x08001c3e       0x74 CMakeFiles/F407_Controller.elf.dir/Drivers/NRF/Src/nrf.c.obj
                0x08001c3e                NRF_AirDataRate
 .text.NRF_RFOutputPower
                0x08001cb2       0xde CMakeFiles/F407_Controller.elf.dir/Drivers/NRF/Src/nrf.c.obj
                0x08001cb2                NRF_RFOutputPower
 .text.NRF_SetFrequency
                0x08001d90       0x1c CMakeFiles/F407_Controller.elf.dir/Drivers/NRF/Src/nrf.c.obj
                0x08001d90                NRF_SetFrequency
 .text.NRF_CRC_EncodingScheme
                0x08001dac       0x4c CMakeFiles/F407_Controller.elf.dir/Drivers/NRF/Src/nrf.c.obj
                0x08001dac                NRF_CRC_EncodingScheme
 .text.NRF_AddressFieldWidth
                0x08001df8       0x5e CMakeFiles/F407_Controller.elf.dir/Drivers/NRF/Src/nrf.c.obj
                0x08001df8                NRF_AddressFieldWidth
 *fill*         0x08001e56        0x2 
 .text.NRF_AutomaticRetransmission
                0x08001e58       0x3c CMakeFiles/F407_Controller.elf.dir/Drivers/NRF/Src/nrf.c.obj
                0x08001e58                NRF_AutomaticRetransmission
 .text.NRF_TxMode
                0x08001e94       0x84 CMakeFiles/F407_Controller.elf.dir/Drivers/NRF/Src/nrf.c.obj
                0x08001e94                NRF_TxMode
 .text.nrf_interface_gpio_init
                0x08001f18       0x94 CMakeFiles/F407_Controller.elf.dir/Drivers/NRF/Src/nrf_interface.c.obj
                0x08001f18                nrf_interface_gpio_init
 .text.nrf_interface_ce_set
                0x08001fac       0x14 CMakeFiles/F407_Controller.elf.dir/Drivers/NRF/Src/nrf_interface.c.obj
                0x08001fac                nrf_interface_ce_set
 .text.nrf_interface_ce_clr
                0x08001fc0       0x14 CMakeFiles/F407_Controller.elf.dir/Drivers/NRF/Src/nrf_interface.c.obj
                0x08001fc0                nrf_interface_ce_clr
 .text.nrf_interface_csn_set
                0x08001fd4       0x14 CMakeFiles/F407_Controller.elf.dir/Drivers/NRF/Src/nrf_interface.c.obj
                0x08001fd4                nrf_interface_csn_set
 .text.nrf_interface_csn_clr
                0x08001fe8       0x14 CMakeFiles/F407_Controller.elf.dir/Drivers/NRF/Src/nrf_interface.c.obj
                0x08001fe8                nrf_interface_csn_clr
 .text.nrf_interface_spi_swap
                0x08001ffc       0x20 CMakeFiles/F407_Controller.elf.dir/Drivers/NRF/Src/nrf_interface.c.obj
                0x08001ffc                nrf_interface_spi_swap
 .text.nrf_interface_spi_receive
                0x0800201c       0x14 CMakeFiles/F407_Controller.elf.dir/Drivers/NRF/Src/nrf_interface.c.obj
                0x0800201c                nrf_interface_spi_receive
 .text.nrf_interface_spi_transmit
                0x08002030       0x14 CMakeFiles/F407_Controller.elf.dir/Drivers/NRF/Src/nrf_interface.c.obj
                0x08002030                nrf_interface_spi_transmit
 .text.nrf_interface_delayms
                0x08002044        0x8 CMakeFiles/F407_Controller.elf.dir/Drivers/NRF/Src/nrf_interface.c.obj
                0x08002044                nrf_interface_delayms
 .text.HAL_Init
                0x0800204c       0x34 CMakeFiles/F407_Controller.elf.dir/Drivers/STM32F4xx_HAL_Driver/Src/stm32f4xx_hal.c.obj
                0x0800204c                HAL_Init
 .text.HAL_IncTick
                0x08002080       0x18 CMakeFiles/F407_Controller.elf.dir/Drivers/STM32F4xx_HAL_Driver/Src/stm32f4xx_hal.c.obj
                0x08002080                HAL_IncTick
 .text.HAL_GetTick
                0x08002098        0xc CMakeFiles/F407_Controller.elf.dir/Drivers/STM32F4xx_HAL_Driver/Src/stm32f4xx_hal.c.obj
                0x08002098                HAL_GetTick
 .text.HAL_Delay
                0x080020a4       0x28 CMakeFiles/F407_Controller.elf.dir/Drivers/STM32F4xx_HAL_Driver/Src/stm32f4xx_hal.c.obj
                0x080020a4                HAL_Delay
 .text.ADC_Init
                0x080020cc      0x134 CMakeFiles/F407_Controller.elf.dir/Drivers/STM32F4xx_HAL_Driver/Src/stm32f4xx_hal_adc.c.obj
 .text.HAL_ADC_Init
                0x08002200       0x56 CMakeFiles/F407_Controller.elf.dir/Drivers/STM32F4xx_HAL_Driver/Src/stm32f4xx_hal_adc.c.obj
                0x08002200                HAL_ADC_Init
 .text.HAL_ADC_ConvHalfCpltCallback
                0x08002256        0x2 CMakeFiles/F407_Controller.elf.dir/Drivers/STM32F4xx_HAL_Driver/Src/stm32f4xx_hal_adc.c.obj
                0x08002256                HAL_ADC_ConvHalfCpltCallback
 .text.HAL_ADC_ErrorCallback
                0x08002258        0x2 CMakeFiles/F407_Controller.elf.dir/Drivers/STM32F4xx_HAL_Driver/Src/stm32f4xx_hal_adc.c.obj
                0x08002258                HAL_ADC_ErrorCallback
 *fill*         0x0800225a        0x2 
 .text.HAL_ADC_ConfigChannel
                0x0800225c      0x198 CMakeFiles/F407_Controller.elf.dir/Drivers/STM32F4xx_HAL_Driver/Src/stm32f4xx_hal_adc.c.obj
                0x0800225c                HAL_ADC_ConfigChannel
 .text.ADC_MultiModeDMAError
                0x080023f4       0x16 CMakeFiles/F407_Controller.elf.dir/Drivers/STM32F4xx_HAL_Driver/Src/stm32f4xx_hal_adc_ex.c.obj
 .text.ADC_MultiModeDMAHalfConvCplt
                0x0800240a        0xa CMakeFiles/F407_Controller.elf.dir/Drivers/STM32F4xx_HAL_Driver/Src/stm32f4xx_hal_adc_ex.c.obj
 .text.ADC_MultiModeDMAConvCplt
                0x08002414       0x62 CMakeFiles/F407_Controller.elf.dir/Drivers/STM32F4xx_HAL_Driver/Src/stm32f4xx_hal_adc_ex.c.obj
 *fill*         0x08002476        0x2 
 .text.HAL_ADCEx_MultiModeStart_DMA
                0x08002478      0x130 CMakeFiles/F407_Controller.elf.dir/Drivers/STM32F4xx_HAL_Driver/Src/stm32f4xx_hal_adc_ex.c.obj
                0x08002478                HAL_ADCEx_MultiModeStart_DMA
 .text.HAL_ADCEx_MultiModeConfigChannel
                0x080025a8       0x58 CMakeFiles/F407_Controller.elf.dir/Drivers/STM32F4xx_HAL_Driver/Src/stm32f4xx_hal_adc_ex.c.obj
                0x080025a8                HAL_ADCEx_MultiModeConfigChannel
 .text.HAL_NVIC_SetPriorityGrouping
                0x08002600       0x24 CMakeFiles/F407_Controller.elf.dir/Drivers/STM32F4xx_HAL_Driver/Src/stm32f4xx_hal_cortex.c.obj
                0x08002600                HAL_NVIC_SetPriorityGrouping
 .text.HAL_NVIC_SetPriority
                0x08002624       0x70 CMakeFiles/F407_Controller.elf.dir/Drivers/STM32F4xx_HAL_Driver/Src/stm32f4xx_hal_cortex.c.obj
                0x08002624                HAL_NVIC_SetPriority
 .text.HAL_NVIC_EnableIRQ
                0x08002694       0x1c CMakeFiles/F407_Controller.elf.dir/Drivers/STM32F4xx_HAL_Driver/Src/stm32f4xx_hal_cortex.c.obj
                0x08002694                HAL_NVIC_EnableIRQ
 .text.DMA_SetConfig
                0x080026b0       0x2c CMakeFiles/F407_Controller.elf.dir/Drivers/STM32F4xx_HAL_Driver/Src/stm32f4xx_hal_dma.c.obj
 .text.DMA_CalcBaseAndBitshift
                0x080026dc       0x44 CMakeFiles/F407_Controller.elf.dir/Drivers/STM32F4xx_HAL_Driver/Src/stm32f4xx_hal_dma.c.obj
 .text.DMA_CheckFifoParam
                0x08002720       0x8e CMakeFiles/F407_Controller.elf.dir/Drivers/STM32F4xx_HAL_Driver/Src/stm32f4xx_hal_dma.c.obj
 *fill*         0x080027ae        0x2 
 .text.HAL_DMA_Init
                0x080027b0       0xcc CMakeFiles/F407_Controller.elf.dir/Drivers/STM32F4xx_HAL_Driver/Src/stm32f4xx_hal_dma.c.obj
                0x080027b0                HAL_DMA_Init
 .text.HAL_DMA_Start_IT
                0x0800287c       0x6a CMakeFiles/F407_Controller.elf.dir/Drivers/STM32F4xx_HAL_Driver/Src/stm32f4xx_hal_dma.c.obj
                0x0800287c                HAL_DMA_Start_IT
 *fill*         0x080028e6        0x2 
 .text.HAL_DMA_IRQHandler
                0x080028e8      0x1dc CMakeFiles/F407_Controller.elf.dir/Drivers/STM32F4xx_HAL_Driver/Src/stm32f4xx_hal_dma.c.obj
                0x080028e8                HAL_DMA_IRQHandler
 .text.FLASH_Program_DoubleWord
                0x08002ac4       0x30 CMakeFiles/F407_Controller.elf.dir/Drivers/STM32F4xx_HAL_Driver/Src/stm32f4xx_hal_flash.c.obj
 .text.FLASH_Program_Word
                0x08002af4       0x24 CMakeFiles/F407_Controller.elf.dir/Drivers/STM32F4xx_HAL_Driver/Src/stm32f4xx_hal_flash.c.obj
 .text.FLASH_Program_HalfWord
                0x08002b18       0x24 CMakeFiles/F407_Controller.elf.dir/Drivers/STM32F4xx_HAL_Driver/Src/stm32f4xx_hal_flash.c.obj
 .text.FLASH_Program_Byte
                0x08002b3c       0x20 CMakeFiles/F407_Controller.elf.dir/Drivers/STM32F4xx_HAL_Driver/Src/stm32f4xx_hal_flash.c.obj
 .text.FLASH_SetErrorCode
                0x08002b5c       0x8c CMakeFiles/F407_Controller.elf.dir/Drivers/STM32F4xx_HAL_Driver/Src/stm32f4xx_hal_flash.c.obj
 .text.HAL_FLASH_Unlock
                0x08002be8       0x30 CMakeFiles/F407_Controller.elf.dir/Drivers/STM32F4xx_HAL_Driver/Src/stm32f4xx_hal_flash.c.obj
                0x08002be8                HAL_FLASH_Unlock
 .text.HAL_FLASH_Lock
                0x08002c18       0x14 CMakeFiles/F407_Controller.elf.dir/Drivers/STM32F4xx_HAL_Driver/Src/stm32f4xx_hal_flash.c.obj
                0x08002c18                HAL_FLASH_Lock
 .text.FLASH_WaitForLastOperation
                0x08002c2c       0x60 CMakeFiles/F407_Controller.elf.dir/Drivers/STM32F4xx_HAL_Driver/Src/stm32f4xx_hal_flash.c.obj
                0x08002c2c                FLASH_WaitForLastOperation
 .text.HAL_FLASH_Program
                0x08002c8c       0x7c CMakeFiles/F407_Controller.elf.dir/Drivers/STM32F4xx_HAL_Driver/Src/stm32f4xx_hal_flash.c.obj
                0x08002c8c                HAL_FLASH_Program
 .text.FLASH_MassErase
                0x08002d08       0x24 CMakeFiles/F407_Controller.elf.dir/Drivers/STM32F4xx_HAL_Driver/Src/stm32f4xx_hal_flash_ex.c.obj
 .text.FLASH_Erase_Sector
                0x08002d2c       0x54 CMakeFiles/F407_Controller.elf.dir/Drivers/STM32F4xx_HAL_Driver/Src/stm32f4xx_hal_flash_ex.c.obj
                0x08002d2c                FLASH_Erase_Sector
 .text.FLASH_FlushCaches
                0x08002d80       0x60 CMakeFiles/F407_Controller.elf.dir/Drivers/STM32F4xx_HAL_Driver/Src/stm32f4xx_hal_flash_ex.c.obj
                0x08002d80                FLASH_FlushCaches
 .text.HAL_FLASHEx_Erase
                0x08002de0       0x94 CMakeFiles/F407_Controller.elf.dir/Drivers/STM32F4xx_HAL_Driver/Src/stm32f4xx_hal_flash_ex.c.obj
                0x08002de0                HAL_FLASHEx_Erase
 .text.HAL_GPIO_Init
                0x08002e74      0x1e4 CMakeFiles/F407_Controller.elf.dir/Drivers/STM32F4xx_HAL_Driver/Src/stm32f4xx_hal_gpio.c.obj
                0x08002e74                HAL_GPIO_Init
 .text.HAL_GPIO_ReadPin
                0x08003058        0xe CMakeFiles/F407_Controller.elf.dir/Drivers/STM32F4xx_HAL_Driver/Src/stm32f4xx_hal_gpio.c.obj
                0x08003058                HAL_GPIO_ReadPin
 .text.HAL_GPIO_WritePin
                0x08003066        0xc CMakeFiles/F407_Controller.elf.dir/Drivers/STM32F4xx_HAL_Driver/Src/stm32f4xx_hal_gpio.c.obj
                0x08003066                HAL_GPIO_WritePin
 *fill*         0x08003072        0x2 
 .text.HAL_GPIO_EXTI_IRQHandler
                0x08003074       0x1c CMakeFiles/F407_Controller.elf.dir/Drivers/STM32F4xx_HAL_Driver/Src/stm32f4xx_hal_gpio.c.obj
                0x08003074                HAL_GPIO_EXTI_IRQHandler
 .text.HAL_RCC_OscConfig
                0x08003090      0x3f8 CMakeFiles/F407_Controller.elf.dir/Drivers/STM32F4xx_HAL_Driver/Src/stm32f4xx_hal_rcc.c.obj
                0x08003090                HAL_RCC_OscConfig
 .text.HAL_RCC_GetSysClockFreq
                0x08003488       0xa4 CMakeFiles/F407_Controller.elf.dir/Drivers/STM32F4xx_HAL_Driver/Src/stm32f4xx_hal_rcc.c.obj
                0x08003488                HAL_RCC_GetSysClockFreq
 .text.HAL_RCC_ClockConfig
                0x0800352c      0x160 CMakeFiles/F407_Controller.elf.dir/Drivers/STM32F4xx_HAL_Driver/Src/stm32f4xx_hal_rcc.c.obj
                0x0800352c                HAL_RCC_ClockConfig
 .text.HAL_RCC_GetHCLKFreq
                0x0800368c        0xc CMakeFiles/F407_Controller.elf.dir/Drivers/STM32F4xx_HAL_Driver/Src/stm32f4xx_hal_rcc.c.obj
                0x0800368c                HAL_RCC_GetHCLKFreq
 .text.HAL_RCC_GetPCLK1Freq
                0x08003698       0x20 CMakeFiles/F407_Controller.elf.dir/Drivers/STM32F4xx_HAL_Driver/Src/stm32f4xx_hal_rcc.c.obj
                0x08003698                HAL_RCC_GetPCLK1Freq
 .text.HAL_RCC_GetClockConfig
                0x080036b8       0x3c CMakeFiles/F407_Controller.elf.dir/Drivers/STM32F4xx_HAL_Driver/Src/stm32f4xx_hal_rcc.c.obj
                0x080036b8                HAL_RCC_GetClockConfig
 .text.SPI_WaitFlagStateUntilTimeout
                0x080036f4       0xd4 CMakeFiles/F407_Controller.elf.dir/Drivers/STM32F4xx_HAL_Driver/Src/stm32f4xx_hal_spi.c.obj
 .text.SPI_EndRxTxTransaction
                0x080037c8       0x80 CMakeFiles/F407_Controller.elf.dir/Drivers/STM32F4xx_HAL_Driver/Src/stm32f4xx_hal_spi.c.obj
 .text.SPI_EndRxTransaction
                0x08003848       0x8c CMakeFiles/F407_Controller.elf.dir/Drivers/STM32F4xx_HAL_Driver/Src/stm32f4xx_hal_spi.c.obj
 .text.HAL_SPI_Init
                0x080038d4       0xbe CMakeFiles/F407_Controller.elf.dir/Drivers/STM32F4xx_HAL_Driver/Src/stm32f4xx_hal_spi.c.obj
                0x080038d4                HAL_SPI_Init
 .text.HAL_SPI_Transmit
                0x08003992      0x1b8 CMakeFiles/F407_Controller.elf.dir/Drivers/STM32F4xx_HAL_Driver/Src/stm32f4xx_hal_spi.c.obj
                0x08003992                HAL_SPI_Transmit
 .text.HAL_SPI_TransmitReceive
                0x08003b4a      0x244 CMakeFiles/F407_Controller.elf.dir/Drivers/STM32F4xx_HAL_Driver/Src/stm32f4xx_hal_spi.c.obj
                0x08003b4a                HAL_SPI_TransmitReceive
 .text.HAL_SPI_Receive
                0x08003d8e      0x17e CMakeFiles/F407_Controller.elf.dir/Drivers/STM32F4xx_HAL_Driver/Src/stm32f4xx_hal_spi.c.obj
                0x08003d8e                HAL_SPI_Receive
 .text.TIM_TI1_ConfigInputStage
                0x08003f0c       0x26 CMakeFiles/F407_Controller.elf.dir/Drivers/STM32F4xx_HAL_Driver/Src/stm32f4xx_hal_tim.c.obj
 .text.TIM_TI2_ConfigInputStage
                0x08003f32       0x28 CMakeFiles/F407_Controller.elf.dir/Drivers/STM32F4xx_HAL_Driver/Src/stm32f4xx_hal_tim.c.obj
 .text.TIM_ITRx_SetConfig
                0x08003f5a       0x10 CMakeFiles/F407_Controller.elf.dir/Drivers/STM32F4xx_HAL_Driver/Src/stm32f4xx_hal_tim.c.obj
 *fill*         0x08003f6a        0x2 
 .text.HAL_TIM_Base_Start
                0x08003f6c       0x7c CMakeFiles/F407_Controller.elf.dir/Drivers/STM32F4xx_HAL_Driver/Src/stm32f4xx_hal_tim.c.obj
                0x08003f6c                HAL_TIM_Base_Start
 .text.HAL_TIM_Base_Start_IT
                0x08003fe8       0x88 CMakeFiles/F407_Controller.elf.dir/Drivers/STM32F4xx_HAL_Driver/Src/stm32f4xx_hal_tim.c.obj
                0x08003fe8                HAL_TIM_Base_Start_IT
 .text.HAL_TIM_OC_DelayElapsedCallback
                0x08004070        0x2 CMakeFiles/F407_Controller.elf.dir/Drivers/STM32F4xx_HAL_Driver/Src/stm32f4xx_hal_tim.c.obj
                0x08004070                HAL_TIM_OC_DelayElapsedCallback
 .text.HAL_TIM_IC_CaptureCallback
                0x08004072        0x2 CMakeFiles/F407_Controller.elf.dir/Drivers/STM32F4xx_HAL_Driver/Src/stm32f4xx_hal_tim.c.obj
                0x08004072                HAL_TIM_IC_CaptureCallback
 .text.HAL_TIM_PWM_PulseFinishedCallback
                0x08004074        0x2 CMakeFiles/F407_Controller.elf.dir/Drivers/STM32F4xx_HAL_Driver/Src/stm32f4xx_hal_tim.c.obj
                0x08004074                HAL_TIM_PWM_PulseFinishedCallback
 .text.HAL_TIM_TriggerCallback
                0x08004076        0x2 CMakeFiles/F407_Controller.elf.dir/Drivers/STM32F4xx_HAL_Driver/Src/stm32f4xx_hal_tim.c.obj
                0x08004076                HAL_TIM_TriggerCallback
 .text.HAL_TIM_IRQHandler
                0x08004078      0x15e CMakeFiles/F407_Controller.elf.dir/Drivers/STM32F4xx_HAL_Driver/Src/stm32f4xx_hal_tim.c.obj
                0x08004078                HAL_TIM_IRQHandler
 *fill*         0x080041d6        0x2 
 .text.TIM_Base_SetConfig
                0x080041d8       0xd8 CMakeFiles/F407_Controller.elf.dir/Drivers/STM32F4xx_HAL_Driver/Src/stm32f4xx_hal_tim.c.obj
                0x080041d8                TIM_Base_SetConfig
 .text.HAL_TIM_Base_Init
                0x080042b0       0x58 CMakeFiles/F407_Controller.elf.dir/Drivers/STM32F4xx_HAL_Driver/Src/stm32f4xx_hal_tim.c.obj
                0x080042b0                HAL_TIM_Base_Init
 .text.TIM_ETR_SetConfig
                0x08004308       0x1a CMakeFiles/F407_Controller.elf.dir/Drivers/STM32F4xx_HAL_Driver/Src/stm32f4xx_hal_tim.c.obj
                0x08004308                TIM_ETR_SetConfig
 .text.HAL_TIM_ConfigClockSource
                0x08004322       0xfe CMakeFiles/F407_Controller.elf.dir/Drivers/STM32F4xx_HAL_Driver/Src/stm32f4xx_hal_tim.c.obj
                0x08004322                HAL_TIM_ConfigClockSource
 .text.HAL_TIMEx_MasterConfigSynchronization
                0x08004420       0x8c CMakeFiles/F407_Controller.elf.dir/Drivers/STM32F4xx_HAL_Driver/Src/stm32f4xx_hal_tim_ex.c.obj
                0x08004420                HAL_TIMEx_MasterConfigSynchronization
 .text.HAL_TIMEx_CommutCallback
                0x080044ac        0x2 CMakeFiles/F407_Controller.elf.dir/Drivers/STM32F4xx_HAL_Driver/Src/stm32f4xx_hal_tim_ex.c.obj
                0x080044ac                HAL_TIMEx_CommutCallback
 .text.HAL_TIMEx_BreakCallback
                0x080044ae        0x2 CMakeFiles/F407_Controller.elf.dir/Drivers/STM32F4xx_HAL_Driver/Src/stm32f4xx_hal_tim_ex.c.obj
                0x080044ae                HAL_TIMEx_BreakCallback
 .text.SysTick_Handler
                0x080044b0       0x18 CMakeFiles/F407_Controller.elf.dir/Middlewares/Third_Party/FreeRTOS/Source/CMSIS_RTOS_V2/cmsis_os2.c.obj
                0x080044b0                SysTick_Handler
 .text.osKernelInitialize
                0x080044c8       0x24 CMakeFiles/F407_Controller.elf.dir/Middlewares/Third_Party/FreeRTOS/Source/CMSIS_RTOS_V2/cmsis_os2.c.obj
                0x080044c8                osKernelInitialize
 .text.osKernelStart
                0x080044ec       0x38 CMakeFiles/F407_Controller.elf.dir/Middlewares/Third_Party/FreeRTOS/Source/CMSIS_RTOS_V2/cmsis_os2.c.obj
                0x080044ec                osKernelStart
 .text.osThreadNew
                0x08004524       0xbc CMakeFiles/F407_Controller.elf.dir/Middlewares/Third_Party/FreeRTOS/Source/CMSIS_RTOS_V2/cmsis_os2.c.obj
                0x08004524                osThreadNew
 .text.osSemaphoreNew
                0x080045e0       0xb4 CMakeFiles/F407_Controller.elf.dir/Middlewares/Third_Party/FreeRTOS/Source/CMSIS_RTOS_V2/cmsis_os2.c.obj
                0x080045e0                osSemaphoreNew
 .text.vApplicationGetIdleTaskMemory
                0x08004694       0x18 CMakeFiles/F407_Controller.elf.dir/Middlewares/Third_Party/FreeRTOS/Source/CMSIS_RTOS_V2/cmsis_os2.c.obj
                0x08004694                vApplicationGetIdleTaskMemory
 .text.vApplicationGetTimerTaskMemory
                0x080046ac       0x18 CMakeFiles/F407_Controller.elf.dir/Middlewares/Third_Party/FreeRTOS/Source/CMSIS_RTOS_V2/cmsis_os2.c.obj
                0x080046ac                vApplicationGetTimerTaskMemory
 .text.vListInitialise
                0x080046c4       0x16 CMakeFiles/F407_Controller.elf.dir/Middlewares/Third_Party/FreeRTOS/Source/list.c.obj
                0x080046c4                vListInitialise
 .text.vListInitialiseItem
                0x080046da        0x6 CMakeFiles/F407_Controller.elf.dir/Middlewares/Third_Party/FreeRTOS/Source/list.c.obj
                0x080046da                vListInitialiseItem
 .text.vListInsertEnd
                0x080046e0       0x16 CMakeFiles/F407_Controller.elf.dir/Middlewares/Third_Party/FreeRTOS/Source/list.c.obj
                0x080046e0                vListInsertEnd
 .text.vListInsert
                0x080046f6       0x32 CMakeFiles/F407_Controller.elf.dir/Middlewares/Third_Party/FreeRTOS/Source/list.c.obj
                0x080046f6                vListInsert
 .text.uxListRemove
                0x08004728       0x26 CMakeFiles/F407_Controller.elf.dir/Middlewares/Third_Party/FreeRTOS/Source/list.c.obj
                0x08004728                uxListRemove
 *fill*         0x0800474e        0x2 
 .text.prvTaskExitError
                0x08004750       0x40 CMakeFiles/F407_Controller.elf.dir/Middlewares/Third_Party/FreeRTOS/Source/portable/GCC/ARM_CM4F/port.c.obj
 .text.prvPortStartFirstTask
                0x08004790       0x28 CMakeFiles/F407_Controller.elf.dir/Middlewares/Third_Party/FreeRTOS/Source/portable/GCC/ARM_CM4F/port.c.obj
 .text.vPortEnableVFP
                0x080047b8       0x14 CMakeFiles/F407_Controller.elf.dir/Middlewares/Third_Party/FreeRTOS/Source/portable/GCC/ARM_CM4F/port.c.obj
 .text.pxPortInitialiseStack
                0x080047cc       0x2c CMakeFiles/F407_Controller.elf.dir/Middlewares/Third_Party/FreeRTOS/Source/portable/GCC/ARM_CM4F/port.c.obj
                0x080047cc                pxPortInitialiseStack
 *fill*         0x080047f8        0x8 
 .text.SVC_Handler
                0x08004800       0x24 CMakeFiles/F407_Controller.elf.dir/Middlewares/Third_Party/FreeRTOS/Source/portable/GCC/ARM_CM4F/port.c.obj
                0x08004800                SVC_Handler
 .text.vPortEnterCritical
                0x08004824       0x44 CMakeFiles/F407_Controller.elf.dir/Middlewares/Third_Party/FreeRTOS/Source/portable/GCC/ARM_CM4F/port.c.obj
                0x08004824                vPortEnterCritical
 .text.vPortExitCritical
                0x08004868       0x2c CMakeFiles/F407_Controller.elf.dir/Middlewares/Third_Party/FreeRTOS/Source/portable/GCC/ARM_CM4F/port.c.obj
                0x08004868                vPortExitCritical
 *fill*         0x08004894        0xc 
 .text.PendSV_Handler
                0x080048a0       0x64 CMakeFiles/F407_Controller.elf.dir/Middlewares/Third_Party/FreeRTOS/Source/portable/GCC/ARM_CM4F/port.c.obj
                0x080048a0                PendSV_Handler
 .text.xPortSysTickHandler
                0x08004904       0x2c CMakeFiles/F407_Controller.elf.dir/Middlewares/Third_Party/FreeRTOS/Source/portable/GCC/ARM_CM4F/port.c.obj
                0x08004904                xPortSysTickHandler
 .text.vPortSetupTimerInterrupt
                0x08004930       0x28 CMakeFiles/F407_Controller.elf.dir/Middlewares/Third_Party/FreeRTOS/Source/portable/GCC/ARM_CM4F/port.c.obj
                0x08004930                vPortSetupTimerInterrupt
 .text.xPortStartScheduler
                0x08004958      0x118 CMakeFiles/F407_Controller.elf.dir/Middlewares/Third_Party/FreeRTOS/Source/portable/GCC/ARM_CM4F/port.c.obj
                0x08004958                xPortStartScheduler
 .text.vPortValidateInterruptPriority
                0x08004a70       0x5c CMakeFiles/F407_Controller.elf.dir/Middlewares/Third_Party/FreeRTOS/Source/portable/GCC/ARM_CM4F/port.c.obj
                0x08004a70                vPortValidateInterruptPriority
 .text.prvHeapInit
                0x08004acc       0x64 CMakeFiles/F407_Controller.elf.dir/Middlewares/Third_Party/FreeRTOS/Source/portable/MemMang/heap_4.c.obj
 .text.prvInsertBlockIntoFreeList
                0x08004b30       0x64 CMakeFiles/F407_Controller.elf.dir/Middlewares/Third_Party/FreeRTOS/Source/portable/MemMang/heap_4.c.obj
 .text.pvPortMalloc
                0x08004b94       0xfc CMakeFiles/F407_Controller.elf.dir/Middlewares/Third_Party/FreeRTOS/Source/portable/MemMang/heap_4.c.obj
                0x08004b94                pvPortMalloc
 .text.vPortFree
                0x08004c90       0x7c CMakeFiles/F407_Controller.elf.dir/Middlewares/Third_Party/FreeRTOS/Source/portable/MemMang/heap_4.c.obj
                0x08004c90                vPortFree
 .text.prvGetDisinheritPriorityAfterTimeout
                0x08004d0c       0x10 CMakeFiles/F407_Controller.elf.dir/Middlewares/Third_Party/FreeRTOS/Source/queue.c.obj
 .text.prvIsQueueFull
                0x08004d1c       0x1e CMakeFiles/F407_Controller.elf.dir/Middlewares/Third_Party/FreeRTOS/Source/queue.c.obj
 .text.prvIsQueueEmpty
                0x08004d3a       0x1a CMakeFiles/F407_Controller.elf.dir/Middlewares/Third_Party/FreeRTOS/Source/queue.c.obj
 .text.prvCopyDataToQueue
                0x08004d54       0x76 CMakeFiles/F407_Controller.elf.dir/Middlewares/Third_Party/FreeRTOS/Source/queue.c.obj
 .text.prvCopyDataFromQueue
                0x08004dca       0x24 CMakeFiles/F407_Controller.elf.dir/Middlewares/Third_Party/FreeRTOS/Source/queue.c.obj
 .text.prvUnlockQueue
                0x08004dee       0x6e CMakeFiles/F407_Controller.elf.dir/Middlewares/Third_Party/FreeRTOS/Source/queue.c.obj
 .text.xQueueGenericReset
                0x08004e5c       0x84 CMakeFiles/F407_Controller.elf.dir/Middlewares/Third_Party/FreeRTOS/Source/queue.c.obj
                0x08004e5c                xQueueGenericReset
 .text.prvInitialiseNewQueue
                0x08004ee0       0x22 CMakeFiles/F407_Controller.elf.dir/Middlewares/Third_Party/FreeRTOS/Source/queue.c.obj
 .text.xQueueGenericCreateStatic
                0x08004f02       0x94 CMakeFiles/F407_Controller.elf.dir/Middlewares/Third_Party/FreeRTOS/Source/queue.c.obj
                0x08004f02                xQueueGenericCreateStatic
 .text.xQueueGenericCreate
                0x08004f96       0x48 CMakeFiles/F407_Controller.elf.dir/Middlewares/Third_Party/FreeRTOS/Source/queue.c.obj
                0x08004f96                xQueueGenericCreate
 .text.xQueueCreateCountingSemaphoreStatic
                0x08004fde       0x46 CMakeFiles/F407_Controller.elf.dir/Middlewares/Third_Party/FreeRTOS/Source/queue.c.obj
                0x08004fde                xQueueCreateCountingSemaphoreStatic
 .text.xQueueCreateCountingSemaphore
                0x08005024       0x3c CMakeFiles/F407_Controller.elf.dir/Middlewares/Third_Party/FreeRTOS/Source/queue.c.obj
                0x08005024                xQueueCreateCountingSemaphore
 .text.xQueueGenericSend
                0x08005060      0x188 CMakeFiles/F407_Controller.elf.dir/Middlewares/Third_Party/FreeRTOS/Source/queue.c.obj
                0x08005060                xQueueGenericSend
 .text.xQueueGenericSendFromISR
                0x080051e8       0xce CMakeFiles/F407_Controller.elf.dir/Middlewares/Third_Party/FreeRTOS/Source/queue.c.obj
                0x080051e8                xQueueGenericSendFromISR
 .text.xQueueGiveFromISR
                0x080052b6       0xb2 CMakeFiles/F407_Controller.elf.dir/Middlewares/Third_Party/FreeRTOS/Source/queue.c.obj
                0x080052b6                xQueueGiveFromISR
 .text.xQueueReceive
                0x08005368      0x15e CMakeFiles/F407_Controller.elf.dir/Middlewares/Third_Party/FreeRTOS/Source/queue.c.obj
                0x08005368                xQueueReceive
 .text.xQueueSemaphoreTake
                0x080054c6      0x1a6 CMakeFiles/F407_Controller.elf.dir/Middlewares/Third_Party/FreeRTOS/Source/queue.c.obj
                0x080054c6                xQueueSemaphoreTake
 .text.vQueueAddToRegistry
                0x0800566c       0x28 CMakeFiles/F407_Controller.elf.dir/Middlewares/Third_Party/FreeRTOS/Source/queue.c.obj
                0x0800566c                vQueueAddToRegistry
 .text.vQueueUnregisterQueue
                0x08005694       0x2c CMakeFiles/F407_Controller.elf.dir/Middlewares/Third_Party/FreeRTOS/Source/queue.c.obj
                0x08005694                vQueueUnregisterQueue
 .text.vQueueDelete
                0x080056c0       0x2c CMakeFiles/F407_Controller.elf.dir/Middlewares/Third_Party/FreeRTOS/Source/queue.c.obj
                0x080056c0                vQueueDelete
 .text.vQueueWaitForMessageRestricted
                0x080056ec       0x52 CMakeFiles/F407_Controller.elf.dir/Middlewares/Third_Party/FreeRTOS/Source/queue.c.obj
                0x080056ec                vQueueWaitForMessageRestricted
 *fill*         0x0800573e        0x2 
 .text.prvResetNextTaskUnblockTime
                0x08005740       0x2c CMakeFiles/F407_Controller.elf.dir/Middlewares/Third_Party/FreeRTOS/Source/tasks.c.obj
 .text.prvInitialiseNewTask
                0x0800576c       0xa6 CMakeFiles/F407_Controller.elf.dir/Middlewares/Third_Party/FreeRTOS/Source/tasks.c.obj
 *fill*         0x08005812        0x2 
 .text.prvInitialiseTaskLists
                0x08005814       0x68 CMakeFiles/F407_Controller.elf.dir/Middlewares/Third_Party/FreeRTOS/Source/tasks.c.obj
 .text.prvAddNewTaskToReadyList
                0x0800587c       0xac CMakeFiles/F407_Controller.elf.dir/Middlewares/Third_Party/FreeRTOS/Source/tasks.c.obj
 .text.prvDeleteTCB
                0x08005928       0x38 CMakeFiles/F407_Controller.elf.dir/Middlewares/Third_Party/FreeRTOS/Source/tasks.c.obj
 .text.prvCheckTasksWaitingTermination
                0x08005960       0x4c CMakeFiles/F407_Controller.elf.dir/Middlewares/Third_Party/FreeRTOS/Source/tasks.c.obj
 .text.prvIdleTask
                0x080059ac       0x28 CMakeFiles/F407_Controller.elf.dir/Middlewares/Third_Party/FreeRTOS/Source/tasks.c.obj
 .text.prvAddCurrentTaskToDelayedList
                0x080059d4       0x7c CMakeFiles/F407_Controller.elf.dir/Middlewares/Third_Party/FreeRTOS/Source/tasks.c.obj
 .text.xTaskCreateStatic
                0x08005a50       0x76 CMakeFiles/F407_Controller.elf.dir/Middlewares/Third_Party/FreeRTOS/Source/tasks.c.obj
                0x08005a50                xTaskCreateStatic
 .text.xTaskCreate
                0x08005ac6       0x68 CMakeFiles/F407_Controller.elf.dir/Middlewares/Third_Party/FreeRTOS/Source/tasks.c.obj
                0x08005ac6                xTaskCreate
 *fill*         0x08005b2e        0x2 
 .text.vTaskStartScheduler
                0x08005b30       0x9c CMakeFiles/F407_Controller.elf.dir/Middlewares/Third_Party/FreeRTOS/Source/tasks.c.obj
                0x08005b30                vTaskStartScheduler
 .text.vTaskSuspendAll
                0x08005bcc       0x10 CMakeFiles/F407_Controller.elf.dir/Middlewares/Third_Party/FreeRTOS/Source/tasks.c.obj
                0x08005bcc                vTaskSuspendAll
 .text.xTaskGetTickCount
                0x08005bdc        0xc CMakeFiles/F407_Controller.elf.dir/Middlewares/Third_Party/FreeRTOS/Source/tasks.c.obj
                0x08005bdc                xTaskGetTickCount
 .text.xTaskIncrementTick
                0x08005be8      0x118 CMakeFiles/F407_Controller.elf.dir/Middlewares/Third_Party/FreeRTOS/Source/tasks.c.obj
                0x08005be8                xTaskIncrementTick
 .text.xTaskResumeAll
                0x08005d00       0xf8 CMakeFiles/F407_Controller.elf.dir/Middlewares/Third_Party/FreeRTOS/Source/tasks.c.obj
                0x08005d00                xTaskResumeAll
 .text.vTaskDelay
                0x08005df8       0x4c CMakeFiles/F407_Controller.elf.dir/Middlewares/Third_Party/FreeRTOS/Source/tasks.c.obj
                0x08005df8                vTaskDelay
 .text.vTaskSwitchContext
                0x08005e44       0x94 CMakeFiles/F407_Controller.elf.dir/Middlewares/Third_Party/FreeRTOS/Source/tasks.c.obj
                0x08005e44                vTaskSwitchContext
 .text.vTaskPlaceOnEventList
                0x08005ed8       0x30 CMakeFiles/F407_Controller.elf.dir/Middlewares/Third_Party/FreeRTOS/Source/tasks.c.obj
                0x08005ed8                vTaskPlaceOnEventList
 .text.vTaskPlaceOnEventListRestricted
                0x08005f08       0x38 CMakeFiles/F407_Controller.elf.dir/Middlewares/Third_Party/FreeRTOS/Source/tasks.c.obj
                0x08005f08                vTaskPlaceOnEventListRestricted
 .text.xTaskRemoveFromEventList
                0x08005f40       0x8c CMakeFiles/F407_Controller.elf.dir/Middlewares/Third_Party/FreeRTOS/Source/tasks.c.obj
                0x08005f40                xTaskRemoveFromEventList
 .text.vTaskInternalSetTimeOutState
                0x08005fcc       0x18 CMakeFiles/F407_Controller.elf.dir/Middlewares/Third_Party/FreeRTOS/Source/tasks.c.obj
                0x08005fcc                vTaskInternalSetTimeOutState
 .text.xTaskCheckForTimeOut
                0x08005fe4       0x84 CMakeFiles/F407_Controller.elf.dir/Middlewares/Third_Party/FreeRTOS/Source/tasks.c.obj
                0x08005fe4                xTaskCheckForTimeOut
 .text.vTaskMissedYield
                0x08006068        0xc CMakeFiles/F407_Controller.elf.dir/Middlewares/Third_Party/FreeRTOS/Source/tasks.c.obj
                0x08006068                vTaskMissedYield
 .text.xTaskGetSchedulerState
                0x08006074       0x20 CMakeFiles/F407_Controller.elf.dir/Middlewares/Third_Party/FreeRTOS/Source/tasks.c.obj
                0x08006074                xTaskGetSchedulerState
 .text.xTaskPriorityInherit
                0x08006094       0x98 CMakeFiles/F407_Controller.elf.dir/Middlewares/Third_Party/FreeRTOS/Source/tasks.c.obj
                0x08006094                xTaskPriorityInherit
 .text.xTaskPriorityDisinherit
                0x0800612c       0x90 CMakeFiles/F407_Controller.elf.dir/Middlewares/Third_Party/FreeRTOS/Source/tasks.c.obj
                0x0800612c                xTaskPriorityDisinherit
 .text.vTaskPriorityDisinheritAfterTimeout
                0x080061bc       0xa0 CMakeFiles/F407_Controller.elf.dir/Middlewares/Third_Party/FreeRTOS/Source/tasks.c.obj
                0x080061bc                vTaskPriorityDisinheritAfterTimeout
 .text.pvTaskIncrementMutexHeldCount
                0x0800625c       0x1c CMakeFiles/F407_Controller.elf.dir/Middlewares/Third_Party/FreeRTOS/Source/tasks.c.obj
                0x0800625c                pvTaskIncrementMutexHeldCount
 .text.prvGetNextExpireTime
                0x08006278       0x20 CMakeFiles/F407_Controller.elf.dir/Middlewares/Third_Party/FreeRTOS/Source/timers.c.obj
 .text.prvInsertTimerInActiveList
                0x08006298       0x48 CMakeFiles/F407_Controller.elf.dir/Middlewares/Third_Party/FreeRTOS/Source/timers.c.obj
 .text.prvCheckForValidListAndQueue
                0x080062e0       0x70 CMakeFiles/F407_Controller.elf.dir/Middlewares/Third_Party/FreeRTOS/Source/timers.c.obj
 .text.xTimerCreateTimerTask
                0x08006350       0x64 CMakeFiles/F407_Controller.elf.dir/Middlewares/Third_Party/FreeRTOS/Source/timers.c.obj
                0x08006350                xTimerCreateTimerTask
 .text.xTimerGenericCommand
                0x080063b4       0x6c CMakeFiles/F407_Controller.elf.dir/Middlewares/Third_Party/FreeRTOS/Source/timers.c.obj
                0x080063b4                xTimerGenericCommand
 .text.prvSwitchTimerLists
                0x08006420       0x7c CMakeFiles/F407_Controller.elf.dir/Middlewares/Third_Party/FreeRTOS/Source/timers.c.obj
 .text.prvSampleTimeNow
                0x0800649c       0x2c CMakeFiles/F407_Controller.elf.dir/Middlewares/Third_Party/FreeRTOS/Source/timers.c.obj
 .text.prvProcessExpiredTimer
                0x080064c8       0x6c CMakeFiles/F407_Controller.elf.dir/Middlewares/Third_Party/FreeRTOS/Source/timers.c.obj
 .text.prvProcessTimerOrBlockTask
                0x08006534       0x74 CMakeFiles/F407_Controller.elf.dir/Middlewares/Third_Party/FreeRTOS/Source/timers.c.obj
 .text.prvProcessReceivedCommands
                0x080065a8      0x10c CMakeFiles/F407_Controller.elf.dir/Middlewares/Third_Party/FreeRTOS/Source/timers.c.obj
 .text.prvTimerTask
                0x080066b4       0x16 CMakeFiles/F407_Controller.elf.dir/Middlewares/Third_Party/FreeRTOS/Source/timers.c.obj
 *fill*         0x080066ca        0x2 
 .text.__libc_init_array
                0x080066cc       0x48 c:/progra~1/gcc-ar~1.10/bin/../lib/gcc/arm-none-eabi/10.3.1/../../../../arm-none-eabi/lib/thumb/v7e-m+fp/hard\libg.a(lib_a-init.o)
                0x080066cc                __libc_init_array
 .text.memset   0x08006714       0xa4 c:/progra~1/gcc-ar~1.10/bin/../lib/gcc/arm-none-eabi/10.3.1/../../../../arm-none-eabi/lib/thumb/v7e-m+fp/hard\libg.a(lib_a-memset.o)
                0x08006714                memset
 .text.startup.register_fini
                0x080067b8       0x14 c:/progra~1/gcc-ar~1.10/bin/../lib/gcc/arm-none-eabi/10.3.1/../../../../arm-none-eabi/lib/thumb/v7e-m+fp/hard\libg.a(lib_a-__call_atexit.o)
 .text.atexit   0x080067cc        0xc c:/progra~1/gcc-ar~1.10/bin/../lib/gcc/arm-none-eabi/10.3.1/../../../../arm-none-eabi/lib/thumb/v7e-m+fp/hard\libg.a(lib_a-atexit.o)
                0x080067cc                atexit
 .text.__libc_fini_array
                0x080067d8       0x2c c:/progra~1/gcc-ar~1.10/bin/../lib/gcc/arm-none-eabi/10.3.1/../../../../arm-none-eabi/lib/thumb/v7e-m+fp/hard\libg.a(lib_a-fini.o)
                0x080067d8                __libc_fini_array
 .text.__retarget_lock_acquire_recursive
                0x08006804        0x4 c:/progra~1/gcc-ar~1.10/bin/../lib/gcc/arm-none-eabi/10.3.1/../../../../arm-none-eabi/lib/thumb/v7e-m+fp/hard\libg.a(lib_a-lock.o)
                0x08006804                __retarget_lock_acquire_recursive
 .text.__retarget_lock_release_recursive
                0x08006808        0x4 c:/progra~1/gcc-ar~1.10/bin/../lib/gcc/arm-none-eabi/10.3.1/../../../../arm-none-eabi/lib/thumb/v7e-m+fp/hard\libg.a(lib_a-lock.o)
                0x08006808                __retarget_lock_release_recursive
 .text.__register_exitproc
                0x0800680c       0x8c c:/progra~1/gcc-ar~1.10/bin/../lib/gcc/arm-none-eabi/10.3.1/../../../../arm-none-eabi/lib/thumb/v7e-m+fp/hard\libg.a(lib_a-__atexit.o)
                0x0800680c                __register_exitproc
 *(.glue_7)
 .glue_7        0x08006898        0x0 linker stubs
 *(.glue_7t)
 .glue_7t       0x08006898        0x0 linker stubs
 *(.eh_frame)
 .eh_frame      0x08006898        0x0 c:/progra~1/gcc-ar~1.10/bin/../lib/gcc/arm-none-eabi/10.3.1/thumb/v7e-m+fp/hard/crtbegin.o
 *(.init)
 .init          0x08006898        0x4 c:/progra~1/gcc-ar~1.10/bin/../lib/gcc/arm-none-eabi/10.3.1/thumb/v7e-m+fp/hard/crti.o
                0x08006898                _init
 .init          0x0800689c        0x8 c:/progra~1/gcc-ar~1.10/bin/../lib/gcc/arm-none-eabi/10.3.1/thumb/v7e-m+fp/hard/crtn.o
 *(.fini)
 .fini          0x080068a4        0x4 c:/progra~1/gcc-ar~1.10/bin/../lib/gcc/arm-none-eabi/10.3.1/thumb/v7e-m+fp/hard/crti.o
                0x080068a4                _fini
 .fini          0x080068a8        0x8 c:/progra~1/gcc-ar~1.10/bin/../lib/gcc/arm-none-eabi/10.3.1/thumb/v7e-m+fp/hard/crtn.o
                0x080068b0                . = ALIGN (0x4)
                0x080068b0                _etext = .

.vfp11_veneer   0x080068b0        0x0
 .vfp11_veneer  0x080068b0        0x0 linker stubs

.v4_bx          0x080068b0        0x0
 .v4_bx         0x080068b0        0x0 linker stubs

.iplt           0x080068b0        0x0
 .iplt          0x080068b0        0x0 c:/progra~1/gcc-ar~1.10/bin/../lib/gcc/arm-none-eabi/10.3.1/thumb/v7e-m+fp/hard/crtbegin.o

.rodata         0x080068b0      0x12c
                0x080068b0                . = ALIGN (0x4)
 *(.rodata)
 *(.rodata*)
 .rodata.str1.4
                0x080068b0       0x2d CMakeFiles/F407_Controller.elf.dir/Core/Src/freertos.c.obj
 *fill*         0x080068dd        0x3 
 .rodata.BinSem_DataReady_attributes
                0x080068e0       0x10 CMakeFiles/F407_Controller.elf.dir/Core/Src/freertos.c.obj
                0x080068e0                BinSem_DataReady_attributes
 .rodata.NRFSem_Tx_attributes
                0x080068f0       0x10 CMakeFiles/F407_Controller.elf.dir/Core/Src/freertos.c.obj
                0x080068f0                NRFSem_Tx_attributes
 .rodata.adc_attributes
                0x08006900       0x24 CMakeFiles/F407_Controller.elf.dir/Core/Src/freertos.c.obj
                0x08006900                adc_attributes
 .rodata.gImage_demo2
                0x08006924       0x32 CMakeFiles/F407_Controller.elf.dir/Core/Src/freertos.c.obj
                0x08006924                gImage_demo2
 *fill*         0x08006956        0x2 
 .rodata.lcd_attributes
                0x08006958       0x24 CMakeFiles/F407_Controller.elf.dir/Core/Src/freertos.c.obj
                0x08006958                lcd_attributes
 .rodata.main_attributes
                0x0800697c       0x24 CMakeFiles/F407_Controller.elf.dir/Core/Src/freertos.c.obj
                0x0800697c                main_attributes
 .rodata.AHBPrescTable
                0x080069a0       0x10 CMakeFiles/F407_Controller.elf.dir/Core/Src/system_stm32f4xx.c.obj
                0x080069a0                AHBPrescTable
 .rodata.APBPrescTable
                0x080069b0        0x8 CMakeFiles/F407_Controller.elf.dir/Core/Src/system_stm32f4xx.c.obj
                0x080069b0                APBPrescTable
 .rodata.flagBitshiftOffset.0
                0x080069b8        0x8 CMakeFiles/F407_Controller.elf.dir/Drivers/STM32F4xx_HAL_Driver/Src/stm32f4xx_hal_dma.c.obj
 .rodata.vTaskStartScheduler.str1.4
                0x080069c0        0x5 CMakeFiles/F407_Controller.elf.dir/Middlewares/Third_Party/FreeRTOS/Source/tasks.c.obj
 *fill*         0x080069c5        0x3 
 .rodata.prvCheckForValidListAndQueue.str1.4
                0x080069c8        0x5 CMakeFiles/F407_Controller.elf.dir/Middlewares/Third_Party/FreeRTOS/Source/timers.c.obj
 *fill*         0x080069cd        0x3 
 .rodata.xTimerCreateTimerTask.str1.4
                0x080069d0        0x8 CMakeFiles/F407_Controller.elf.dir/Middlewares/Third_Party/FreeRTOS/Source/timers.c.obj
 .rodata._global_impure_ptr
                0x080069d8        0x4 c:/progra~1/gcc-ar~1.10/bin/../lib/gcc/arm-none-eabi/10.3.1/../../../../arm-none-eabi/lib/thumb/v7e-m+fp/hard\libg.a(lib_a-impure.o)
                0x080069d8                _global_impure_ptr
                0x080069dc                . = ALIGN (0x4)

.ARM.extab      0x080069dc        0x0
                0x080069dc                . = ALIGN (0x4)
 *(.ARM.extab* .gnu.linkonce.armextab.*)
                0x080069dc                . = ALIGN (0x4)

.ARM            0x080069dc        0x8
                0x080069dc                . = ALIGN (0x4)
                0x080069dc                __exidx_start = .
 *(.ARM.exidx*)
 .ARM.exidx     0x080069dc        0x8 c:/progra~1/gcc-ar~1.10/bin/../lib/gcc/arm-none-eabi/10.3.1/thumb/v7e-m+fp/hard\libgcc.a(_udivmoddi4.o)
                0x080069e4                __exidx_end = .
                0x080069e4                . = ALIGN (0x4)

.rel.dyn        0x080069e4        0x0
 .rel.iplt      0x080069e4        0x0 c:/progra~1/gcc-ar~1.10/bin/../lib/gcc/arm-none-eabi/10.3.1/thumb/v7e-m+fp/hard/crtbegin.o

.preinit_array  0x080069e4        0x0
                0x080069e4                . = ALIGN (0x4)
                0x080069e4                PROVIDE (__preinit_array_start = .)
 *(.preinit_array*)
                0x080069e4                PROVIDE (__preinit_array_end = .)
                0x080069e4                . = ALIGN (0x4)

.init_array     0x080069e4        0x8
                0x080069e4                . = ALIGN (0x4)
                0x080069e4                PROVIDE (__init_array_start = .)
 *(SORT_BY_NAME(.init_array.*))
 .init_array.00000
                0x080069e4        0x4 c:/progra~1/gcc-ar~1.10/bin/../lib/gcc/arm-none-eabi/10.3.1/../../../../arm-none-eabi/lib/thumb/v7e-m+fp/hard\libg.a(lib_a-__call_atexit.o)
 *(.init_array*)
 .init_array    0x080069e8        0x4 c:/progra~1/gcc-ar~1.10/bin/../lib/gcc/arm-none-eabi/10.3.1/thumb/v7e-m+fp/hard/crtbegin.o
                0x080069ec                PROVIDE (__init_array_end = .)
                0x080069ec                . = ALIGN (0x4)

.fini_array     0x080069ec        0x4
                0x080069ec                . = ALIGN (0x4)
                0x080069ec                PROVIDE (__fini_array_start = .)
 *(SORT_BY_NAME(.fini_array.*))
 *(.fini_array*)
 .fini_array    0x080069ec        0x4 c:/progra~1/gcc-ar~1.10/bin/../lib/gcc/arm-none-eabi/10.3.1/thumb/v7e-m+fp/hard/crtbegin.o
                0x080069f0                PROVIDE (__fini_array_end = .)
                0x080069f0                . = ALIGN (0x4)
                0x080069f0                _sidata = LOADADDR (.data)

.data           0x20000000      0x43c load address 0x080069f0
                0x20000000                . = ALIGN (0x4)
                0x20000000                _sdata = .
 *(.data)
 *(.data*)
 .data.SystemCoreClock
                0x20000000        0x4 CMakeFiles/F407_Controller.elf.dir/Core/Src/system_stm32f4xx.c.obj
                0x20000000                SystemCoreClock
 .data.uwTickFreq
                0x20000004        0x1 CMakeFiles/F407_Controller.elf.dir/Drivers/STM32F4xx_HAL_Driver/Src/stm32f4xx_hal.c.obj
                0x20000004                uwTickFreq
 *fill*         0x20000005        0x3 
 .data.uwTickPrio
                0x20000008        0x4 CMakeFiles/F407_Controller.elf.dir/Drivers/STM32F4xx_HAL_Driver/Src/stm32f4xx_hal.c.obj
                0x20000008                uwTickPrio
 .data.uxCriticalNesting
                0x2000000c        0x4 CMakeFiles/F407_Controller.elf.dir/Middlewares/Third_Party/FreeRTOS/Source/portable/GCC/ARM_CM4F/port.c.obj
 .data.impure_data
                0x20000010      0x428 c:/progra~1/gcc-ar~1.10/bin/../lib/gcc/arm-none-eabi/10.3.1/../../../../arm-none-eabi/lib/thumb/v7e-m+fp/hard\libg.a(lib_a-impure.o)
 .data.__atexit_recursive_mutex
                0x20000438        0x4 c:/progra~1/gcc-ar~1.10/bin/../lib/gcc/arm-none-eabi/10.3.1/../../../../arm-none-eabi/lib/thumb/v7e-m+fp/hard\libg.a(lib_a-__call_atexit.o)
                0x20000438                __atexit_recursive_mutex
 *(.RamFunc)
 *(.RamFunc*)
                0x2000043c                . = ALIGN (0x4)
                0x2000043c                _edata = .
                0x08006e2c                _siccmram = LOADADDR (.ccmram)

.igot.plt       0x2000043c        0x0 load address 0x08006e2c
 .igot.plt      0x2000043c        0x0 c:/progra~1/gcc-ar~1.10/bin/../lib/gcc/arm-none-eabi/10.3.1/thumb/v7e-m+fp/hard/crtbegin.o

.ccmram         0x10000000      0x600 load address 0x08006e2c
                0x10000000                . = ALIGN (0x4)
                0x10000600                _sccmram = .
 *(.ccmram)
 .ccmram        0x10000000      0x600 CMakeFiles/F407_Controller.elf.dir/Core/Src/freertos.c.obj
                0x10000000                mainBuffer
                0x10000200                adcBuffer
                0x10000400                lcdBuffer
 *(.ccmram*)
                0x10000600                . = ALIGN (0x4)
                0x10000600                _eccmram = .
                0x10000600                . = ALIGN (0x4)

.bss            0x2000043c     0x4d2c
                0x2000043c                _sbss = .
                0x2000043c                __bss_start__ = _sbss
 *(.bss)
 .bss           0x2000043c       0x1c c:/progra~1/gcc-ar~1.10/bin/../lib/gcc/arm-none-eabi/10.3.1/thumb/v7e-m+fp/hard/crtbegin.o
 *(.bss*)
 .bss.hadc1     0x20000458       0x48 CMakeFiles/F407_Controller.elf.dir/Core/Src/adc.c.obj
                0x20000458                hadc1
 .bss.hadc2     0x200004a0       0x48 CMakeFiles/F407_Controller.elf.dir/Core/Src/adc.c.obj
                0x200004a0                hadc2
 .bss.hdma_adc1
                0x200004e8       0x60 CMakeFiles/F407_Controller.elf.dir/Core/Src/adc.c.obj
                0x200004e8                hdma_adc1
 .bss.BinSem_DataReadyHandle
                0x20000548        0x4 CMakeFiles/F407_Controller.elf.dir/Core/Src/freertos.c.obj
                0x20000548                BinSem_DataReadyHandle
 .bss.NRFSem_TxHandle
                0x2000054c        0x4 CMakeFiles/F407_Controller.elf.dir/Core/Src/freertos.c.obj
                0x2000054c                NRFSem_TxHandle
 .bss.adc       0x20000550        0x8 CMakeFiles/F407_Controller.elf.dir/Core/Src/freertos.c.obj
                0x20000550                adc
 .bss.adcControlBlock
                0x20000558       0x5c CMakeFiles/F407_Controller.elf.dir/Core/Src/freertos.c.obj
                0x20000558                adcControlBlock
 .bss.adcHandle
                0x200005b4        0x4 CMakeFiles/F407_Controller.elf.dir/Core/Src/freertos.c.obj
                0x200005b4                adcHandle
 .bss.lcdControlBlock
                0x200005b8       0x5c CMakeFiles/F407_Controller.elf.dir/Core/Src/freertos.c.obj
                0x200005b8                lcdControlBlock
 .bss.lcdHandle
                0x20000614        0x4 CMakeFiles/F407_Controller.elf.dir/Core/Src/freertos.c.obj
                0x20000614                lcdHandle
 .bss.mainControlBlock
                0x20000618       0x5c CMakeFiles/F407_Controller.elf.dir/Core/Src/freertos.c.obj
                0x20000618                mainControlBlock
 .bss.mainHandle
                0x20000674        0x4 CMakeFiles/F407_Controller.elf.dir/Core/Src/freertos.c.obj
                0x20000674                mainHandle
 .bss.offset    0x20000678       0x10 CMakeFiles/F407_Controller.elf.dir/Core/Src/freertos.c.obj
                0x20000678                offset
 .bss.txBuffer  0x20000688       0x10 CMakeFiles/F407_Controller.elf.dir/Core/Src/freertos.c.obj
                0x20000688                txBuffer
 .bss.dmaBuffer
                0x20000698        0x8 CMakeFiles/F407_Controller.elf.dir/Core/Src/main.c.obj
                0x20000698                dmaBuffer
 .bss.hspi1     0x200006a0       0x58 CMakeFiles/F407_Controller.elf.dir/Core/Src/spi.c.obj
                0x200006a0                hspi1
 .bss.hspi3     0x200006f8       0x58 CMakeFiles/F407_Controller.elf.dir/Core/Src/spi.c.obj
                0x200006f8                hspi3
 .bss.htim14    0x20000750       0x48 CMakeFiles/F407_Controller.elf.dir/Core/Src/stm32f4xx_hal_timebase_tim.c.obj
                0x20000750                htim14
 .bss.htim3     0x20000798       0x48 CMakeFiles/F407_Controller.elf.dir/Core/Src/tim.c.obj
                0x20000798                htim3
 .bss.adcStaticValue
                0x200007e0       0x10 CMakeFiles/F407_Controller.elf.dir/Drivers/BoardSupportPackage/Src/bsp.c.obj
                0x200007e0                adcStaticValue
 .bss.uwTick    0x200007f0        0x4 CMakeFiles/F407_Controller.elf.dir/Drivers/STM32F4xx_HAL_Driver/Src/stm32f4xx_hal.c.obj
                0x200007f0                uwTick
 .bss.pFlash    0x200007f4       0x20 CMakeFiles/F407_Controller.elf.dir/Drivers/STM32F4xx_HAL_Driver/Src/stm32f4xx_hal_flash.c.obj
                0x200007f4                pFlash
 .bss.Idle_Stack.2
                0x20000814      0x200 CMakeFiles/F407_Controller.elf.dir/Middlewares/Third_Party/FreeRTOS/Source/CMSIS_RTOS_V2/cmsis_os2.c.obj
 .bss.Idle_TCB.3
                0x20000a14       0x5c CMakeFiles/F407_Controller.elf.dir/Middlewares/Third_Party/FreeRTOS/Source/CMSIS_RTOS_V2/cmsis_os2.c.obj
 .bss.KernelState
                0x20000a70        0x4 CMakeFiles/F407_Controller.elf.dir/Middlewares/Third_Party/FreeRTOS/Source/CMSIS_RTOS_V2/cmsis_os2.c.obj
 .bss.Timer_Stack.0
                0x20000a74      0x400 CMakeFiles/F407_Controller.elf.dir/Middlewares/Third_Party/FreeRTOS/Source/CMSIS_RTOS_V2/cmsis_os2.c.obj
 .bss.Timer_TCB.1
                0x20000e74       0x5c CMakeFiles/F407_Controller.elf.dir/Middlewares/Third_Party/FreeRTOS/Source/CMSIS_RTOS_V2/cmsis_os2.c.obj
 .bss.ucMaxSysCallPriority
                0x20000ed0        0x1 CMakeFiles/F407_Controller.elf.dir/Middlewares/Third_Party/FreeRTOS/Source/portable/GCC/ARM_CM4F/port.c.obj
 *fill*         0x20000ed1        0x3 
 .bss.ulMaxPRIGROUPValue
                0x20000ed4        0x4 CMakeFiles/F407_Controller.elf.dir/Middlewares/Third_Party/FreeRTOS/Source/portable/GCC/ARM_CM4F/port.c.obj
 .bss.pxEnd     0x20000ed8        0x4 CMakeFiles/F407_Controller.elf.dir/Middlewares/Third_Party/FreeRTOS/Source/portable/MemMang/heap_4.c.obj
 .bss.ucHeap    0x20000edc     0x3c00 CMakeFiles/F407_Controller.elf.dir/Middlewares/Third_Party/FreeRTOS/Source/portable/MemMang/heap_4.c.obj
 .bss.xBlockAllocatedBit
                0x20004adc        0x4 CMakeFiles/F407_Controller.elf.dir/Middlewares/Third_Party/FreeRTOS/Source/portable/MemMang/heap_4.c.obj
 .bss.xFreeBytesRemaining
                0x20004ae0        0x4 CMakeFiles/F407_Controller.elf.dir/Middlewares/Third_Party/FreeRTOS/Source/portable/MemMang/heap_4.c.obj
 .bss.xMinimumEverFreeBytesRemaining
                0x20004ae4        0x4 CMakeFiles/F407_Controller.elf.dir/Middlewares/Third_Party/FreeRTOS/Source/portable/MemMang/heap_4.c.obj
 .bss.xNumberOfSuccessfulAllocations
                0x20004ae8        0x4 CMakeFiles/F407_Controller.elf.dir/Middlewares/Third_Party/FreeRTOS/Source/portable/MemMang/heap_4.c.obj
 .bss.xNumberOfSuccessfulFrees
                0x20004aec        0x4 CMakeFiles/F407_Controller.elf.dir/Middlewares/Third_Party/FreeRTOS/Source/portable/MemMang/heap_4.c.obj
 .bss.xStart    0x20004af0        0x8 CMakeFiles/F407_Controller.elf.dir/Middlewares/Third_Party/FreeRTOS/Source/portable/MemMang/heap_4.c.obj
 .bss.xQueueRegistry
                0x20004af8       0x40 CMakeFiles/F407_Controller.elf.dir/Middlewares/Third_Party/FreeRTOS/Source/queue.c.obj
                0x20004af8                xQueueRegistry
 .bss.pxCurrentTCB
                0x20004b38        0x4 CMakeFiles/F407_Controller.elf.dir/Middlewares/Third_Party/FreeRTOS/Source/tasks.c.obj
                0x20004b38                pxCurrentTCB
 .bss.pxDelayedTaskList
                0x20004b3c        0x4 CMakeFiles/F407_Controller.elf.dir/Middlewares/Third_Party/FreeRTOS/Source/tasks.c.obj
 .bss.pxOverflowDelayedTaskList
                0x20004b40        0x4 CMakeFiles/F407_Controller.elf.dir/Middlewares/Third_Party/FreeRTOS/Source/tasks.c.obj
 .bss.pxReadyTasksLists
                0x20004b44      0x460 CMakeFiles/F407_Controller.elf.dir/Middlewares/Third_Party/FreeRTOS/Source/tasks.c.obj
 .bss.uxCurrentNumberOfTasks
                0x20004fa4        0x4 CMakeFiles/F407_Controller.elf.dir/Middlewares/Third_Party/FreeRTOS/Source/tasks.c.obj
 .bss.uxDeletedTasksWaitingCleanUp
                0x20004fa8        0x4 CMakeFiles/F407_Controller.elf.dir/Middlewares/Third_Party/FreeRTOS/Source/tasks.c.obj
 .bss.uxSchedulerSuspended
                0x20004fac        0x4 CMakeFiles/F407_Controller.elf.dir/Middlewares/Third_Party/FreeRTOS/Source/tasks.c.obj
 .bss.uxTaskNumber
                0x20004fb0        0x4 CMakeFiles/F407_Controller.elf.dir/Middlewares/Third_Party/FreeRTOS/Source/tasks.c.obj
 .bss.uxTopReadyPriority
                0x20004fb4        0x4 CMakeFiles/F407_Controller.elf.dir/Middlewares/Third_Party/FreeRTOS/Source/tasks.c.obj
 .bss.xDelayedTaskList1
                0x20004fb8       0x14 CMakeFiles/F407_Controller.elf.dir/Middlewares/Third_Party/FreeRTOS/Source/tasks.c.obj
 .bss.xDelayedTaskList2
                0x20004fcc       0x14 CMakeFiles/F407_Controller.elf.dir/Middlewares/Third_Party/FreeRTOS/Source/tasks.c.obj
 .bss.xIdleTaskHandle
                0x20004fe0        0x4 CMakeFiles/F407_Controller.elf.dir/Middlewares/Third_Party/FreeRTOS/Source/tasks.c.obj
 .bss.xNextTaskUnblockTime
                0x20004fe4        0x4 CMakeFiles/F407_Controller.elf.dir/Middlewares/Third_Party/FreeRTOS/Source/tasks.c.obj
 .bss.xNumOfOverflows
                0x20004fe8        0x4 CMakeFiles/F407_Controller.elf.dir/Middlewares/Third_Party/FreeRTOS/Source/tasks.c.obj
 .bss.xPendedTicks
                0x20004fec        0x4 CMakeFiles/F407_Controller.elf.dir/Middlewares/Third_Party/FreeRTOS/Source/tasks.c.obj
 .bss.xPendingReadyList
                0x20004ff0       0x14 CMakeFiles/F407_Controller.elf.dir/Middlewares/Third_Party/FreeRTOS/Source/tasks.c.obj
 .bss.xSchedulerRunning
                0x20005004        0x4 CMakeFiles/F407_Controller.elf.dir/Middlewares/Third_Party/FreeRTOS/Source/tasks.c.obj
 .bss.xSuspendedTaskList
                0x20005008       0x14 CMakeFiles/F407_Controller.elf.dir/Middlewares/Third_Party/FreeRTOS/Source/tasks.c.obj
 .bss.xTasksWaitingTermination
                0x2000501c       0x14 CMakeFiles/F407_Controller.elf.dir/Middlewares/Third_Party/FreeRTOS/Source/tasks.c.obj
 .bss.xTickCount
                0x20005030        0x4 CMakeFiles/F407_Controller.elf.dir/Middlewares/Third_Party/FreeRTOS/Source/tasks.c.obj
 .bss.xYieldPending
                0x20005034        0x4 CMakeFiles/F407_Controller.elf.dir/Middlewares/Third_Party/FreeRTOS/Source/tasks.c.obj
 .bss.pxCurrentTimerList
                0x20005038        0x4 CMakeFiles/F407_Controller.elf.dir/Middlewares/Third_Party/FreeRTOS/Source/timers.c.obj
 .bss.pxOverflowTimerList
                0x2000503c        0x4 CMakeFiles/F407_Controller.elf.dir/Middlewares/Third_Party/FreeRTOS/Source/timers.c.obj
 .bss.ucStaticTimerQueueStorage.1
                0x20005040       0xa0 CMakeFiles/F407_Controller.elf.dir/Middlewares/Third_Party/FreeRTOS/Source/timers.c.obj
 .bss.xActiveTimerList1
                0x200050e0       0x14 CMakeFiles/F407_Controller.elf.dir/Middlewares/Third_Party/FreeRTOS/Source/timers.c.obj
 .bss.xActiveTimerList2
                0x200050f4       0x14 CMakeFiles/F407_Controller.elf.dir/Middlewares/Third_Party/FreeRTOS/Source/timers.c.obj
 .bss.xLastTime.2
                0x20005108        0x4 CMakeFiles/F407_Controller.elf.dir/Middlewares/Third_Party/FreeRTOS/Source/timers.c.obj
 .bss.xStaticTimerQueue.0
                0x2000510c       0x50 CMakeFiles/F407_Controller.elf.dir/Middlewares/Third_Party/FreeRTOS/Source/timers.c.obj
 .bss.xTimerQueue
                0x2000515c        0x4 CMakeFiles/F407_Controller.elf.dir/Middlewares/Third_Party/FreeRTOS/Source/timers.c.obj
 .bss.xTimerTaskHandle
                0x20005160        0x4 CMakeFiles/F407_Controller.elf.dir/Middlewares/Third_Party/FreeRTOS/Source/timers.c.obj
 .bss.__lock___atexit_recursive_mutex
                0x20005164        0x1 c:/progra~1/gcc-ar~1.10/bin/../lib/gcc/arm-none-eabi/10.3.1/../../../../arm-none-eabi/lib/thumb/v7e-m+fp/hard\libg.a(lib_a-lock.o)
                0x20005164                __lock___atexit_recursive_mutex
 *(COMMON)
                0x20005168                . = ALIGN (0x4)
 *fill*         0x20005165        0x3 
                0x20005168                _ebss = .
                0x20005168                __bss_end__ = _ebss

._user_heap_stack
                0x20005168      0x600
                0x20005168                . = ALIGN (0x8)
                [!provide]                PROVIDE (end = .)
                0x20005168                PROVIDE (_end = .)
                0x20005368                . = (. + _Min_Heap_Size)
 *fill*         0x20005168      0x200 
                0x20005768                . = (. + _Min_Stack_Size)
 *fill*         0x20005368      0x400 
                0x20005768                . = ALIGN (0x8)

/DISCARD/
 libc.a(*)
 libm.a(*)
 libgcc.a(*)

.ARM.attributes
                0x00000000       0x30
 *(.ARM.attributes)
 .ARM.attributes
                0x00000000       0x1e c:/progra~1/gcc-ar~1.10/bin/../lib/gcc/arm-none-eabi/10.3.1/thumb/v7e-m+fp/hard/crti.o
 .ARM.attributes
                0x0000001e       0x34 c:/progra~1/gcc-ar~1.10/bin/../lib/gcc/arm-none-eabi/10.3.1/thumb/v7e-m+fp/hard/crtbegin.o
 .ARM.attributes
                0x00000052       0x34 CMakeFiles/F407_Controller.elf.dir/Core/Src/adc.c.obj
 .ARM.attributes
                0x00000086       0x34 CMakeFiles/F407_Controller.elf.dir/Core/Src/dma.c.obj
 .ARM.attributes
                0x000000ba       0x34 CMakeFiles/F407_Controller.elf.dir/Core/Src/freertos.c.obj
 .ARM.attributes
                0x000000ee       0x34 CMakeFiles/F407_Controller.elf.dir/Core/Src/gpio.c.obj
 .ARM.attributes
                0x00000122       0x34 CMakeFiles/F407_Controller.elf.dir/Core/Src/main.c.obj
 .ARM.attributes
                0x00000156       0x34 CMakeFiles/F407_Controller.elf.dir/Core/Src/spi.c.obj
 .ARM.attributes
                0x0000018a       0x34 CMakeFiles/F407_Controller.elf.dir/Core/Src/stm32f4xx_hal_msp.c.obj
 .ARM.attributes
                0x000001be       0x34 CMakeFiles/F407_Controller.elf.dir/Core/Src/stm32f4xx_hal_timebase_tim.c.obj
 .ARM.attributes
                0x000001f2       0x34 CMakeFiles/F407_Controller.elf.dir/Core/Src/stm32f4xx_it.c.obj
 .ARM.attributes
                0x00000226       0x34 CMakeFiles/F407_Controller.elf.dir/Core/Src/system_stm32f4xx.c.obj
 .ARM.attributes
                0x0000025a       0x34 CMakeFiles/F407_Controller.elf.dir/Core/Src/tim.c.obj
 .ARM.attributes
                0x0000028e       0x21 CMakeFiles/F407_Controller.elf.dir/Core/Startup/startup_stm32f407vetx.s.obj
 .ARM.attributes
                0x000002af       0x34 CMakeFiles/F407_Controller.elf.dir/Drivers/BoardSupportPackage/Src/bsp.c.obj
 .ARM.attributes
                0x000002e3       0x34 CMakeFiles/F407_Controller.elf.dir/Drivers/Flash/Src/flash.c.obj
 .ARM.attributes
                0x00000317       0x34 CMakeFiles/F407_Controller.elf.dir/Drivers/LCD_240_280/Src/lcd.c.obj
 .ARM.attributes
                0x0000034b       0x34 CMakeFiles/F407_Controller.elf.dir/Drivers/LCD_240_280/Src/lcd_interface.c.obj
 .ARM.attributes
                0x0000037f       0x34 CMakeFiles/F407_Controller.elf.dir/Drivers/NRF/Src/nrf.c.obj
 .ARM.attributes
                0x000003b3       0x34 CMakeFiles/F407_Controller.elf.dir/Drivers/NRF/Src/nrf_interface.c.obj
 .ARM.attributes
                0x000003e7       0x34 CMakeFiles/F407_Controller.elf.dir/Drivers/STM32F4xx_HAL_Driver/Src/stm32f4xx_hal.c.obj
 .ARM.attributes
                0x0000041b       0x34 CMakeFiles/F407_Controller.elf.dir/Drivers/STM32F4xx_HAL_Driver/Src/stm32f4xx_hal_adc.c.obj
 .ARM.attributes
                0x0000044f       0x34 CMakeFiles/F407_Controller.elf.dir/Drivers/STM32F4xx_HAL_Driver/Src/stm32f4xx_hal_adc_ex.c.obj
 .ARM.attributes
                0x00000483       0x34 CMakeFiles/F407_Controller.elf.dir/Drivers/STM32F4xx_HAL_Driver/Src/stm32f4xx_hal_cortex.c.obj
 .ARM.attributes
                0x000004b7       0x34 CMakeFiles/F407_Controller.elf.dir/Drivers/STM32F4xx_HAL_Driver/Src/stm32f4xx_hal_dma.c.obj
 .ARM.attributes
                0x000004eb       0x34 CMakeFiles/F407_Controller.elf.dir/Drivers/STM32F4xx_HAL_Driver/Src/stm32f4xx_hal_flash.c.obj
 .ARM.attributes
                0x0000051f       0x34 CMakeFiles/F407_Controller.elf.dir/Drivers/STM32F4xx_HAL_Driver/Src/stm32f4xx_hal_flash_ex.c.obj
 .ARM.attributes
                0x00000553       0x34 CMakeFiles/F407_Controller.elf.dir/Drivers/STM32F4xx_HAL_Driver/Src/stm32f4xx_hal_gpio.c.obj
 .ARM.attributes
                0x00000587       0x34 CMakeFiles/F407_Controller.elf.dir/Drivers/STM32F4xx_HAL_Driver/Src/stm32f4xx_hal_rcc.c.obj
 .ARM.attributes
                0x000005bb       0x34 CMakeFiles/F407_Controller.elf.dir/Drivers/STM32F4xx_HAL_Driver/Src/stm32f4xx_hal_spi.c.obj
 .ARM.attributes
                0x000005ef       0x34 CMakeFiles/F407_Controller.elf.dir/Drivers/STM32F4xx_HAL_Driver/Src/stm32f4xx_hal_tim.c.obj
 .ARM.attributes
                0x00000623       0x34 CMakeFiles/F407_Controller.elf.dir/Drivers/STM32F4xx_HAL_Driver/Src/stm32f4xx_hal_tim_ex.c.obj
 .ARM.attributes
                0x00000657       0x34 CMakeFiles/F407_Controller.elf.dir/Middlewares/Third_Party/FreeRTOS/Source/CMSIS_RTOS_V2/cmsis_os2.c.obj
 .ARM.attributes
                0x0000068b       0x34 CMakeFiles/F407_Controller.elf.dir/Middlewares/Third_Party/FreeRTOS/Source/list.c.obj
 .ARM.attributes
                0x000006bf       0x34 CMakeFiles/F407_Controller.elf.dir/Middlewares/Third_Party/FreeRTOS/Source/portable/GCC/ARM_CM4F/port.c.obj
 .ARM.attributes
                0x000006f3       0x34 CMakeFiles/F407_Controller.elf.dir/Middlewares/Third_Party/FreeRTOS/Source/portable/MemMang/heap_4.c.obj
 .ARM.attributes
                0x00000727       0x34 CMakeFiles/F407_Controller.elf.dir/Middlewares/Third_Party/FreeRTOS/Source/queue.c.obj
 .ARM.attributes
                0x0000075b       0x34 CMakeFiles/F407_Controller.elf.dir/Middlewares/Third_Party/FreeRTOS/Source/tasks.c.obj
 .ARM.attributes
                0x0000078f       0x34 CMakeFiles/F407_Controller.elf.dir/Middlewares/Third_Party/FreeRTOS/Source/timers.c.obj
 .ARM.attributes
                0x000007c3       0x1e c:/progra~1/gcc-ar~1.10/bin/../lib/gcc/arm-none-eabi/10.3.1/thumb/v7e-m+fp/hard\libgcc.a(_aeabi_uldivmod.o)
 .ARM.attributes
                0x000007e1       0x34 c:/progra~1/gcc-ar~1.10/bin/../lib/gcc/arm-none-eabi/10.3.1/thumb/v7e-m+fp/hard\libgcc.a(_udivmoddi4.o)
 .ARM.attributes
                0x00000815       0x1e c:/progra~1/gcc-ar~1.10/bin/../lib/gcc/arm-none-eabi/10.3.1/thumb/v7e-m+fp/hard\libgcc.a(_dvmd_tls.o)
 .ARM.attributes
                0x00000833       0x34 c:/progra~1/gcc-ar~1.10/bin/../lib/gcc/arm-none-eabi/10.3.1/../../../../arm-none-eabi/lib/thumb/v7e-m+fp/hard\libg.a(lib_a-impure.o)
 .ARM.attributes
                0x00000867       0x34 c:/progra~1/gcc-ar~1.10/bin/../lib/gcc/arm-none-eabi/10.3.1/../../../../arm-none-eabi/lib/thumb/v7e-m+fp/hard\libg.a(lib_a-init.o)
 .ARM.attributes
                0x0000089b       0x1c c:/progra~1/gcc-ar~1.10/bin/../lib/gcc/arm-none-eabi/10.3.1/../../../../arm-none-eabi/lib/thumb/v7e-m+fp/hard\libg.a(lib_a-memcpy.o)
 .ARM.attributes
                0x000008b7       0x34 c:/progra~1/gcc-ar~1.10/bin/../lib/gcc/arm-none-eabi/10.3.1/../../../../arm-none-eabi/lib/thumb/v7e-m+fp/hard\libg.a(lib_a-memset.o)
 .ARM.attributes
                0x000008eb       0x34 c:/progra~1/gcc-ar~1.10/bin/../lib/gcc/arm-none-eabi/10.3.1/../../../../arm-none-eabi/lib/thumb/v7e-m+fp/hard\libg.a(lib_a-__call_atexit.o)
 .ARM.attributes
                0x0000091f       0x34 c:/progra~1/gcc-ar~1.10/bin/../lib/gcc/arm-none-eabi/10.3.1/../../../../arm-none-eabi/lib/thumb/v7e-m+fp/hard\libg.a(lib_a-atexit.o)
 .ARM.attributes
                0x00000953       0x34 c:/progra~1/gcc-ar~1.10/bin/../lib/gcc/arm-none-eabi/10.3.1/../../../../arm-none-eabi/lib/thumb/v7e-m+fp/hard\libg.a(lib_a-fini.o)
 .ARM.attributes
                0x00000987       0x34 c:/progra~1/gcc-ar~1.10/bin/../lib/gcc/arm-none-eabi/10.3.1/../../../../arm-none-eabi/lib/thumb/v7e-m+fp/hard\libg.a(lib_a-lock.o)
 .ARM.attributes
                0x000009bb       0x34 c:/progra~1/gcc-ar~1.10/bin/../lib/gcc/arm-none-eabi/10.3.1/../../../../arm-none-eabi/lib/thumb/v7e-m+fp/hard\libg.a(lib_a-__atexit.o)
 .ARM.attributes
                0x000009ef       0x1e c:/progra~1/gcc-ar~1.10/bin/../lib/gcc/arm-none-eabi/10.3.1/thumb/v7e-m+fp/hard/crtn.o
                0x08006e2c                _siccmram = LOADADDR (.ccmram)

.ccmram         0x10000600        0x0
                0x10000600                . = ALIGN (0x4)
                0x10000600                _sccmram = .
 *(.ccmram)
 *(.ccmram*)
                0x10000600                . = ALIGN (0x4)
                0x10000600                _eccmram = .
OUTPUT(F407_Controller.elf elf32-littlearm)
LOAD linker stubs
LOAD c:/progra~1/gcc-ar~1.10/bin/../lib/gcc/arm-none-eabi/10.3.1/../../../../arm-none-eabi/lib/thumb/v7e-m+fp/hard\libc.a
LOAD c:/progra~1/gcc-ar~1.10/bin/../lib/gcc/arm-none-eabi/10.3.1/../../../../arm-none-eabi/lib/thumb/v7e-m+fp/hard\libm.a
LOAD c:/progra~1/gcc-ar~1.10/bin/../lib/gcc/arm-none-eabi/10.3.1/thumb/v7e-m+fp/hard\libgcc.a

.debug_info     0x00000000    0x275b7
 .debug_info    0x00000000      0xc7e CMakeFiles/F407_Controller.elf.dir/Core/Src/adc.c.obj
 .debug_info    0x00000c7e      0x4fc CMakeFiles/F407_Controller.elf.dir/Core/Src/dma.c.obj
 .debug_info    0x0000117a     0x13e9 CMakeFiles/F407_Controller.elf.dir/Core/Src/freertos.c.obj
 .debug_info    0x00002563      0x6a4 CMakeFiles/F407_Controller.elf.dir/Core/Src/gpio.c.obj
 .debug_info    0x00002c07      0xf7d CMakeFiles/F407_Controller.elf.dir/Core/Src/main.c.obj
 .debug_info    0x00003b84      0xade CMakeFiles/F407_Controller.elf.dir/Core/Src/spi.c.obj
 .debug_info    0x00004662      0x4f8 CMakeFiles/F407_Controller.elf.dir/Core/Src/stm32f4xx_hal_msp.c.obj
 .debug_info    0x00004b5a      0xc9e CMakeFiles/F407_Controller.elf.dir/Core/Src/stm32f4xx_hal_timebase_tim.c.obj
 .debug_info    0x000057f8      0x779 CMakeFiles/F407_Controller.elf.dir/Core/Src/stm32f4xx_it.c.obj
 .debug_info    0x00005f71      0x538 CMakeFiles/F407_Controller.elf.dir/Core/Src/system_stm32f4xx.c.obj
 .debug_info    0x000064a9      0xa14 CMakeFiles/F407_Controller.elf.dir/Core/Src/tim.c.obj
 .debug_info    0x00006ebd       0x22 CMakeFiles/F407_Controller.elf.dir/Core/Startup/startup_stm32f407vetx.s.obj
 .debug_info    0x00006edf      0x572 CMakeFiles/F407_Controller.elf.dir/Drivers/BoardSupportPackage/Src/bsp.c.obj
 .debug_info    0x00007451      0x387 CMakeFiles/F407_Controller.elf.dir/Drivers/Flash/Src/flash.c.obj
 .debug_info    0x000077d8     0x27a7 CMakeFiles/F407_Controller.elf.dir/Drivers/LCD_240_280/Src/lcd.c.obj
 .debug_info    0x00009f7f      0xe91 CMakeFiles/F407_Controller.elf.dir/Drivers/LCD_240_280/Src/lcd_interface.c.obj
 .debug_info    0x0000ae10     0x11f2 CMakeFiles/F407_Controller.elf.dir/Drivers/NRF/Src/nrf.c.obj
 .debug_info    0x0000c002      0xcbf CMakeFiles/F407_Controller.elf.dir/Drivers/NRF/Src/nrf_interface.c.obj