Archive member included to satisfy reference by file (symbol)

c:/progra~1/gcc-ar~1.10/bin/../lib/gcc/arm-none-eabi/10.3.1/thumb/v7e-m+fp/hard\libgcc.a(_aeabi_uldivmod.o)
                              CMakeFiles/F407_Controller.elf.dir/Drivers/STM32F4xx_HAL_Driver/Src/stm32f4xx_hal_rcc.c.obj (__aeabi_uldivmod)
c:/progra~1/gcc-ar~1.10/bin/../lib/gcc/arm-none-eabi/10.3.1/thumb/v7e-m+fp/hard\libgcc.a(_udivmoddi4.o)
                              c:/progra~1/gcc-ar~1.10/bin/../lib/gcc/arm-none-eabi/10.3.1/thumb/v7e-m+fp/hard\libgcc.a(_aeabi_uldivmod.o) (__udivmoddi4)
c:/progra~1/gcc-ar~1.10/bin/../lib/gcc/arm-none-eabi/10.3.1/thumb/v7e-m+fp/hard\libgcc.a(_dvmd_tls.o)
                              c:/progra~1/gcc-ar~1.10/bin/../lib/gcc/arm-none-eabi/10.3.1/thumb/v7e-m+fp/hard\libgcc.a(_aeabi_uldivmod.o) (__aeabi_ldiv0)
c:/progra~1/gcc-ar~1.10/bin/../lib/gcc/arm-none-eabi/10.3.1/../../../../arm-none-eabi/lib/thumb/v7e-m+fp/hard\libg.a(lib_a-errno.o)
                              CMakeFiles/F407_Controller.elf.dir/Core/Src/syscalls.c.obj (__errno)
c:/progra~1/gcc-ar~1.10/bin/../lib/gcc/arm-none-eabi/10.3.1/../../../../arm-none-eabi/lib/thumb/v7e-m+fp/hard\libg.a(lib_a-exit.o)
                              c:/progra~1/gcc-ar~1.10/bin/../lib/gcc/arm-none-eabi/10.3.1/../../../../arm-none-eabi/lib/thumb/v7e-m+fp/hard/crt0.o (exit)
c:/progra~1/gcc-ar~1.10/bin/../lib/gcc/arm-none-eabi/10.3.1/../../../../arm-none-eabi/lib/thumb/v7e-m+fp/hard\libg.a(lib_a-impure.o)
                              c:/progra~1/gcc-ar~1.10/bin/../lib/gcc/arm-none-eabi/10.3.1/../../../../arm-none-eabi/lib/thumb/v7e-m+fp/hard\libg.a(lib_a-exit.o) (_global_impure_ptr)
c:/progra~1/gcc-ar~1.10/bin/../lib/gcc/arm-none-eabi/10.3.1/../../../../arm-none-eabi/lib/thumb/v7e-m+fp/hard\libg.a(lib_a-init.o)
                              c:/progra~1/gcc-ar~1.10/bin/../lib/gcc/arm-none-eabi/10.3.1/../../../../arm-none-eabi/lib/thumb/v7e-m+fp/hard/crt0.o (__libc_init_array)
c:/progra~1/gcc-ar~1.10/bin/../lib/gcc/arm-none-eabi/10.3.1/../../../../arm-none-eabi/lib/thumb/v7e-m+fp/hard\libg.a(lib_a-memcpy.o)
                              CMakeFiles/F407_Controller.elf.dir/Middlewares/Third_Party/FreeRTOS/Source/CMSIS_RTOS_V2/cmsis_os2.c.obj (memcpy)
c:/progra~1/gcc-ar~1.10/bin/../lib/gcc/arm-none-eabi/10.3.1/../../../../arm-none-eabi/lib/thumb/v7e-m+fp/hard\libg.a(lib_a-memset.o)
                              c:/progra~1/gcc-ar~1.10/bin/../lib/gcc/arm-none-eabi/10.3.1/../../../../arm-none-eabi/lib/thumb/v7e-m+fp/hard/crt0.o (memset)
c:/progra~1/gcc-ar~1.10/bin/../lib/gcc/arm-none-eabi/10.3.1/../../../../arm-none-eabi/lib/thumb/v7e-m+fp/hard\libg.a(lib_a-__call_atexit.o)
                              c:/progra~1/gcc-ar~1.10/bin/../lib/gcc/arm-none-eabi/10.3.1/../../../../arm-none-eabi/lib/thumb/v7e-m+fp/hard\libg.a(lib_a-exit.o) (__call_exitprocs)
c:/progra~1/gcc-ar~1.10/bin/../lib/gcc/arm-none-eabi/10.3.1/../../../../arm-none-eabi/lib/thumb/v7e-m+fp/hard\libg.a(lib_a-atexit.o)
                              c:/progra~1/gcc-ar~1.10/bin/../lib/gcc/arm-none-eabi/10.3.1/../../../../arm-none-eabi/lib/thumb/v7e-m+fp/hard\libg.a(lib_a-__call_atexit.o) (atexit)
c:/progra~1/gcc-ar~1.10/bin/../lib/gcc/arm-none-eabi/10.3.1/../../../../arm-none-eabi/lib/thumb/v7e-m+fp/hard\libg.a(lib_a-fini.o)
                              c:/progra~1/gcc-ar~1.10/bin/../lib/gcc/arm-none-eabi/10.3.1/../../../../arm-none-eabi/lib/thumb/v7e-m+fp/hard\libg.a(lib_a-__call_atexit.o) (__libc_fini_array)
c:/progra~1/gcc-ar~1.10/bin/../lib/gcc/arm-none-eabi/10.3.1/../../../../arm-none-eabi/lib/thumb/v7e-m+fp/hard\libg.a(lib_a-lock.o)
                              c:/progra~1/gcc-ar~1.10/bin/../lib/gcc/arm-none-eabi/10.3.1/../../../../arm-none-eabi/lib/thumb/v7e-m+fp/hard\libg.a(lib_a-__call_atexit.o) (__retarget_lock_acquire_recursive)
c:/progra~1/gcc-ar~1.10/bin/../lib/gcc/arm-none-eabi/10.3.1/../../../../arm-none-eabi/lib/thumb/v7e-m+fp/hard\libg.a(lib_a-__atexit.o)
                              c:/progra~1/gcc-ar~1.10/bin/../lib/gcc/arm-none-eabi/10.3.1/../../../../arm-none-eabi/lib/thumb/v7e-m+fp/hard\libg.a(lib_a-atexit.o) (__register_exitproc)

Discarded input sections

 .text          0x00000000        0x0 c:/progra~1/gcc-ar~1.10/bin/../lib/gcc/arm-none-eabi/10.3.1/thumb/v7e-m+fp/hard/crti.o
 .data          0x00000000        0x0 c:/progra~1/gcc-ar~1.10/bin/../lib/gcc/arm-none-eabi/10.3.1/thumb/v7e-m+fp/hard/crti.o
 .bss           0x00000000        0x0 c:/progra~1/gcc-ar~1.10/bin/../lib/gcc/arm-none-eabi/10.3.1/thumb/v7e-m+fp/hard/crti.o
 .data          0x00000000        0x4 c:/progra~1/gcc-ar~1.10/bin/../lib/gcc/arm-none-eabi/10.3.1/thumb/v7e-m+fp/hard/crtbegin.o
 .rodata        0x00000000       0x24 c:/progra~1/gcc-ar~1.10/bin/../lib/gcc/arm-none-eabi/10.3.1/thumb/v7e-m+fp/hard/crtbegin.o
 .text          0x00000000       0x7c c:/progra~1/gcc-ar~1.10/bin/../lib/gcc/arm-none-eabi/10.3.1/../../../../arm-none-eabi/lib/thumb/v7e-m+fp/hard/crt0.o
[...]
Memory Configuration

Name             Origin             Length             Attributes
CCMRAM           0x10000000         0x00010000         xrw
RAM              0x20000000         0x00020000         xrw
FLASH            0x08000000         0x00080000         xr
*default*        0x00000000         0xffffffff

Linker script and memory map

LOAD c:/progra~1/gcc-ar~1.10/bin/../lib/gcc/arm-none-eabi/10.3.1/thumb/v7e-m+fp/hard/crti.o
LOAD c:/progra~1/gcc-ar~1.10/bin/../lib/gcc/arm-none-eabi/10.3.1/thumb/v7e-m+fp/hard/crtbegin.o
LOAD c:/progra~1/gcc-ar~1.10/bin/../lib/gcc/arm-none-eabi/10.3.1/../../../../arm-none-eabi/lib/thumb/v7e-m+fp/hard/crt0.o
LOAD CMakeFiles/F407_Controller.elf.dir/Core/Src/adc.c.obj
LOAD CMakeFiles/F407_Controller.elf.dir/Core/Src/dma.c.obj
LOAD CMakeFiles/F407_Controller.elf.dir/Core/Src/freertos.c.obj
LOAD CMakeFiles/F407_Controller.elf.dir/Core/Src/gpio.c.obj
LOAD CMakeFiles/F407_Controller.elf.dir/Core/Src/main.c.obj
LOAD CMakeFiles/F407_Controller.elf.dir/Core/Src/spi.c.obj
LOAD CMakeFiles/F407_Controller.elf.dir/Core/Src/stm32f4xx_hal_msp.c.obj
LOAD CMakeFiles/F407_Controller.elf.dir/Core/Src/stm32f4xx_hal_timebase_tim.c.obj
LOAD CMakeFiles/F407_Controller.elf.dir/Core/Src/stm32f4xx_it.c.obj
LOAD CMakeFiles/F407_Controller.elf.dir/Core/Src/syscalls.c.obj
LOAD CMakeFiles/F407_Controller.elf.dir/Core/Src/sysmem.c.obj
LOAD CMakeFiles/F407_Controller.elf.dir/Core/Src/system_stm32f4xx.c.obj
LOAD CMakeFiles/F407_Controller.elf.dir/Core/Src/tim.c.obj
LOAD CMakeFiles/F407_Controller.elf.dir/Core/Startup/startup_stm32f407vetx.s.obj
LOAD CMakeFiles/F407_Controller.elf.dir/Drivers/BoardSupportPackage/Src/bsp.c.obj
LOAD CMakeFiles/F407_Controller.elf.dir/Drivers/LCD_240_280/Src/lcd.c.obj
LOAD CMakeFiles/F407_Controller.elf.dir/Drivers/LCD_240_280/Src/lcd_interface.c.obj
LOAD CMakeFiles/F407_Controller.elf.dir/Drivers/NRF/Src/nrf.c.obj
LOAD CMakeFiles/F407_Controller.elf.dir/Drivers/NRF/Src/nrf_interface.c.obj
LOAD CMakeFiles/F407_Controller.elf.dir/Drivers/STM32F4xx_HAL_Driver/Src/stm32f4xx_hal.c.obj
LOAD CMakeFiles/F407_Controller.elf.dir/Drivers/STM32F4xx_HAL_Driver/Src/stm32f4xx_hal_adc.c.obj
LOAD CMakeFiles/F407_Controller.elf.dir/Drivers/STM32F4xx_HAL_Driver/Src/stm32f4xx_hal_adc_ex.c.obj
LOAD CMakeFiles/F407_Controller.elf.dir/Drivers/STM32F4xx_HAL_Driver/Src/stm32f4xx_hal_cortex.c.obj
LOAD CMakeFiles/F407_Controller.elf.dir/Drivers/STM32F4xx_HAL_Driver/Src/stm32f4xx_hal_dma.c.obj
LOAD CMakeFiles/F407_Controller.elf.dir/Drivers/STM32F4xx_HAL_Driver/Src/stm32f4xx_hal_dma_ex.c.obj
LOAD CMakeFiles/F407_Controller.elf.dir/Drivers/STM32F4xx_HAL_Driver/Src/stm32f4xx_hal_exti.c.obj
LOAD CMakeFiles/F407_Controller.elf.dir/Drivers/STM32F4xx_HAL_Driver/Src/stm32f4xx_hal_flash.c.obj
LOAD CMakeFiles/F407_Controller.elf.dir/Drivers/STM32F4xx_HAL_Driver/Src/stm32f4xx_hal_flash_ex.c.obj
LOAD CMakeFiles/F407_Controller.elf.dir/Drivers/STM32F4xx_HAL_Driver/Src/stm32f4xx_hal_flash_ramfunc.c.obj
LOAD CMakeFiles/F407_Controller.elf.dir/Drivers/STM32F4xx_HAL_Driver/Src/stm32f4xx_hal_gpio.c.obj
LOAD CMakeFiles/F407_Controller.elf.dir/Drivers/STM32F4xx_HAL_Driver/Src/stm32f4xx_hal_pwr.c.obj
LOAD CMakeFiles/F407_Controller.elf.dir/Drivers/STM32F4xx_HAL_Driver/Src/stm32f4xx_hal_pwr_ex.c.obj
LOAD CMakeFiles/F407_Controller.elf.dir/Drivers/STM32F4xx_HAL_Driver/Src/stm32f4xx_hal_rcc.c.obj
LOAD CMakeFiles/F407_Controller.elf.dir/Drivers/STM32F4xx_HAL_Driver/Src/stm32f4xx_hal_rcc_ex.c.obj
LOAD CMakeFiles/F407_Controller.elf.dir/Drivers/STM32F4xx_HAL_Driver/Src/stm32f4xx_hal_spi.c.obj
LOAD CMakeFiles/F407_Controller.elf.dir/Drivers/STM32F4xx_HAL_Driver/Src/stm32f4xx_hal_tim.c.obj
LOAD CMakeFiles/F407_Controller.elf.dir/Drivers/STM32F4xx_HAL_Driver/Src/stm32f4xx_hal_tim_ex.c.obj
LOAD CMakeFiles/F407_Controller.elf.dir/Drivers/STM32F4xx_HAL_Driver/Src/stm32f4xx_ll_adc.c.obj
LOAD CMakeFiles/F407_Controller.elf.dir/Middlewares/Third_Party/FreeRTOS/Source/CMSIS_RTOS_V2/cmsis_os2.c.obj
LOAD CMakeFiles/F407_Controller.elf.dir/Middlewares/Third_Party/FreeRTOS/Source/croutine.c.obj
LOAD CMakeFiles/F407_Controller.elf.dir/Middlewares/Third_Party/FreeRTOS/Source/event_groups.c.obj
LOAD CMakeFiles/F407_Controller.elf.dir/Middlewares/Third_Party/FreeRTOS/Source/list.c.obj
LOAD CMakeFiles/F407_Controller.elf.dir/Middlewares/Third_Party/FreeRTOS/Source/portable/GCC/ARM_CM4F/port.c.obj
LOAD CMakeFiles/F407_Controller.elf.dir/Middlewares/Third_Party/FreeRTOS/Source/portable/MemMang/heap_4.c.obj
LOAD CMakeFiles/F407_Controller.elf.dir/Middlewares/Third_Party/FreeRTOS/Source/queue.c.obj
LOAD CMakeFiles/F407_Controller.elf.dir/Middlewares/Third_Party/FreeRTOS/Source/stream_buffer.c.obj
LOAD CMakeFiles/F407_Controller.elf.dir/Middlewares/Third_Party/FreeRTOS/Source/tasks.c.obj
LOAD CMakeFiles/F407_Controller.elf.dir/Middlewares/Third_Party/FreeRTOS/Source/timers.c.obj
START GROUP
LOAD c:/progra~1/gcc-ar~1.10/bin/../lib/gcc/arm-none-eabi/10.3.1/thumb/v7e-m+fp/hard\libgcc.a
LOAD c:/progra~1/gcc-ar~1.10/bin/../lib/gcc/arm-none-eabi/10.3.1/../../../../arm-none-eabi/lib/thumb/v7e-m+fp/hard\libg.a
LOAD c:/progra~1/gcc-ar~1.10/bin/../lib/gcc/arm-none-eabi/10.3.1/../../../../arm-none-eabi/lib/thumb/v7e-m+fp/hard\libc.a
END GROUP
LOAD c:/progra~1/gcc-ar~1.10/bin/../lib/gcc/arm-none-eabi/10.3.1/thumb/v7e-m+fp/hard/crtend.o
LOAD c:/progra~1/gcc-ar~1.10/bin/../lib/gcc/arm-none-eabi/10.3.1/thumb/v7e-m+fp/hard/crtn.o
                0x20020000                _estack = (ORIGIN (RAM) + LENGTH (RAM))
                0x00000200                _Min_Heap_Size = 0x200
                0x00000400                _Min_Stack_Size = 0x400

.isr_vector     0x08000000      0x188
                0x08000000                . = ALIGN (0x4)
 *(.isr_vector)
 .isr_vector    0x08000000      0x188 CMakeFiles/F407_Controller.elf.dir/Core/Startup/startup_stm32f407vetx.s.obj
                0x08000000                g_pfnVectors
                0x08000188                . = ALIGN (0x4)

.text           0x08000190     0x5f80
                0x08000190                . = ALIGN (0x4)
 *(.text)
 .text          0x08000190       0x40 c:/progra~1/gcc-ar~1.10/bin/../lib/gcc/arm-none-eabi/10.3.1/thumb/v7e-m+fp/hard/crtbegin.o
 .text          0x080001d0       0x30 c:/progra~1/gcc-ar~1.10/bin/../lib/gcc/arm-none-eabi/10.3.1/thumb/v7e-m+fp/hard\libgcc.a(_aeabi_uldivmod.o)
                0x080001d0                __aeabi_uldivmod
 .text          0x08000200      0x2d0 c:/progra~1/gcc-ar~1.10/bin/../lib/gcc/arm-none-eabi/10.3.1/thumb/v7e-m+fp/hard\libgcc.a(_udivmoddi4.o)
                0x08000200                __udivmoddi4
 .text          0x080004d0        0x4 c:/progra~1/gcc-ar~1.10/bin/../lib/gcc/arm-none-eabi/10.3.1/thumb/v7e-m+fp/hard\libgcc.a(_dvmd_tls.o)
                0x080004d0                __aeabi_idiv0
                0x080004d0                __aeabi_ldiv0
 .text          0x080004d4      0x134 c:/progra~1/gcc-ar~1.10/bin/../lib/gcc/arm-none-eabi/10.3.1/../../../../arm-none-eabi/lib/thumb/v7e-m+fp/hard\libg.a(lib_a-memcpy.o)
                0x080004d4                memcpy
 *(.text*)
 .text.MX_ADC1_Init
                0x08000608       0xb0 CMakeFiles/F407_Controller.elf.dir/Core/Src/adc.c.obj
                0x08000608                MX_ADC1_Init
 .text.MX_ADC2_Init
                0x080006b8       0x80 CMakeFiles/F407_Controller.elf.dir/Core/Src/adc.c.obj
                0x080006b8                MX_ADC2_Init
 .text.HAL_ADC_MspInit
                0x08000738       0xf4 CMakeFiles/F407_Controller.elf.dir/Core/Src/adc.c.obj
                0x08000738                HAL_ADC_MspInit
 .text.MX_DMA_Init
                0x0800082c       0x34 CMakeFiles/F407_Controller.elf.dir/Core/Src/dma.c.obj
                0x0800082c                MX_DMA_Init
 .text.App_main
                0x08000860        0xa CMakeFiles/F407_Controller.elf.dir/Core/Src/freertos.c.obj
                0x08000860                App_main
 *fill*         0x0800086a        0x2 
 .text.App_lcd  0x0800086c       0x34 CMakeFiles/F407_Controller.elf.dir/Core/Src/freertos.c.obj
                0x0800086c                App_lcd
 .text.App_adc  0x080008a0       0xa4 CMakeFiles/F407_Controller.elf.dir/Core/Src/freertos.c.obj
                0x080008a0                App_adc
 .text.MX_FREERTOS_Init
                0x08000944       0x68 CMakeFiles/F407_Controller.elf.dir/Core/Src/freertos.c.obj
                0x08000944                MX_FREERTOS_Init
 .text.HAL_ADC_ConvCpltCallback
                0x080009ac       0x54 CMakeFiles/F407_Controller.elf.dir/Core/Src/freertos.c.obj
                0x080009ac                HAL_ADC_ConvCpltCallback
 .text.HAL_GPIO_EXTI_Callback
                0x08000a00        0xe CMakeFiles/F407_Controller.elf.dir/Core/Src/freertos.c.obj
                0x08000a00                HAL_GPIO_EXTI_Callback
 *fill*         0x08000a0e        0x2 
 .text.MX_GPIO_Init
                0x08000a10       0x90 CMakeFiles/F407_Controller.elf.dir/Core/Src/gpio.c.obj
                0x08000a10                MX_GPIO_Init
 .text.HAL_TIM_PeriodElapsedCallback
                0x08000aa0       0x18 CMakeFiles/F407_Controller.elf.dir/Core/Src/main.c.obj
                0x08000aa0                HAL_TIM_PeriodElapsedCallback
 .text.Error_Handler
                0x08000ab8        0x4 CMakeFiles/F407_Controller.elf.dir/Core/Src/main.c.obj
                0x08000ab8                Error_Handler
 .text.SystemClock_Config
                0x08000abc       0xa4 CMakeFiles/F407_Controller.elf.dir/Core/Src/main.c.obj
                0x08000abc                SystemClock_Config
 .text.main     0x08000b60       0x6c CMakeFiles/F407_Controller.elf.dir/Core/Src/main.c.obj
                0x08000b60                main
 .text.MX_SPI1_Init
                0x08000bcc       0x40 CMakeFiles/F407_Controller.elf.dir/Core/Src/spi.c.obj
                0x08000bcc                MX_SPI1_Init
 .text.MX_SPI3_Init
                0x08000c0c       0x44 CMakeFiles/F407_Controller.elf.dir/Core/Src/spi.c.obj
                0x08000c0c                MX_SPI3_Init
 .text.HAL_SPI_MspInit
                0x08000c50       0xc8 CMakeFiles/F407_Controller.elf.dir/Core/Src/spi.c.obj
                0x08000c50                HAL_SPI_MspInit
 .text.HAL_MspInit
                0x08000d18       0x44 CMakeFiles/F407_Controller.elf.dir/Core/Src/stm32f4xx_hal_msp.c.obj
                0x08000d18                HAL_MspInit
 .text.HAL_InitTick
                0x08000d5c       0xa4 CMakeFiles/F407_Controller.elf.dir/Core/Src/stm32f4xx_hal_timebase_tim.c.obj
                0x08000d5c                HAL_InitTick
 .text.NMI_Handler
                0x08000e00        0x2 CMakeFiles/F407_Controller.elf.dir/Core/Src/stm32f4xx_it.c.obj
                0x08000e00                NMI_Handler
 .text.HardFault_Handler
                0x08000e02        0x2 CMakeFiles/F407_Controller.elf.dir/Core/Src/stm32f4xx_it.c.obj
                0x08000e02                HardFault_Handler
 .text.MemManage_Handler
                0x08000e04        0x2 CMakeFiles/F407_Controller.elf.dir/Core/Src/stm32f4xx_it.c.obj
                0x08000e04                MemManage_Handler
 .text.BusFault_Handler
                0x08000e06        0x2 CMakeFiles/F407_Controller.elf.dir/Core/Src/stm32f4xx_it.c.obj
                0x08000e06                BusFault_Handler
 .text.UsageFault_Handler
                0x08000e08        0x2 CMakeFiles/F407_Controller.elf.dir/Core/Src/stm32f4xx_it.c.obj
                0x08000e08                UsageFault_Handler
 .text.DebugMon_Handler
                0x08000e0a        0x2 CMakeFiles/F407_Controller.elf.dir/Core/Src/stm32f4xx_it.c.obj
                0x08000e0a                DebugMon_Handler
 .text.EXTI0_IRQHandler
                0x08000e0c        0xa CMakeFiles/F407_Controller.elf.dir/Core/Src/stm32f4xx_it.c.obj
                0x08000e0c                EXTI0_IRQHandler
 *fill*         0x08000e16        0x2 
 .text.TIM8_TRG_COM_TIM14_IRQHandler
                0x08000e18       0x10 CMakeFiles/F407_Controller.elf.dir/Core/Src/stm32f4xx_it.c.obj
                0x08000e18                TIM8_TRG_COM_TIM14_IRQHandler
 .text.DMA2_Stream0_IRQHandler
                0x08000e28       0x10 CMakeFiles/F407_Controller.elf.dir/Core/Src/stm32f4xx_it.c.obj
                0x08000e28                DMA2_Stream0_IRQHandler
 .text.SystemInit
                0x08000e38       0x14 CMakeFiles/F407_Controller.elf.dir/Core/Src/system_stm32f4xx.c.obj
                0x08000e38                SystemInit
 .text.MX_TIM3_Init
                0x08000e4c       0x70 CMakeFiles/F407_Controller.elf.dir/Core/Src/tim.c.obj
                0x08000e4c                MX_TIM3_Init
 .text.HAL_TIM_Base_MspInit
                0x08000ebc       0x30 CMakeFiles/F407_Controller.elf.dir/Core/Src/tim.c.obj
                0x08000ebc                HAL_TIM_Base_MspInit
 .text.Reset_Handler
                0x08000eec       0x50 CMakeFiles/F407_Controller.elf.dir/Core/Startup/startup_stm32f407vetx.s.obj
                0x08000eec                Reset_Handler
 .text.Default_Handler
                0x08000f3c        0x2 CMakeFiles/F407_Controller.elf.dir/Core/Startup/startup_stm32f407vetx.s.obj
                0x08000f3c                RTC_Alarm_IRQHandler
                0x08000f3c                HASH_RNG_IRQHandler
                0x08000f3c                EXTI2_IRQHandler
                0x08000f3c                TIM8_CC_IRQHandler
                0x08000f3c                TIM1_CC_IRQHandler
                0x08000f3c                DMA2_Stream5_IRQHandler
                0x08000f3c                DMA1_Stream5_IRQHandler
                0x08000f3c                PVD_IRQHandler
                0x08000f3c                SDIO_IRQHandler
                0x08000f3c                TAMP_STAMP_IRQHandler
                0x08000f3c                CAN2_RX1_IRQHandler
                0x08000f3c                EXTI3_IRQHandler
                0x08000f3c                TIM1_UP_TIM10_IRQHandler
                0x08000f3c                TIM8_UP_TIM13_IRQHandler
                0x08000f3c                I2C3_ER_IRQHandler
                0x08000f3c                I2C2_EV_IRQHandler
                0x08000f3c                DMA1_Stream2_IRQHandler
                0x08000f3c                CAN1_RX0_IRQHandler
                0x08000f3c                FPU_IRQHandler
                0x08000f3c                OTG_HS_WKUP_IRQHandler
                0x08000f3c                CAN2_SCE_IRQHandler
                0x08000f3c                DMA2_Stream2_IRQHandler
                0x08000f3c                SPI1_IRQHandler
                0x08000f3c                TIM6_DAC_IRQHandler
                0x08000f3c                TIM1_BRK_TIM9_IRQHandler
                0x08000f3c                DCMI_IRQHandler
                0x08000f3c                CAN2_RX0_IRQHandler
                0x08000f3c                DMA2_Stream3_IRQHandler
                0x08000f3c                USART6_IRQHandler
                0x08000f3c                USART3_IRQHandler
                0x08000f3c                CAN1_RX1_IRQHandler
                0x08000f3c                UART5_IRQHandler
                0x08000f3c                TIM4_IRQHandler
                0x08000f3c                I2C1_EV_IRQHandler
                0x08000f3c                DMA1_Stream6_IRQHandler
                0x08000f3c                DMA1_Stream1_IRQHandler
                0x08000f3c                UART4_IRQHandler
                0x08000f3c                TIM3_IRQHandler
                0x08000f3c                RCC_IRQHandler
                0x08000f3c                TIM8_BRK_TIM12_IRQHandler
                0x08000f3c                Default_Handler
                0x08000f3c                EXTI15_10_IRQHandler
                0x08000f3c                ADC_IRQHandler
                0x08000f3c                DMA1_Stream7_IRQHandler
                0x08000f3c                TIM7_IRQHandler
                0x08000f3c                CAN2_TX_IRQHandler
                0x08000f3c                TIM5_IRQHandler
                0x08000f3c                DMA2_Stream7_IRQHandler
                0x08000f3c                I2C3_EV_IRQHandler
                0x08000f3c                EXTI9_5_IRQHandler
                0x08000f3c                RTC_WKUP_IRQHandler
                0x08000f3c                ETH_WKUP_IRQHandler
                0x08000f3c                SPI2_IRQHandler
                0x08000f3c                OTG_HS_EP1_IN_IRQHandler
                0x08000f3c                DMA1_Stream0_IRQHandler
                0x08000f3c                CAN1_TX_IRQHandler
                0x08000f3c                EXTI4_IRQHandler
                0x08000f3c                FSMC_IRQHandler
                0x08000f3c                ETH_IRQHandler
                0x08000f3c                OTG_HS_EP1_OUT_IRQHandler
                0x08000f3c                WWDG_IRQHandler
                0x08000f3c                TIM2_IRQHandler
                0x08000f3c                OTG_FS_WKUP_IRQHandler
                0x08000f3c                TIM1_TRG_COM_TIM11_IRQHandler
                0x08000f3c                OTG_HS_IRQHandler
                0x08000f3c                EXTI1_IRQHandler
                0x08000f3c                USART2_IRQHandler
                0x08000f3c                I2C2_ER_IRQHandler
                0x08000f3c                DMA2_Stream1_IRQHandler
                0x08000f3c                CAN1_SCE_IRQHandler
                0x08000f3c                FLASH_IRQHandler
                0x08000f3c                DMA2_Stream4_IRQHandler
                0x08000f3c                USART1_IRQHandler
                0x08000f3c                OTG_FS_IRQHandler
                0x08000f3c                SPI3_IRQHandler
                0x08000f3c                DMA1_Stream4_IRQHandler
                0x08000f3c                I2C1_ER_IRQHandler
                0x08000f3c                DMA2_Stream6_IRQHandler
                0x08000f3c                DMA1_Stream3_IRQHandler
 *fill*         0x08000f3e        0x2 
 .text.BSP_Filter
                0x08000f40       0x40 CMakeFiles/F407_Controller.elf.dir/Drivers/BoardSupportPackage/Src/bsp.c.obj
                0x08000f40                BSP_Filter
 .text.LCD_Write8BitData
                0x08000f80        0x8 CMakeFiles/F407_Controller.elf.dir/Drivers/LCD_240_280/Src/lcd.c.obj
                0x08000f80                LCD_Write8BitData
 .text.LCD_Write16BitData
                0x08000f88        0x8 CMakeFiles/F407_Controller.elf.dir/Drivers/LCD_240_280/Src/lcd.c.obj
                0x08000f88                LCD_Write16BitData
 .text.LCD_WriteCommand
                0x08000f90       0x14 CMakeFiles/F407_Controller.elf.dir/Drivers/LCD_240_280/Src/lcd.c.obj
                0x08000f90                LCD_WriteCommand
 .text.LCD_Delayms
                0x08000fa4        0x8 CMakeFiles/F407_Controller.elf.dir/Drivers/LCD_240_280/Src/lcd.c.obj
                0x08000fa4                LCD_Delayms
 .text.LCD_Address_Set
                0x08000fac       0x3e CMakeFiles/F407_Controller.elf.dir/Drivers/LCD_240_280/Src/lcd.c.obj
                0x08000fac                LCD_Address_Set
 .text.LCD_Fill
                0x08000fea       0x3c CMakeFiles/F407_Controller.elf.dir/Drivers/LCD_240_280/Src/lcd.c.obj
                0x08000fea                LCD_Fill
 .text.LCD_DrawPoint
                0x08001026       0x14 CMakeFiles/F407_Controller.elf.dir/Drivers/LCD_240_280/Src/lcd.c.obj
                0x08001026                LCD_DrawPoint
 *fill*         0x0800103a        0x2 
 .text.LCD_ShowChar
                0x0800103c      0x13c CMakeFiles/F407_Controller.elf.dir/Drivers/LCD_240_280/Src/lcd.c.obj
                0x0800103c                LCD_ShowChar
 .text.LCD_ShowString
                0x08001178       0x44 CMakeFiles/F407_Controller.elf.dir/Drivers/LCD_240_280/Src/lcd.c.obj
                0x08001178                LCD_ShowString
 .text.LCD_Init
                0x080011bc      0x19e CMakeFiles/F407_Controller.elf.dir/Drivers/LCD_240_280/Src/lcd.c.obj
                0x080011bc                LCD_Init
 *fill*         0x0800135a        0x2 
 .text.lcd_interface_gpio_init
                0x0800135c       0xcc CMakeFiles/F407_Controller.elf.dir/Drivers/LCD_240_280/Src/lcd_interface.c.obj
                0x0800135c                lcd_interface_gpio_init
 .text.lcd_interface_delayms
                0x08001428        0x8 CMakeFiles/F407_Controller.elf.dir/Drivers/LCD_240_280/Src/lcd_interface.c.obj
                0x08001428                lcd_interface_delayms
 .text.lcd_interface_res_clr
                0x08001430       0x14 CMakeFiles/F407_Controller.elf.dir/Drivers/LCD_240_280/Src/lcd_interface.c.obj
                0x08001430                lcd_interface_res_clr
 .text.lcd_interface_res_set
                0x08001444       0x14 CMakeFiles/F407_Controller.elf.dir/Drivers/LCD_240_280/Src/lcd_interface.c.obj
                0x08001444                lcd_interface_res_set
 .text.lcd_interface_dc_lcr
                0x08001458       0x14 CMakeFiles/F407_Controller.elf.dir/Drivers/LCD_240_280/Src/lcd_interface.c.obj
                0x08001458                lcd_interface_dc_lcr
 .text.lcd_interface_dc_set
                0x0800146c       0x14 CMakeFiles/F407_Controller.elf.dir/Drivers/LCD_240_280/Src/lcd_interface.c.obj
                0x0800146c                lcd_interface_dc_set
 .text.lcd_interface_cs_clr
                0x08001480       0x14 CMakeFiles/F407_Controller.elf.dir/Drivers/LCD_240_280/Src/lcd_interface.c.obj
                0x08001480                lcd_interface_cs_clr
 .text.lcd_interface_cs_set
                0x08001494       0x14 CMakeFiles/F407_Controller.elf.dir/Drivers/LCD_240_280/Src/lcd_interface.c.obj
                0x08001494                lcd_interface_cs_set
 .text.lcd_interface_write_8bit_data
                0x080014a8       0x28 CMakeFiles/F407_Controller.elf.dir/Drivers/LCD_240_280/Src/lcd_interface.c.obj
                0x080014a8                lcd_interface_write_8bit_data
 .text.lcd_interface_write_16bit_data
                0x080014d0       0x2c CMakeFiles/F407_Controller.elf.dir/Drivers/LCD_240_280/Src/lcd_interface.c.obj
                0x080014d0                lcd_interface_write_16bit_data
 .text.lcd_interface_blk_set
                0x080014fc       0x14 CMakeFiles/F407_Controller.elf.dir/Drivers/LCD_240_280/Src/lcd_interface.c.obj
                0x080014fc                lcd_interface_blk_set
 .text.NRF_ReadReg
                0x08001510       0x36 CMakeFiles/F407_Controller.elf.dir/Drivers/NRF/Src/nrf.c.obj
                0x08001510                NRF_ReadReg
 .text.NRF_WriteReg
                0x08001546       0x38 CMakeFiles/F407_Controller.elf.dir/Drivers/NRF/Src/nrf.c.obj
                0x08001546                NRF_WriteReg
 .text.NRF_GPIO_Init
                0x0800157e       0x24 CMakeFiles/F407_Controller.elf.dir/Drivers/NRF/Src/nrf.c.obj
                0x0800157e                NRF_GPIO_Init
 .text.NRF_WriteTxFIFO
                0x080015a2       0x38 CMakeFiles/F407_Controller.elf.dir/Drivers/NRF/Src/nrf.c.obj
                0x080015a2                NRF_WriteTxFIFO
 .text.NRF_ClearTxFIFO
                0x080015da       0x2e CMakeFiles/F407_Controller.elf.dir/Drivers/NRF/Src/nrf.c.obj
                0x080015da                NRF_ClearTxFIFO
 .text.NRF_ClearRxFIFO
                0x08001608       0x2e CMakeFiles/F407_Controller.elf.dir/Drivers/NRF/Src/nrf.c.obj
                0x08001608                NRF_ClearRxFIFO
 .text.NRF_Reset
                0x08001636      0x120 CMakeFiles/F407_Controller.elf.dir/Drivers/NRF/Src/nrf.c.obj
                0x08001636                NRF_Reset
 .text.NRF_GetSTATUS
                0x08001756       0x2e CMakeFiles/F407_Controller.elf.dir/Drivers/NRF/Src/nrf.c.obj
                0x08001756                NRF_GetSTATUS
 .text.NRF_ClearTxDSInterrupt
                0x08001784       0x2c CMakeFiles/F407_Controller.elf.dir/Drivers/NRF/Src/nrf.c.obj
                0x08001784                NRF_ClearTxDSInterrupt
 .text.NRF_ClearMaxRTInterrupt
                0x080017b0       0x2c CMakeFiles/F407_Controller.elf.dir/Drivers/NRF/Src/nrf.c.obj
                0x080017b0                NRF_ClearMaxRTInterrupt
 .text.NRF_TxIRQ
                0x080017dc       0x18 CMakeFiles/F407_Controller.elf.dir/Drivers/NRF/Src/nrf.c.obj
                0x080017dc                NRF_TxIRQ
 .text.NRF_AirDataWidth
                0x080017f4       0x6e CMakeFiles/F407_Controller.elf.dir/Drivers/NRF/Src/nrf.c.obj
                0x080017f4                NRF_AirDataWidth
 .text.NRF_AirDataRate
                0x08001862       0x74 CMakeFiles/F407_Controller.elf.dir/Drivers/NRF/Src/nrf.c.obj
                0x08001862                NRF_AirDataRate
 .text.NRF_RFOutputPower
                0x080018d6       0xde CMakeFiles/F407_Controller.elf.dir/Drivers/NRF/Src/nrf.c.obj
                0x080018d6                NRF_RFOutputPower
 .text.NRF_SetFrequency
                0x080019b4       0x1c CMakeFiles/F407_Controller.elf.dir/Drivers/NRF/Src/nrf.c.obj
                0x080019b4                NRF_SetFrequency
 .text.NRF_CRC_EncodingScheme
                0x080019d0       0x4c CMakeFiles/F407_Controller.elf.dir/Drivers/NRF/Src/nrf.c.obj
                0x080019d0                NRF_CRC_EncodingScheme
 .text.NRF_AddressFieldWidth
                0x08001a1c       0x5e CMakeFiles/F407_Controller.elf.dir/Drivers/NRF/Src/nrf.c.obj
                0x08001a1c                NRF_AddressFieldWidth
 *fill*         0x08001a7a        0x2 
 .text.NRF_AutomaticRetransmission
                0x08001a7c       0x3c CMakeFiles/F407_Controller.elf.dir/Drivers/NRF/Src/nrf.c.obj
                0x08001a7c                NRF_AutomaticRetransmission
 .text.NRF_TxMode
                0x08001ab8       0x84 CMakeFiles/F407_Controller.elf.dir/Drivers/NRF/Src/nrf.c.obj
                0x08001ab8                NRF_TxMode
 .text.nrf_interface_gpio_init
                0x08001b3c       0x94 CMakeFiles/F407_Controller.elf.dir/Drivers/NRF/Src/nrf_interface.c.obj
                0x08001b3c                nrf_interface_gpio_init
 .text.nrf_interface_ce_set
                0x08001bd0       0x14 CMakeFiles/F407_Controller.elf.dir/Drivers/NRF/Src/nrf_interface.c.obj
                0x08001bd0                nrf_interface_ce_set
 .text.nrf_interface_ce_clr
                0x08001be4       0x14 CMakeFiles/F407_Controller.elf.dir/Drivers/NRF/Src/nrf_interface.c.obj
                0x08001be4                nrf_interface_ce_clr
 .text.nrf_interface_csn_set
                0x08001bf8       0x14 CMakeFiles/F407_Controller.elf.dir/Drivers/NRF/Src/nrf_interface.c.obj
                0x08001bf8                nrf_interface_csn_set
 .text.nrf_interface_csn_clr
                0x08001c0c       0x14 CMakeFiles/F407_Controller.elf.dir/Drivers/NRF/Src/nrf_interface.c.obj
                0x08001c0c                nrf_interface_csn_clr
 .text.nrf_interface_spi_swap
                0x08001c20       0x20 CMakeFiles/F407_Controller.elf.dir/Drivers/NRF/Src/nrf_interface.c.obj
                0x08001c20                nrf_interface_spi_swap
 .text.nrf_interface_spi_receive
                0x08001c40       0x14 CMakeFiles/F407_Controller.elf.dir/Drivers/NRF/Src/nrf_interface.c.obj
                0x08001c40                nrf_interface_spi_receive
 .text.nrf_interface_spi_transmit
                0x08001c54       0x14 CMakeFiles/F407_Controller.elf.dir/Drivers/NRF/Src/nrf_interface.c.obj
                0x08001c54                nrf_interface_spi_transmit
 .text.nrf_interface_delayms
                0x08001c68        0x8 CMakeFiles/F407_Controller.elf.dir/Drivers/NRF/Src/nrf_interface.c.obj
                0x08001c68                nrf_interface_delayms
 .text.HAL_Init
                0x08001c70       0x34 CMakeFiles/F407_Controller.elf.dir/Drivers/STM32F4xx_HAL_Driver/Src/stm32f4xx_hal.c.obj
                0x08001c70                HAL_Init
 .text.HAL_IncTick
                0x08001ca4       0x18 CMakeFiles/F407_Controller.elf.dir/Drivers/STM32F4xx_HAL_Driver/Src/stm32f4xx_hal.c.obj
                0x08001ca4                HAL_IncTick
 .text.HAL_GetTick
                0x08001cbc        0xc CMakeFiles/F407_Controller.elf.dir/Drivers/STM32F4xx_HAL_Driver/Src/stm32f4xx_hal.c.obj
                0x08001cbc                HAL_GetTick
 .text.HAL_Delay
                0x08001cc8       0x28 CMakeFiles/F407_Controller.elf.dir/Drivers/STM32F4xx_HAL_Driver/Src/stm32f4xx_hal.c.obj
                0x08001cc8                HAL_Delay
 .text.ADC_Init
                0x08001cf0      0x134 CMakeFiles/F407_Controller.elf.dir/Drivers/STM32F4xx_HAL_Driver/Src/stm32f4xx_hal_adc.c.obj
 .text.HAL_ADC_Init
                0x08001e24       0x56 CMakeFiles/F407_Controller.elf.dir/Drivers/STM32F4xx_HAL_Driver/Src/stm32f4xx_hal_adc.c.obj
                0x08001e24                HAL_ADC_Init
 .text.HAL_ADC_ConvHalfCpltCallback
                0x08001e7a        0x2 CMakeFiles/F407_Controller.elf.dir/Drivers/STM32F4xx_HAL_Driver/Src/stm32f4xx_hal_adc.c.obj
                0x08001e7a                HAL_ADC_ConvHalfCpltCallback
 .text.HAL_ADC_ErrorCallback
                0x08001e7c        0x2 CMakeFiles/F407_Controller.elf.dir/Drivers/STM32F4xx_HAL_Driver/Src/stm32f4xx_hal_adc.c.obj
                0x08001e7c                HAL_ADC_ErrorCallback
 *fill*         0x08001e7e        0x2 
 .text.HAL_ADC_ConfigChannel
                0x08001e80      0x198 CMakeFiles/F407_Controller.elf.dir/Drivers/STM32F4xx_HAL_Driver/Src/stm32f4xx_hal_adc.c.obj
                0x08001e80                HAL_ADC_ConfigChannel
 .text.ADC_MultiModeDMAError
                0x08002018       0x16 CMakeFiles/F407_Controller.elf.dir/Drivers/STM32F4xx_HAL_Driver/Src/stm32f4xx_hal_adc_ex.c.obj
 .text.ADC_MultiModeDMAHalfConvCplt
                0x0800202e        0xa CMakeFiles/F407_Controller.elf.dir/Drivers/STM32F4xx_HAL_Driver/Src/stm32f4xx_hal_adc_ex.c.obj
 .text.ADC_MultiModeDMAConvCplt
                0x08002038       0x62 CMakeFiles/F407_Controller.elf.dir/Drivers/STM32F4xx_HAL_Driver/Src/stm32f4xx_hal_adc_ex.c.obj
 *fill*         0x0800209a        0x2 
 .text.HAL_ADCEx_MultiModeStart_DMA
                0x0800209c      0x130 CMakeFiles/F407_Controller.elf.dir/Drivers/STM32F4xx_HAL_Driver/Src/stm32f4xx_hal_adc_ex.c.obj
                0x0800209c                HAL_ADCEx_MultiModeStart_DMA
 .text.HAL_ADCEx_MultiModeConfigChannel
                0x080021cc       0x58 CMakeFiles/F407_Controller.elf.dir/Drivers/STM32F4xx_HAL_Driver/Src/stm32f4xx_hal_adc_ex.c.obj
                0x080021cc                HAL_ADCEx_MultiModeConfigChannel
 .text.HAL_NVIC_SetPriorityGrouping
                0x08002224       0x24 CMakeFiles/F407_Controller.elf.dir/Drivers/STM32F4xx_HAL_Driver/Src/stm32f4xx_hal_cortex.c.obj
                0x08002224                HAL_NVIC_SetPriorityGrouping
 .text.HAL_NVIC_SetPriority
                0x08002248       0x70 CMakeFiles/F407_Controller.elf.dir/Drivers/STM32F4xx_HAL_Driver/Src/stm32f4xx_hal_cortex.c.obj
                0x08002248                HAL_NVIC_SetPriority
 .text.HAL_NVIC_EnableIRQ
                0x080022b8       0x1c CMakeFiles/F407_Controller.elf.dir/Drivers/STM32F4xx_HAL_Driver/Src/stm32f4xx_hal_cortex.c.obj
                0x080022b8                HAL_NVIC_EnableIRQ
 .text.DMA_SetConfig
                0x080022d4       0x2c CMakeFiles/F407_Controller.elf.dir/Drivers/STM32F4xx_HAL_Driver/Src/stm32f4xx_hal_dma.c.obj
 .text.DMA_CalcBaseAndBitshift
                0x08002300       0x44 CMakeFiles/F407_Controller.elf.dir/Drivers/STM32F4xx_HAL_Driver/Src/stm32f4xx_hal_dma.c.obj
 .text.DMA_CheckFifoParam
                0x08002344       0x8e CMakeFiles/F407_Controller.elf.dir/Drivers/STM32F4xx_HAL_Driver/Src/stm32f4xx_hal_dma.c.obj
 *fill*         0x080023d2        0x2 
 .text.HAL_DMA_Init
                0x080023d4       0xcc CMakeFiles/F407_Controller.elf.dir/Drivers/STM32F4xx_HAL_Driver/Src/stm32f4xx_hal_dma.c.obj
                0x080023d4                HAL_DMA_Init
 .text.HAL_DMA_Start_IT
                0x080024a0       0x6a CMakeFiles/F407_Controller.elf.dir/Drivers/STM32F4xx_HAL_Driver/Src/stm32f4xx_hal_dma.c.obj
                0x080024a0                HAL_DMA_Start_IT
 *fill*         0x0800250a        0x2 
 .text.HAL_DMA_IRQHandler
                0x0800250c      0x1dc CMakeFiles/F407_Controller.elf.dir/Drivers/STM32F4xx_HAL_Driver/Src/stm32f4xx_hal_dma.c.obj
                0x0800250c                HAL_DMA_IRQHandler
 .text.HAL_GPIO_Init
                0x080026e8      0x1e4 CMakeFiles/F407_Controller.elf.dir/Drivers/STM32F4xx_HAL_Driver/Src/stm32f4xx_hal_gpio.c.obj
                0x080026e8                HAL_GPIO_Init
 .text.HAL_GPIO_WritePin
                0x080028cc        0xc CMakeFiles/F407_Controller.elf.dir/Drivers/STM32F4xx_HAL_Driver/Src/stm32f4xx_hal_gpio.c.obj
                0x080028cc                HAL_GPIO_WritePin
 .text.HAL_GPIO_EXTI_IRQHandler
                0x080028d8       0x1c CMakeFiles/F407_Controller.elf.dir/Drivers/STM32F4xx_HAL_Driver/Src/stm32f4xx_hal_gpio.c.obj
                0x080028d8                HAL_GPIO_EXTI_IRQHandler
 .text.HAL_RCC_OscConfig
                0x080028f4      0x3f8 CMakeFiles/F407_Controller.elf.dir/Drivers/STM32F4xx_HAL_Driver/Src/stm32f4xx_hal_rcc.c.obj
                0x080028f4                HAL_RCC_OscConfig
 .text.HAL_RCC_GetSysClockFreq
                0x08002cec       0xa4 CMakeFiles/F407_Controller.elf.dir/Drivers/STM32F4xx_HAL_Driver/Src/stm32f4xx_hal_rcc.c.obj
                0x08002cec                HAL_RCC_GetSysClockFreq
 .text.HAL_RCC_ClockConfig
                0x08002d90      0x160 CMakeFiles/F407_Controller.elf.dir/Drivers/STM32F4xx_HAL_Driver/Src/stm32f4xx_hal_rcc.c.obj
                0x08002d90                HAL_RCC_ClockConfig
 .text.HAL_RCC_GetHCLKFreq
                0x08002ef0        0xc CMakeFiles/F407_Controller.elf.dir/Drivers/STM32F4xx_HAL_Driver/Src/stm32f4xx_hal_rcc.c.obj
                0x08002ef0                HAL_RCC_GetHCLKFreq
 .text.HAL_RCC_GetPCLK1Freq
                0x08002efc       0x20 CMakeFiles/F407_Controller.elf.dir/Drivers/STM32F4xx_HAL_Driver/Src/stm32f4xx_hal_rcc.c.obj
                0x08002efc                HAL_RCC_GetPCLK1Freq
 .text.HAL_RCC_GetClockConfig
                0x08002f1c       0x3c CMakeFiles/F407_Controller.elf.dir/Drivers/STM32F4xx_HAL_Driver/Src/stm32f4xx_hal_rcc.c.obj
                0x08002f1c                HAL_RCC_GetClockConfig
 .text.SPI_WaitFlagStateUntilTimeout
                0x08002f58       0xd4 CMakeFiles/F407_Controller.elf.dir/Drivers/STM32F4xx_HAL_Driver/Src/stm32f4xx_hal_spi.c.obj
 .text.SPI_EndRxTxTransaction
                0x0800302c       0x80 CMakeFiles/F407_Controller.elf.dir/Drivers/STM32F4xx_HAL_Driver/Src/stm32f4xx_hal_spi.c.obj
 .text.SPI_EndRxTransaction
                0x080030ac       0x8c CMakeFiles/F407_Controller.elf.dir/Drivers/STM32F4xx_HAL_Driver/Src/stm32f4xx_hal_spi.c.obj
 .text.HAL_SPI_Init
                0x08003138       0xbe CMakeFiles/F407_Controller.elf.dir/Drivers/STM32F4xx_HAL_Driver/Src/stm32f4xx_hal_spi.c.obj
                0x08003138                HAL_SPI_Init
 .text.HAL_SPI_Transmit
                0x080031f6      0x1b8 CMakeFiles/F407_Controller.elf.dir/Drivers/STM32F4xx_HAL_Driver/Src/stm32f4xx_hal_spi.c.obj
                0x080031f6                HAL_SPI_Transmit
 .text.HAL_SPI_TransmitReceive
                0x080033ae      0x244 CMakeFiles/F407_Controller.elf.dir/Drivers/STM32F4xx_HAL_Driver/Src/stm32f4xx_hal_spi.c.obj
                0x080033ae                HAL_SPI_TransmitReceive
 .text.HAL_SPI_Receive
                0x080035f2      0x17e CMakeFiles/F407_Controller.elf.dir/Drivers/STM32F4xx_HAL_Driver/Src/stm32f4xx_hal_spi.c.obj
                0x080035f2                HAL_SPI_Receive
 .text.TIM_TI1_ConfigInputStage
                0x08003770       0x26 CMakeFiles/F407_Controller.elf.dir/Drivers/STM32F4xx_HAL_Driver/Src/stm32f4xx_hal_tim.c.obj
 .text.TIM_TI2_ConfigInputStage
                0x08003796       0x28 CMakeFiles/F407_Controller.elf.dir/Drivers/STM32F4xx_HAL_Driver/Src/stm32f4xx_hal_tim.c.obj
 .text.TIM_ITRx_SetConfig
                0x080037be       0x10 CMakeFiles/F407_Controller.elf.dir/Drivers/STM32F4xx_HAL_Driver/Src/stm32f4xx_hal_tim.c.obj
 *fill*         0x080037ce        0x2 
 .text.HAL_TIM_Base_Start
                0x080037d0       0x7c CMakeFiles/F407_Controller.elf.dir/Drivers/STM32F4xx_HAL_Driver/Src/stm32f4xx_hal_tim.c.obj
                0x080037d0                HAL_TIM_Base_Start
 .text.HAL_TIM_Base_Start_IT
                0x0800384c       0x88 CMakeFiles/F407_Controller.elf.dir/Drivers/STM32F4xx_HAL_Driver/Src/stm32f4xx_hal_tim.c.obj
                0x0800384c                HAL_TIM_Base_Start_IT
 .text.HAL_TIM_OC_DelayElapsedCallback
                0x080038d4        0x2 CMakeFiles/F407_Controller.elf.dir/Drivers/STM32F4xx_HAL_Driver/Src/stm32f4xx_hal_tim.c.obj
                0x080038d4                HAL_TIM_OC_DelayElapsedCallback
 .text.HAL_TIM_IC_CaptureCallback
                0x080038d6        0x2 CMakeFiles/F407_Controller.elf.dir/Drivers/STM32F4xx_HAL_Driver/Src/stm32f4xx_hal_tim.c.obj
                0x080038d6                HAL_TIM_IC_CaptureCallback
 .text.HAL_TIM_PWM_PulseFinishedCallback
                0x080038d8        0x2 CMakeFiles/F407_Controller.elf.dir/Drivers/STM32F4xx_HAL_Driver/Src/stm32f4xx_hal_tim.c.obj
                0x080038d8                HAL_TIM_PWM_PulseFinishedCallback
 .text.HAL_TIM_TriggerCallback
                0x080038da        0x2 CMakeFiles/F407_Controller.elf.dir/Drivers/STM32F4xx_HAL_Driver/Src/stm32f4xx_hal_tim.c.obj
                0x080038da                HAL_TIM_TriggerCallback
 .text.HAL_TIM_IRQHandler
                0x080038dc      0x15e CMakeFiles/F407_Controller.elf.dir/Drivers/STM32F4xx_HAL_Driver/Src/stm32f4xx_hal_tim.c.obj
                0x080038dc                HAL_TIM_IRQHandler
 *fill*         0x08003a3a        0x2 
 .text.TIM_Base_SetConfig
                0x08003a3c       0xd8 CMakeFiles/F407_Controller.elf.dir/Drivers/STM32F4xx_HAL_Driver/Src/stm32f4xx_hal_tim.c.obj
                0x08003a3c                TIM_Base_SetConfig
 .text.HAL_TIM_Base_Init
                0x08003b14       0x58 CMakeFiles/F407_Controller.elf.dir/Drivers/STM32F4xx_HAL_Driver/Src/stm32f4xx_hal_tim.c.obj
                0x08003b14                HAL_TIM_Base_Init
 .text.TIM_ETR_SetConfig
                0x08003b6c       0x1a CMakeFiles/F407_Controller.elf.dir/Drivers/STM32F4xx_HAL_Driver/Src/stm32f4xx_hal_tim.c.obj
                0x08003b6c                TIM_ETR_SetConfig
 .text.HAL_TIM_ConfigClockSource
                0x08003b86       0xfe CMakeFiles/F407_Controller.elf.dir/Drivers/STM32F4xx_HAL_Driver/Src/stm32f4xx_hal_tim.c.obj
                0x08003b86                HAL_TIM_ConfigClockSource
 .text.HAL_TIMEx_MasterConfigSynchronization
                0x08003c84       0x8c CMakeFiles/F407_Controller.elf.dir/Drivers/STM32F4xx_HAL_Driver/Src/stm32f4xx_hal_tim_ex.c.obj
                0x08003c84                HAL_TIMEx_MasterConfigSynchronization
 .text.HAL_TIMEx_CommutCallback
                0x08003d10        0x2 CMakeFiles/F407_Controller.elf.dir/Drivers/STM32F4xx_HAL_Driver/Src/stm32f4xx_hal_tim_ex.c.obj
                0x08003d10                HAL_TIMEx_CommutCallback
 .text.HAL_TIMEx_BreakCallback
                0x08003d12        0x2 CMakeFiles/F407_Controller.elf.dir/Drivers/STM32F4xx_HAL_Driver/Src/stm32f4xx_hal_tim_ex.c.obj
                0x08003d12                HAL_TIMEx_BreakCallback
 .text.SysTick_Handler
                0x08003d14       0x18 CMakeFiles/F407_Controller.elf.dir/Middlewares/Third_Party/FreeRTOS/Source/CMSIS_RTOS_V2/cmsis_os2.c.obj
                0x08003d14                SysTick_Handler
 .text.osKernelInitialize
                0x08003d2c       0x24 CMakeFiles/F407_Controller.elf.dir/Middlewares/Third_Party/FreeRTOS/Source/CMSIS_RTOS_V2/cmsis_os2.c.obj
                0x08003d2c                osKernelInitialize
 .text.osKernelStart
                0x08003d50       0x38 CMakeFiles/F407_Controller.elf.dir/Middlewares/Third_Party/FreeRTOS/Source/CMSIS_RTOS_V2/cmsis_os2.c.obj
                0x08003d50                osKernelStart
 .text.osThreadNew
                0x08003d88       0xbc CMakeFiles/F407_Controller.elf.dir/Middlewares/Third_Party/FreeRTOS/Source/CMSIS_RTOS_V2/cmsis_os2.c.obj
                0x08003d88                osThreadNew
 .text.osSemaphoreNew
                0x08003e44       0xb4 CMakeFiles/F407_Controller.elf.dir/Middlewares/Third_Party/FreeRTOS/Source/CMSIS_RTOS_V2/cmsis_os2.c.obj
                0x08003e44                osSemaphoreNew
 .text.vApplicationGetIdleTaskMemory
                0x08003ef8       0x18 CMakeFiles/F407_Controller.elf.dir/Middlewares/Third_Party/FreeRTOS/Source/CMSIS_RTOS_V2/cmsis_os2.c.obj
                0x08003ef8                vApplicationGetIdleTaskMemory
 .text.vApplicationGetTimerTaskMemory
                0x08003f10       0x18 CMakeFiles/F407_Controller.elf.dir/Middlewares/Third_Party/FreeRTOS/Source/CMSIS_RTOS_V2/cmsis_os2.c.obj
                0x08003f10                vApplicationGetTimerTaskMemory
 .text.vListInitialise
                0x08003f28       0x16 CMakeFiles/F407_Controller.elf.dir/Middlewares/Third_Party/FreeRTOS/Source/list.c.obj
                0x08003f28                vListInitialise
 .text.vListInitialiseItem
                0x08003f3e        0x6 CMakeFiles/F407_Controller.elf.dir/Middlewares/Third_Party/FreeRTOS/Source/list.c.obj
                0x08003f3e                vListInitialiseItem
 .text.vListInsertEnd
                0x08003f44       0x16 CMakeFiles/F407_Controller.elf.dir/Middlewares/Third_Party/FreeRTOS/Source/list.c.obj
                0x08003f44                vListInsertEnd
 .text.vListInsert
                0x08003f5a       0x32 CMakeFiles/F407_Controller.elf.dir/Middlewares/Third_Party/FreeRTOS/Source/list.c.obj
                0x08003f5a                vListInsert
 .text.uxListRemove
                0x08003f8c       0x26 CMakeFiles/F407_Controller.elf.dir/Middlewares/Third_Party/FreeRTOS/Source/list.c.obj
                0x08003f8c                uxListRemove
 *fill*         0x08003fb2        0x2 
 .text.prvTaskExitError
                0x08003fb4       0x40 CMakeFiles/F407_Controller.elf.dir/Middlewares/Third_Party/FreeRTOS/Source/portable/GCC/ARM_CM4F/port.c.obj
 .text.prvPortStartFirstTask
                0x08003ff4       0x28 CMakeFiles/F407_Controller.elf.dir/Middlewares/Third_Party/FreeRTOS/Source/portable/GCC/ARM_CM4F/port.c.obj
 .text.vPortEnableVFP
                0x0800401c       0x14 CMakeFiles/F407_Controller.elf.dir/Middlewares/Third_Party/FreeRTOS/Source/portable/GCC/ARM_CM4F/port.c.obj
 .text.pxPortInitialiseStack
                0x08004030       0x2c CMakeFiles/F407_Controller.elf.dir/Middlewares/Third_Party/FreeRTOS/Source/portable/GCC/ARM_CM4F/port.c.obj
                0x08004030                pxPortInitialiseStack
 *fill*         0x0800405c        0x4 
 .text.SVC_Handler
                0x08004060       0x24 CMakeFiles/F407_Controller.elf.dir/Middlewares/Third_Party/FreeRTOS/Source/portable/GCC/ARM_CM4F/port.c.obj
                0x08004060                SVC_Handler
 .text.vPortEnterCritical
                0x08004084       0x44 CMakeFiles/F407_Controller.elf.dir/Middlewares/Third_Party/FreeRTOS/Source/portable/GCC/ARM_CM4F/port.c.obj
                0x08004084                vPortEnterCritical
 .text.vPortExitCritical
                0x080040c8       0x2c CMakeFiles/F407_Controller.elf.dir/Middlewares/Third_Party/FreeRTOS/Source/portable/GCC/ARM_CM4F/port.c.obj
                0x080040c8                vPortExitCritical
 *fill*         0x080040f4        0xc 
 .text.PendSV_Handler
                0x08004100       0x64 CMakeFiles/F407_Controller.elf.dir/Middlewares/Third_Party/FreeRTOS/Source/portable/GCC/ARM_CM4F/port.c.obj
                0x08004100                PendSV_Handler
 .text.xPortSysTickHandler
                0x08004164       0x2c CMakeFiles/F407_Controller.elf.dir/Middlewares/Third_Party/FreeRTOS/Source/portable/GCC/ARM_CM4F/port.c.obj
                0x08004164                xPortSysTickHandler
 .text.vPortSetupTimerInterrupt
                0x08004190       0x28 CMakeFiles/F407_Controller.elf.dir/Middlewares/Third_Party/FreeRTOS/Source/portable/GCC/ARM_CM4F/port.c.obj
                0x08004190                vPortSetupTimerInterrupt
 .text.xPortStartScheduler
                0x080041b8      0x118 CMakeFiles/F407_Controller.elf.dir/Middlewares/Third_Party/FreeRTOS/Source/portable/GCC/ARM_CM4F/port.c.obj
                0x080041b8                xPortStartScheduler
 .text.vPortValidateInterruptPriority
                0x080042d0       0x5c CMakeFiles/F407_Controller.elf.dir/Middlewares/Third_Party/FreeRTOS/Source/portable/GCC/ARM_CM4F/port.c.obj
                0x080042d0                vPortValidateInterruptPriority
 .text.prvHeapInit
                0x0800432c       0x64 CMakeFiles/F407_Controller.elf.dir/Middlewares/Third_Party/FreeRTOS/Source/portable/MemMang/heap_4.c.obj
 .text.prvInsertBlockIntoFreeList
                0x08004390       0x64 CMakeFiles/F407_Controller.elf.dir/Middlewares/Third_Party/FreeRTOS/Source/portable/MemMang/heap_4.c.obj
 .text.pvPortMalloc
                0x080043f4       0xfc CMakeFiles/F407_Controller.elf.dir/Middlewares/Third_Party/FreeRTOS/Source/portable/MemMang/heap_4.c.obj
                0x080043f4                pvPortMalloc
 .text.vPortFree
                0x080044f0       0x7c CMakeFiles/F407_Controller.elf.dir/Middlewares/Third_Party/FreeRTOS/Source/portable/MemMang/heap_4.c.obj
                0x080044f0                vPortFree
 .text.prvGetDisinheritPriorityAfterTimeout
                0x0800456c       0x10 CMakeFiles/F407_Controller.elf.dir/Middlewares/Third_Party/FreeRTOS/Source/queue.c.obj
 .text.prvIsQueueFull
                0x0800457c       0x1e CMakeFiles/F407_Controller.elf.dir/Middlewares/Third_Party/FreeRTOS/Source/queue.c.obj
 .text.prvIsQueueEmpty
                0x0800459a       0x1a CMakeFiles/F407_Controller.elf.dir/Middlewares/Third_Party/FreeRTOS/Source/queue.c.obj
 .text.prvCopyDataToQueue
                0x080045b4       0x76 CMakeFiles/F407_Controller.elf.dir/Middlewares/Third_Party/FreeRTOS/Source/queue.c.obj
 .text.prvCopyDataFromQueue
                0x0800462a       0x24 CMakeFiles/F407_Controller.elf.dir/Middlewares/Third_Party/FreeRTOS/Source/queue.c.obj
 .text.prvUnlockQueue
                0x0800464e       0x6e CMakeFiles/F407_Controller.elf.dir/Middlewares/Third_Party/FreeRTOS/Source/queue.c.obj
 .text.xQueueGenericReset
                0x080046bc       0x84 CMakeFiles/F407_Controller.elf.dir/Middlewares/Third_Party/FreeRTOS/Source/queue.c.obj
                0x080046bc                xQueueGenericReset
 .text.prvInitialiseNewQueue
                0x08004740       0x22 CMakeFiles/F407_Controller.elf.dir/Middlewares/Third_Party/FreeRTOS/Source/queue.c.obj
 .text.xQueueGenericCreateStatic
                0x08004762       0x94 CMakeFiles/F407_Controller.elf.dir/Middlewares/Third_Party/FreeRTOS/Source/queue.c.obj
                0x08004762                xQueueGenericCreateStatic
 .text.xQueueGenericCreate
                0x080047f6       0x48 CMakeFiles/F407_Controller.elf.dir/Middlewares/Third_Party/FreeRTOS/Source/queue.c.obj
                0x080047f6                xQueueGenericCreate
 .text.xQueueCreateCountingSemaphoreStatic
                0x0800483e       0x46 CMakeFiles/F407_Controller.elf.dir/Middlewares/Third_Party/FreeRTOS/Source/queue.c.obj
                0x0800483e                xQueueCreateCountingSemaphoreStatic
 .text.xQueueCreateCountingSemaphore
                0x08004884       0x3c CMakeFiles/F407_Controller.elf.dir/Middlewares/Third_Party/FreeRTOS/Source/queue.c.obj
                0x08004884                xQueueCreateCountingSemaphore
 .text.xQueueGenericSend
                0x080048c0      0x188 CMakeFiles/F407_Controller.elf.dir/Middlewares/Third_Party/FreeRTOS/Source/queue.c.obj
                0x080048c0                xQueueGenericSend
 .text.xQueueGenericSendFromISR
                0x08004a48       0xce CMakeFiles/F407_Controller.elf.dir/Middlewares/Third_Party/FreeRTOS/Source/queue.c.obj
                0x08004a48                xQueueGenericSendFromISR
 .text.xQueueGiveFromISR
                0x08004b16       0xb2 CMakeFiles/F407_Controller.elf.dir/Middlewares/Third_Party/FreeRTOS/Source/queue.c.obj
                0x08004b16                xQueueGiveFromISR
 .text.xQueueReceive
                0x08004bc8      0x15e CMakeFiles/F407_Controller.elf.dir/Middlewares/Third_Party/FreeRTOS/Source/queue.c.obj
                0x08004bc8                xQueueReceive
 .text.xQueueSemaphoreTake
                0x08004d26      0x1a6 CMakeFiles/F407_Controller.elf.dir/Middlewares/Third_Party/FreeRTOS/Source/queue.c.obj
                0x08004d26                xQueueSemaphoreTake
 .text.vQueueAddToRegistry
                0x08004ecc       0x28 CMakeFiles/F407_Controller.elf.dir/Middlewares/Third_Party/FreeRTOS/Source/queue.c.obj
                0x08004ecc                vQueueAddToRegistry
 .text.vQueueUnregisterQueue
                0x08004ef4       0x2c CMakeFiles/F407_Controller.elf.dir/Middlewares/Third_Party/FreeRTOS/Source/queue.c.obj
                0x08004ef4                vQueueUnregisterQueue
 .text.vQueueDelete
                0x08004f20       0x2c CMakeFiles/F407_Controller.elf.dir/Middlewares/Third_Party/FreeRTOS/Source/queue.c.obj
                0x08004f20                vQueueDelete
 .text.vQueueWaitForMessageRestricted
                0x08004f4c       0x52 CMakeFiles/F407_Controller.elf.dir/Middlewares/Third_Party/FreeRTOS/Source/queue.c.obj
                0x08004f4c                vQueueWaitForMessageRestricted
 *fill*         0x08004f9e        0x2 
 .text.prvResetNextTaskUnblockTime
                0x08004fa0       0x2c CMakeFiles/F407_Controller.elf.dir/Middlewares/Third_Party/FreeRTOS/Source/tasks.c.obj
 .text.prvInitialiseNewTask
                0x08004fcc       0xa6 CMakeFiles/F407_Controller.elf.dir/Middlewares/Third_Party/FreeRTOS/Source/tasks.c.obj
 *fill*         0x08005072        0x2 
 .text.prvInitialiseTaskLists
                0x08005074       0x68 CMakeFiles/F407_Controller.elf.dir/Middlewares/Third_Party/FreeRTOS/Source/tasks.c.obj
 .text.prvAddNewTaskToReadyList
                0x080050dc       0xac CMakeFiles/F407_Controller.elf.dir/Middlewares/Third_Party/FreeRTOS/Source/tasks.c.obj
 .text.prvDeleteTCB
                0x08005188       0x38 CMakeFiles/F407_Controller.elf.dir/Middlewares/Third_Party/FreeRTOS/Source/tasks.c.obj
 .text.prvCheckTasksWaitingTermination
                0x080051c0       0x4c CMakeFiles/F407_Controller.elf.dir/Middlewares/Third_Party/FreeRTOS/Source/tasks.c.obj
 .text.prvIdleTask
                0x0800520c       0x28 CMakeFiles/F407_Controller.elf.dir/Middlewares/Third_Party/FreeRTOS/Source/tasks.c.obj
 .text.prvAddCurrentTaskToDelayedList
                0x08005234       0x7c CMakeFiles/F407_Controller.elf.dir/Middlewares/Third_Party/FreeRTOS/Source/tasks.c.obj
 .text.xTaskCreateStatic
                0x080052b0       0x76 CMakeFiles/F407_Controller.elf.dir/Middlewares/Third_Party/FreeRTOS/Source/tasks.c.obj
                0x080052b0                xTaskCreateStatic
 .text.xTaskCreate
                0x08005326       0x68 CMakeFiles/F407_Controller.elf.dir/Middlewares/Third_Party/FreeRTOS/Source/tasks.c.obj
                0x08005326                xTaskCreate
 *fill*         0x0800538e        0x2 
 .text.vTaskStartScheduler
                0x08005390       0x9c CMakeFiles/F407_Controller.elf.dir/Middlewares/Third_Party/FreeRTOS/Source/tasks.c.obj
                0x08005390                vTaskStartScheduler
 .text.vTaskSuspendAll
                0x0800542c       0x10 CMakeFiles/F407_Controller.elf.dir/Middlewares/Third_Party/FreeRTOS/Source/tasks.c.obj
                0x0800542c                vTaskSuspendAll
 .text.xTaskGetTickCount
                0x0800543c        0xc CMakeFiles/F407_Controller.elf.dir/Middlewares/Third_Party/FreeRTOS/Source/tasks.c.obj
                0x0800543c                xTaskGetTickCount
 .text.xTaskIncrementTick
                0x08005448      0x118 CMakeFiles/F407_Controller.elf.dir/Middlewares/Third_Party/FreeRTOS/Source/tasks.c.obj
                0x08005448                xTaskIncrementTick
 .text.xTaskResumeAll
                0x08005560       0xf8 CMakeFiles/F407_Controller.elf.dir/Middlewares/Third_Party/FreeRTOS/Source/tasks.c.obj
                0x08005560                xTaskResumeAll
 .text.vTaskDelay
                0x08005658       0x4c CMakeFiles/F407_Controller.elf.dir/Middlewares/Third_Party/FreeRTOS/Source/tasks.c.obj
                0x08005658                vTaskDelay
 .text.vTaskSwitchContext
                0x080056a4       0x94 CMakeFiles/F407_Controller.elf.dir/Middlewares/Third_Party/FreeRTOS/Source/tasks.c.obj
                0x080056a4                vTaskSwitchContext
 .text.vTaskPlaceOnEventList
                0x08005738       0x30 CMakeFiles/F407_Controller.elf.dir/Middlewares/Third_Party/FreeRTOS/Source/tasks.c.obj
                0x08005738                vTaskPlaceOnEventList
 .text.vTaskPlaceOnEventListRestricted
                0x08005768       0x38 CMakeFiles/F407_Controller.elf.dir/Middlewares/Third_Party/FreeRTOS/Source/tasks.c.obj
                0x08005768                vTaskPlaceOnEventListRestricted
 .text.xTaskRemoveFromEventList
                0x080057a0       0x8c CMakeFiles/F407_Controller.elf.dir/Middlewares/Third_Party/FreeRTOS/Source/tasks.c.obj
                0x080057a0                xTaskRemoveFromEventList
 .text.vTaskInternalSetTimeOutState
                0x0800582c       0x18 CMakeFiles/F407_Controller.elf.dir/Middlewares/Third_Party/FreeRTOS/Source/tasks.c.obj
                0x0800582c                vTaskInternalSetTimeOutState
 .text.xTaskCheckForTimeOut
                0x08005844       0x84 CMakeFiles/F407_Controller.elf.dir/Middlewares/Third_Party/FreeRTOS/Source/tasks.c.obj
                0x08005844                xTaskCheckForTimeOut
 .text.vTaskMissedYield
                0x080058c8        0xc CMakeFiles/F407_Controller.elf.dir/Middlewares/Third_Party/FreeRTOS/Source/tasks.c.obj
                0x080058c8                vTaskMissedYield
 .text.xTaskGetSchedulerState
                0x080058d4       0x20 CMakeFiles/F407_Controller.elf.dir/Middlewares/Third_Party/FreeRTOS/Source/tasks.c.obj
                0x080058d4                xTaskGetSchedulerState
 .text.xTaskPriorityInherit
                0x080058f4       0x98 CMakeFiles/F407_Controller.elf.dir/Middlewares/Third_Party/FreeRTOS/Source/tasks.c.obj
                0x080058f4                xTaskPriorityInherit
 .text.xTaskPriorityDisinherit
                0x0800598c       0x90 CMakeFiles/F407_Controller.elf.dir/Middlewares/Third_Party/FreeRTOS/Source/tasks.c.obj
                0x0800598c                xTaskPriorityDisinherit
 .text.vTaskPriorityDisinheritAfterTimeout
                0x08005a1c       0xa0 CMakeFiles/F407_Controller.elf.dir/Middlewares/Third_Party/FreeRTOS/Source/tasks.c.obj
                0x08005a1c                vTaskPriorityDisinheritAfterTimeout
 .text.pvTaskIncrementMutexHeldCount
                0x08005abc       0x1c CMakeFiles/F407_Controller.elf.dir/Middlewares/Third_Party/FreeRTOS/Source/tasks.c.obj
                0x08005abc                pvTaskIncrementMutexHeldCount
 .text.prvGetNextExpireTime
                0x08005ad8       0x20 CMakeFiles/F407_Controller.elf.dir/Middlewares/Third_Party/FreeRTOS/Source/timers.c.obj
 .text.prvInsertTimerInActiveList
                0x08005af8       0x48 CMakeFiles/F407_Controller.elf.dir/Middlewares/Third_Party/FreeRTOS/Source/timers.c.obj
 .text.prvCheckForValidListAndQueue
                0x08005b40       0x70 CMakeFiles/F407_Controller.elf.dir/Middlewares/Third_Party/FreeRTOS/Source/timers.c.obj
 .text.xTimerCreateTimerTask
                0x08005bb0       0x64 CMakeFiles/F407_Controller.elf.dir/Middlewares/Third_Party/FreeRTOS/Source/timers.c.obj
                0x08005bb0                xTimerCreateTimerTask
 .text.xTimerGenericCommand
                0x08005c14       0x6c CMakeFiles/F407_Controller.elf.dir/Middlewares/Third_Party/FreeRTOS/Source/timers.c.obj
                0x08005c14                xTimerGenericCommand
 .text.prvSwitchTimerLists
                0x08005c80       0x7c CMakeFiles/F407_Controller.elf.dir/Middlewares/Third_Party/FreeRTOS/Source/timers.c.obj
 .text.prvSampleTimeNow
                0x08005cfc       0x2c CMakeFiles/F407_Controller.elf.dir/Middlewares/Third_Party/FreeRTOS/Source/timers.c.obj
 .text.prvProcessExpiredTimer
                0x08005d28       0x6c CMakeFiles/F407_Controller.elf.dir/Middlewares/Third_Party/FreeRTOS/Source/timers.c.obj
 .text.prvProcessTimerOrBlockTask
                0x08005d94       0x74 CMakeFiles/F407_Controller.elf.dir/Middlewares/Third_Party/FreeRTOS/Source/timers.c.obj
 .text.prvProcessReceivedCommands
                0x08005e08      0x10c CMakeFiles/F407_Controller.elf.dir/Middlewares/Third_Party/FreeRTOS/Source/timers.c.obj
 .text.prvTimerTask
                0x08005f14       0x16 CMakeFiles/F407_Controller.elf.dir/Middlewares/Third_Party/FreeRTOS/Source/timers.c.obj
 *fill*         0x08005f2a        0x2 
 .text.__libc_init_array
                0x08005f2c       0x48 c:/progra~1/gcc-ar~1.10/bin/../lib/gcc/arm-none-eabi/10.3.1/../../../../arm-none-eabi/lib/thumb/v7e-m+fp/hard\libg.a(lib_a-init.o)
                0x08005f2c                __libc_init_array
 .text.memset   0x08005f74       0xa4 c:/progra~1/gcc-ar~1.10/bin/../lib/gcc/arm-none-eabi/10.3.1/../../../../arm-none-eabi/lib/thumb/v7e-m+fp/hard\libg.a(lib_a-memset.o)
                0x08005f74                memset
 .text.startup.register_fini
                0x08006018       0x14 c:/progra~1/gcc-ar~1.10/bin/../lib/gcc/arm-none-eabi/10.3.1/../../../../arm-none-eabi/lib/thumb/v7e-m+fp/hard\libg.a(lib_a-__call_atexit.o)
 .text.atexit   0x0800602c        0xc c:/progra~1/gcc-ar~1.10/bin/../lib/gcc/arm-none-eabi/10.3.1/../../../../arm-none-eabi/lib/thumb/v7e-m+fp/hard\libg.a(lib_a-atexit.o)
                0x0800602c                atexit
 .text.__libc_fini_array
                0x08006038       0x2c c:/progra~1/gcc-ar~1.10/bin/../lib/gcc/arm-none-eabi/10.3.1/../../../../arm-none-eabi/lib/thumb/v7e-m+fp/hard\libg.a(lib_a-fini.o)
                0x08006038                __libc_fini_array
 .text.__retarget_lock_acquire_recursive
                0x08006064        0x4 c:/progra~1/gcc-ar~1.10/bin/../lib/gcc/arm-none-eabi/10.3.1/../../../../arm-none-eabi/lib/thumb/v7e-m+fp/hard\libg.a(lib_a-lock.o)
                0x08006064                __retarget_lock_acquire_recursive
 .text.__retarget_lock_release_recursive
                0x08006068        0x4 c:/progra~1/gcc-ar~1.10/bin/../lib/gcc/arm-none-eabi/10.3.1/../../../../arm-none-eabi/lib/thumb/v7e-m+fp/hard\libg.a(lib_a-lock.o)
                0x08006068                __retarget_lock_release_recursive
 .text.__register_exitproc
                0x0800606c       0x8c c:/progra~1/gcc-ar~1.10/bin/../lib/gcc/arm-none-eabi/10.3.1/../../../../arm-none-eabi/lib/thumb/v7e-m+fp/hard\libg.a(lib_a-__atexit.o)
                0x0800606c                __register_exitproc
 *(.glue_7)
 .glue_7        0x080060f8        0x0 linker stubs
 *(.glue_7t)
 .glue_7t       0x080060f8        0x0 linker stubs
 *(.eh_frame)
 .eh_frame      0x080060f8        0x0 c:/progra~1/gcc-ar~1.10/bin/../lib/gcc/arm-none-eabi/10.3.1/thumb/v7e-m+fp/hard/crtbegin.o
 *(.init)
 .init          0x080060f8        0x4 c:/progra~1/gcc-ar~1.10/bin/../lib/gcc/arm-none-eabi/10.3.1/thumb/v7e-m+fp/hard/crti.o
                0x080060f8                _init
 .init          0x080060fc        0x8 c:/progra~1/gcc-ar~1.10/bin/../lib/gcc/arm-none-eabi/10.3.1/thumb/v7e-m+fp/hard/crtn.o
 *(.fini)
 .fini          0x08006104        0x4 c:/progra~1/gcc-ar~1.10/bin/../lib/gcc/arm-none-eabi/10.3.1/thumb/v7e-m+fp/hard/crti.o
                0x08006104                _fini
 .fini          0x08006108        0x8 c:/progra~1/gcc-ar~1.10/bin/../lib/gcc/arm-none-eabi/10.3.1/thumb/v7e-m+fp/hard/crtn.o
                0x08006110                . = ALIGN (0x4)
                0x08006110                _etext = .

.vfp11_veneer   0x08006110        0x0
 .vfp11_veneer  0x08006110        0x0 linker stubs

.v4_bx          0x08006110        0x0
 .v4_bx         0x08006110        0x0 linker stubs

.iplt           0x08006110        0x0
 .iplt          0x08006110        0x0 c:/progra~1/gcc-ar~1.10/bin/../lib/gcc/arm-none-eabi/10.3.1/thumb/v7e-m+fp/hard/crtbegin.o

.rodata         0x08006110     0x34e4
                0x08006110                . = ALIGN (0x4)
 *(.rodata)
 *(.rodata*)
 .rodata.App_lcd.str1.4
                0x08006110       0x11 CMakeFiles/F407_Controller.elf.dir/Core/Src/freertos.c.obj
 *fill*         0x08006121        0x3 
 .rodata.str1.4
                0x08006124       0x21 CMakeFiles/F407_Controller.elf.dir/Core/Src/freertos.c.obj
 *fill*         0x08006145        0x3 
 .rodata.BinSem_DataReady_attributes
                0x08006148       0x10 CMakeFiles/F407_Controller.elf.dir/Core/Src/freertos.c.obj
                0x08006148                BinSem_DataReady_attributes
 .rodata.adc_attributes
                0x08006158       0x24 CMakeFiles/F407_Controller.elf.dir/Core/Src/freertos.c.obj
                0x08006158                adc_attributes
 .rodata.lcd_attributes
                0x0800617c       0x24 CMakeFiles/F407_Controller.elf.dir/Core/Src/freertos.c.obj
                0x0800617c                lcd_attributes
 .rodata.main_attributes
                0x080061a0       0x24 CMakeFiles/F407_Controller.elf.dir/Core/Src/freertos.c.obj
                0x080061a0                main_attributes
 .rodata.AHBPrescTable
                0x080061c4       0x10 CMakeFiles/F407_Controller.elf.dir/Core/Src/system_stm32f4xx.c.obj
                0x080061c4                AHBPrescTable
 .rodata.APBPrescTable
                0x080061d4        0x8 CMakeFiles/F407_Controller.elf.dir/Core/Src/system_stm32f4xx.c.obj
                0x080061d4                APBPrescTable
 .rodata.ascii_1206
                0x080061dc      0x474 CMakeFiles/F407_Controller.elf.dir/Drivers/LCD_240_280/Src/lcd.c.obj
                0x080061dc                ascii_1206
 .rodata.ascii_1608
                0x08006650      0x5f0 CMakeFiles/F407_Controller.elf.dir/Drivers/LCD_240_280/Src/lcd.c.obj
                0x08006650                ascii_1608
 .rodata.ascii_2412
                0x08006c40     0x11d0 CMakeFiles/F407_Controller.elf.dir/Drivers/LCD_240_280/Src/lcd.c.obj
                0x08006c40                ascii_2412
 .rodata.ascii_3216
                0x08007e10     0x17c0 CMakeFiles/F407_Controller.elf.dir/Drivers/LCD_240_280/Src/lcd.c.obj
                0x08007e10                ascii_3216
 .rodata.flagBitshiftOffset.0
                0x080095d0        0x8 CMakeFiles/F407_Controller.elf.dir/Drivers/STM32F4xx_HAL_Driver/Src/stm32f4xx_hal_dma.c.obj
 .rodata.vTaskStartScheduler.str1.4
                0x080095d8        0x5 CMakeFiles/F407_Controller.elf.dir/Middlewares/Third_Party/FreeRTOS/Source/tasks.c.obj
 *fill*         0x080095dd        0x3 
 .rodata.prvCheckForValidListAndQueue.str1.4
                0x080095e0        0x5 CMakeFiles/F407_Controller.elf.dir/Middlewares/Third_Party/FreeRTOS/Source/timers.c.obj
 *fill*         0x080095e5        0x3 
 .rodata.xTimerCreateTimerTask.str1.4
                0x080095e8        0x8 CMakeFiles/F407_Controller.elf.dir/Middlewares/Third_Party/FreeRTOS/Source/timers.c.obj
 .rodata._global_impure_ptr
                0x080095f0        0x4 c:/progra~1/gcc-ar~1.10/bin/../lib/gcc/arm-none-eabi/10.3.1/../../../../arm-none-eabi/lib/thumb/v7e-m+fp/hard\libg.a(lib_a-impure.o)
                0x080095f0                _global_impure_ptr
                0x080095f4                . = ALIGN (0x4)

.ARM.extab      0x080095f4        0x0
                0x080095f4                . = ALIGN (0x4)
 *(.ARM.extab* .gnu.linkonce.armextab.*)
                0x080095f4                . = ALIGN (0x4)

.ARM            0x080095f4        0x8
                0x080095f4                . = ALIGN (0x4)
                0x080095f4                __exidx_start = .
 *(.ARM.exidx*)
 .ARM.exidx     0x080095f4        0x8 c:/progra~1/gcc-ar~1.10/bin/../lib/gcc/arm-none-eabi/10.3.1/thumb/v7e-m+fp/hard\libgcc.a(_udivmoddi4.o)
                0x080095fc                __exidx_end = .
                0x080095fc                . = ALIGN (0x4)

.rel.dyn        0x080095fc        0x0
 .rel.iplt      0x080095fc        0x0 c:/progra~1/gcc-ar~1.10/bin/../lib/gcc/arm-none-eabi/10.3.1/thumb/v7e-m+fp/hard/crtbegin.o

.preinit_array  0x080095fc        0x0
                0x080095fc                . = ALIGN (0x4)
                0x080095fc                PROVIDE (__preinit_array_start = .)
 *(.preinit_array*)
                0x080095fc                PROVIDE (__preinit_array_end = .)
                0x080095fc                . = ALIGN (0x4)

.init_array     0x080095fc        0x8
                0x080095fc                . = ALIGN (0x4)
                0x080095fc                PROVIDE (__init_array_start = .)
 *(SORT_BY_NAME(.init_array.*))
 .init_array.00000
                0x080095fc        0x4 c:/progra~1/gcc-ar~1.10/bin/../lib/gcc/arm-none-eabi/10.3.1/../../../../arm-none-eabi/lib/thumb/v7e-m+fp/hard\libg.a(lib_a-__call_atexit.o)
 *(.init_array*)
 .init_array    0x08009600        0x4 c:/progra~1/gcc-ar~1.10/bin/../lib/gcc/arm-none-eabi/10.3.1/thumb/v7e-m+fp/hard/crtbegin.o
                0x08009604                PROVIDE (__init_array_end = .)
                0x08009604                . = ALIGN (0x4)

.fini_array     0x08009604        0x4
                0x08009604                . = ALIGN (0x4)
                0x08009604                PROVIDE (__fini_array_start = .)
 *(SORT_BY_NAME(.fini_array.*))
 *(.fini_array*)
 .fini_array    0x08009604        0x4 c:/progra~1/gcc-ar~1.10/bin/../lib/gcc/arm-none-eabi/10.3.1/thumb/v7e-m+fp/hard/crtbegin.o
                0x08009608                PROVIDE (__fini_array_end = .)
                0x08009608                . = ALIGN (0x4)
                0x08009608                _sidata = LOADADDR (.data)

.data           0x20000000      0x43c load address 0x08009608
                0x20000000                . = ALIGN (0x4)
                0x20000000                _sdata = .
 *(.data)
 *(.data*)
 .data.SystemCoreClock
                0x20000000        0x4 CMakeFiles/F407_Controller.elf.dir/Core/Src/system_stm32f4xx.c.obj
                0x20000000                SystemCoreClock
 .data.uwTickFreq
                0x20000004        0x1 CMakeFiles/F407_Controller.elf.dir/Drivers/STM32F4xx_HAL_Driver/Src/stm32f4xx_hal.c.obj
                0x20000004                uwTickFreq
 *fill*         0x20000005        0x3 
 .data.uwTickPrio
                0x20000008        0x4 CMakeFiles/F407_Controller.elf.dir/Drivers/STM32F4xx_HAL_Driver/Src/stm32f4xx_hal.c.obj
                0x20000008                uwTickPrio
 .data.uxCriticalNesting
                0x2000000c        0x4 CMakeFiles/F407_Controller.elf.dir/Middlewares/Third_Party/FreeRTOS/Source/portable/GCC/ARM_CM4F/port.c.obj
 .data.impure_data
                0x20000010      0x428 c:/progra~1/gcc-ar~1.10/bin/../lib/gcc/arm-none-eabi/10.3.1/../../../../arm-none-eabi/lib/thumb/v7e-m+fp/hard\libg.a(lib_a-impure.o)
 .data.__atexit_recursive_mutex
                0x20000438        0x4 c:/progra~1/gcc-ar~1.10/bin/../lib/gcc/arm-none-eabi/10.3.1/../../../../arm-none-eabi/lib/thumb/v7e-m+fp/hard\libg.a(lib_a-__call_atexit.o)
                0x20000438                __atexit_recursive_mutex
 *(.RamFunc)
 *(.RamFunc*)
                0x2000043c                . = ALIGN (0x4)
                0x2000043c                _edata = .
                0x08009a44                _siccmram = LOADADDR (.ccmram)

.igot.plt       0x2000043c        0x0 load address 0x08009a44
 .igot.plt      0x2000043c        0x0 c:/progra~1/gcc-ar~1.10/bin/../lib/gcc/arm-none-eabi/10.3.1/thumb/v7e-m+fp/hard/crtbegin.o

.ccmram         0x10000000        0x0 load address 0x08009a44
                0x10000000                . = ALIGN (0x4)
                0x10000000                _sccmram = .
 *(.ccmram)
 *(.ccmram*)
                0x10000000                . = ALIGN (0x4)
                0x10000000                _eccmram = .
                0x10000000                . = ALIGN (0x4)

.bss            0x2000043c     0x52f0
                0x2000043c                _sbss = .
                0x2000043c                __bss_start__ = _sbss
 *(.bss)
 .bss           0x2000043c       0x1c c:/progra~1/gcc-ar~1.10/bin/../lib/gcc/arm-none-eabi/10.3.1/thumb/v7e-m+fp/hard/crtbegin.o
 *(.bss*)
 .bss.hadc1     0x20000458       0x48 CMakeFiles/F407_Controller.elf.dir/Core/Src/adc.c.obj
                0x20000458                hadc1
 .bss.hadc2     0x200004a0       0x48 CMakeFiles/F407_Controller.elf.dir/Core/Src/adc.c.obj
                0x200004a0                hadc2
 .bss.hdma_adc1
                0x200004e8       0x60 CMakeFiles/F407_Controller.elf.dir/Core/Src/adc.c.obj
                0x200004e8                hdma_adc1
 .bss.BinSem_DataReadyHandle
                0x20000548        0x4 CMakeFiles/F407_Controller.elf.dir/Core/Src/freertos.c.obj
                0x20000548                BinSem_DataReadyHandle
 .bss.adc       0x2000054c        0x8 CMakeFiles/F407_Controller.elf.dir/Core/Src/freertos.c.obj
                0x2000054c                adc
 .bss.adcBuffer
                0x20000554      0x200 CMakeFiles/F407_Controller.elf.dir/Core/Src/freertos.c.obj
                0x20000554                adcBuffer
 .bss.adcControlBlock
                0x20000754       0x5c CMakeFiles/F407_Controller.elf.dir/Core/Src/freertos.c.obj
                0x20000754                adcControlBlock
 .bss.adcHandle
                0x200007b0        0x4 CMakeFiles/F407_Controller.elf.dir/Core/Src/freertos.c.obj
                0x200007b0                adcHandle
 .bss.lcdBuffer
                0x200007b4      0x200 CMakeFiles/F407_Controller.elf.dir/Core/Src/freertos.c.obj
                0x200007b4                lcdBuffer
 .bss.lcdControlBlock
                0x200009b4       0x5c CMakeFiles/F407_Controller.elf.dir/Core/Src/freertos.c.obj
                0x200009b4                lcdControlBlock
 .bss.lcdHandle
                0x20000a10        0x4 CMakeFiles/F407_Controller.elf.dir/Core/Src/freertos.c.obj
                0x20000a10                lcdHandle
 .bss.mainBuffer
                0x20000a14      0x200 CMakeFiles/F407_Controller.elf.dir/Core/Src/freertos.c.obj
                0x20000a14                mainBuffer
 .bss.mainControlBlock
                0x20000c14       0x5c CMakeFiles/F407_Controller.elf.dir/Core/Src/freertos.c.obj
                0x20000c14                mainControlBlock
 .bss.mainHandle
                0x20000c70        0x4 CMakeFiles/F407_Controller.elf.dir/Core/Src/freertos.c.obj
                0x20000c70                mainHandle
 .bss.txBuffer  0x20000c74       0x10 CMakeFiles/F407_Controller.elf.dir/Core/Src/freertos.c.obj
                0x20000c74                txBuffer
 .bss.dmaBuffer
                0x20000c84        0x8 CMakeFiles/F407_Controller.elf.dir/Core/Src/main.c.obj
                0x20000c84                dmaBuffer
 .bss.hspi1     0x20000c8c       0x58 CMakeFiles/F407_Controller.elf.dir/Core/Src/spi.c.obj
                0x20000c8c                hspi1
 .bss.hspi3     0x20000ce4       0x58 CMakeFiles/F407_Controller.elf.dir/Core/Src/spi.c.obj
                0x20000ce4                hspi3
 .bss.htim14    0x20000d3c       0x48 CMakeFiles/F407_Controller.elf.dir/Core/Src/stm32f4xx_hal_timebase_tim.c.obj
                0x20000d3c                htim14
 .bss.htim3     0x20000d84       0x48 CMakeFiles/F407_Controller.elf.dir/Core/Src/tim.c.obj
                0x20000d84                htim3
 .bss.adcStaticValue
                0x20000dcc        0x8 CMakeFiles/F407_Controller.elf.dir/Drivers/BoardSupportPackage/Src/bsp.c.obj
                0x20000dcc                adcStaticValue
 .bss.uwTick    0x20000dd4        0x4 CMakeFiles/F407_Controller.elf.dir/Drivers/STM32F4xx_HAL_Driver/Src/stm32f4xx_hal.c.obj
                0x20000dd4                uwTick
 .bss.Idle_Stack.2
                0x20000dd8      0x200 CMakeFiles/F407_Controller.elf.dir/Middlewares/Third_Party/FreeRTOS/Source/CMSIS_RTOS_V2/cmsis_os2.c.obj
 .bss.Idle_TCB.3
                0x20000fd8       0x5c CMakeFiles/F407_Controller.elf.dir/Middlewares/Third_Party/FreeRTOS/Source/CMSIS_RTOS_V2/cmsis_os2.c.obj
 .bss.KernelState
                0x20001034        0x4 CMakeFiles/F407_Controller.elf.dir/Middlewares/Third_Party/FreeRTOS/Source/CMSIS_RTOS_V2/cmsis_os2.c.obj
 .bss.Timer_Stack.0
                0x20001038      0x400 CMakeFiles/F407_Controller.elf.dir/Middlewares/Third_Party/FreeRTOS/Source/CMSIS_RTOS_V2/cmsis_os2.c.obj
 .bss.Timer_TCB.1
                0x20001438       0x5c CMakeFiles/F407_Controller.elf.dir/Middlewares/Third_Party/FreeRTOS/Source/CMSIS_RTOS_V2/cmsis_os2.c.obj
 .bss.ucMaxSysCallPriority
                0x20001494        0x1 CMakeFiles/F407_Controller.elf.dir/Middlewares/Third_Party/FreeRTOS/Source/portable/GCC/ARM_CM4F/port.c.obj
 *fill*         0x20001495        0x3 
 .bss.ulMaxPRIGROUPValue
                0x20001498        0x4 CMakeFiles/F407_Controller.elf.dir/Middlewares/Third_Party/FreeRTOS/Source/portable/GCC/ARM_CM4F/port.c.obj
 .bss.pxEnd     0x2000149c        0x4 CMakeFiles/F407_Controller.elf.dir/Middlewares/Third_Party/FreeRTOS/Source/portable/MemMang/heap_4.c.obj
 .bss.ucHeap    0x200014a0     0x3c00 CMakeFiles/F407_Controller.elf.dir/Middlewares/Third_Party/FreeRTOS/Source/portable/MemMang/heap_4.c.obj
 .bss.xBlockAllocatedBit
                0x200050a0        0x4 CMakeFiles/F407_Controller.elf.dir/Middlewares/Third_Party/FreeRTOS/Source/portable/MemMang/heap_4.c.obj
 .bss.xFreeBytesRemaining
                0x200050a4        0x4 CMakeFiles/F407_Controller.elf.dir/Middlewares/Third_Party/FreeRTOS/Source/portable/MemMang/heap_4.c.obj
 .bss.xMinimumEverFreeBytesRemaining
                0x200050a8        0x4 CMakeFiles/F407_Controller.elf.dir/Middlewares/Third_Party/FreeRTOS/Source/portable/MemMang/heap_4.c.obj
 .bss.xNumberOfSuccessfulAllocations
                0x200050ac        0x4 CMakeFiles/F407_Controller.elf.dir/Middlewares/Third_Party/FreeRTOS/Source/portable/MemMang/heap_4.c.obj
 .bss.xNumberOfSuccessfulFrees
                0x200050b0        0x4 CMakeFiles/F407_Controller.elf.dir/Middlewares/Third_Party/FreeRTOS/Source/portable/MemMang/heap_4.c.obj
 .bss.xStart    0x200050b4        0x8 CMakeFiles/F407_Controller.elf.dir/Middlewares/Third_Party/FreeRTOS/Source/portable/MemMang/heap_4.c.obj
 .bss.xQueueRegistry
                0x200050bc       0x40 CMakeFiles/F407_Controller.elf.dir/Middlewares/Third_Party/FreeRTOS/Source/queue.c.obj
                0x200050bc                xQueueRegistry
 .bss.pxCurrentTCB
                0x200050fc        0x4 CMakeFiles/F407_Controller.elf.dir/Middlewares/Third_Party/FreeRTOS/Source/tasks.c.obj
                0x200050fc                pxCurrentTCB
 .bss.pxDelayedTaskList
                0x20005100        0x4 CMakeFiles/F407_Controller.elf.dir/Middlewares/Third_Party/FreeRTOS/Source/tasks.c.obj
 .bss.pxOverflowDelayedTaskList
                0x20005104        0x4 CMakeFiles/F407_Controller.elf.dir/Middlewares/Third_Party/FreeRTOS/Source/tasks.c.obj
 .bss.pxReadyTasksLists
                0x20005108      0x460 CMakeFiles/F407_Controller.elf.dir/Middlewares/Third_Party/FreeRTOS/Source/tasks.c.obj
 .bss.uxCurrentNumberOfTasks
                0x20005568        0x4 CMakeFiles/F407_Controller.elf.dir/Middlewares/Third_Party/FreeRTOS/Source/tasks.c.obj
 .bss.uxDeletedTasksWaitingCleanUp
                0x2000556c        0x4 CMakeFiles/F407_Controller.elf.dir/Middlewares/Third_Party/FreeRTOS/Source/tasks.c.obj
 .bss.uxSchedulerSuspended
                0x20005570        0x4 CMakeFiles/F407_Controller.elf.dir/Middlewares/Third_Party/FreeRTOS/Source/tasks.c.obj
 .bss.uxTaskNumber
                0x20005574        0x4 CMakeFiles/F407_Controller.elf.dir/Middlewares/Third_Party/FreeRTOS/Source/tasks.c.obj
 .bss.uxTopReadyPriority
                0x20005578        0x4 CMakeFiles/F407_Controller.elf.dir/Middlewares/Third_Party/FreeRTOS/Source/tasks.c.obj
 .bss.xDelayedTaskList1
                0x2000557c       0x14 CMakeFiles/F407_Controller.elf.dir/Middlewares/Third_Party/FreeRTOS/Source/tasks.c.obj
 .bss.xDelayedTaskList2
                0x20005590       0x14 CMakeFiles/F407_Controller.elf.dir/Middlewares/Third_Party/FreeRTOS/Source/tasks.c.obj
 .bss.xIdleTaskHandle
                0x200055a4        0x4 CMakeFiles/F407_Controller.elf.dir/Middlewares/Third_Party/FreeRTOS/Source/tasks.c.obj
 .bss.xNextTaskUnblockTime
                0x200055a8        0x4 CMakeFiles/F407_Controller.elf.dir/Middlewares/Third_Party/FreeRTOS/Source/tasks.c.obj
 .bss.xNumOfOverflows
                0x200055ac        0x4 CMakeFiles/F407_Controller.elf.dir/Middlewares/Third_Party/FreeRTOS/Source/tasks.c.obj
 .bss.xPendedTicks
                0x200055b0        0x4 CMakeFiles/F407_Controller.elf.dir/Middlewares/Third_Party/FreeRTOS/Source/tasks.c.obj
 .bss.xPendingReadyList
                0x200055b4       0x14 CMakeFiles/F407_Controller.elf.dir/Middlewares/Third_Party/FreeRTOS/Source/tasks.c.obj
 .bss.xSchedulerRunning
                0x200055c8        0x4 CMakeFiles/F407_Controller.elf.dir/Middlewares/Third_Party/FreeRTOS/Source/tasks.c.obj
 .bss.xSuspendedTaskList
                0x200055cc       0x14 CMakeFiles/F407_Controller.elf.dir/Middlewares/Third_Party/FreeRTOS/Source/tasks.c.obj
 .bss.xTasksWaitingTermination
                0x200055e0       0x14 CMakeFiles/F407_Controller.elf.dir/Middlewares/Third_Party/FreeRTOS/Source/tasks.c.obj
 .bss.xTickCount
                0x200055f4        0x4 CMakeFiles/F407_Controller.elf.dir/Middlewares/Third_Party/FreeRTOS/Source/tasks.c.obj
 .bss.xYieldPending
                0x200055f8        0x4 CMakeFiles/F407_Controller.elf.dir/Middlewares/Third_Party/FreeRTOS/Source/tasks.c.obj
 .bss.pxCurrentTimerList
                0x200055fc        0x4 CMakeFiles/F407_Controller.elf.dir/Middlewares/Third_Party/FreeRTOS/Source/timers.c.obj
 .bss.pxOverflowTimerList
                0x20005600        0x4 CMakeFiles/F407_Controller.elf.dir/Middlewares/Third_Party/FreeRTOS/Source/timers.c.obj
 .bss.ucStaticTimerQueueStorage.1
                0x20005604       0xa0 CMakeFiles/F407_Controller.elf.dir/Middlewares/Third_Party/FreeRTOS/Source/timers.c.obj
 .bss.xActiveTimerList1
                0x200056a4       0x14 CMakeFiles/F407_Controller.elf.dir/Middlewares/Third_Party/FreeRTOS/Source/timers.c.obj
 .bss.xActiveTimerList2
                0x200056b8       0x14 CMakeFiles/F407_Controller.elf.dir/Middlewares/Third_Party/FreeRTOS/Source/timers.c.obj
 .bss.xLastTime.2
                0x200056cc        0x4 CMakeFiles/F407_Controller.elf.dir/Middlewares/Third_Party/FreeRTOS/Source/timers.c.obj
 .bss.xStaticTimerQueue.0
                0x200056d0       0x50 CMakeFiles/F407_Controller.elf.dir/Middlewares/Third_Party/FreeRTOS/Source/timers.c.obj
 .bss.xTimerQueue
                0x20005720        0x4 CMakeFiles/F407_Controller.elf.dir/Middlewares/Third_Party/FreeRTOS/Source/timers.c.obj
 .bss.xTimerTaskHandle
                0x20005724        0x4 CMakeFiles/F407_Controller.elf.dir/Middlewares/Third_Party/FreeRTOS/Source/timers.c.obj
 .bss.__lock___atexit_recursive_mutex
                0x20005728        0x1 c:/progra~1/gcc-ar~1.10/bin/../lib/gcc/arm-none-eabi/10.3.1/../../../../arm-none-eabi/lib/thumb/v7e-m+fp/hard\libg.a(lib_a-lock.o)
                0x20005728                __lock___atexit_recursive_mutex
 *(COMMON)
                0x2000572c                . = ALIGN (0x4)
 *fill*         0x20005729        0x3 
                0x2000572c                _ebss = .
                0x2000572c                __bss_end__ = _ebss

._user_heap_stack
                0x2000572c      0x604
                0x20005730                . = ALIGN (0x8)
 *fill*         0x2000572c        0x4 
                [!provide]                PROVIDE (end = .)
                0x20005730                PROVIDE (_end = .)
                0x20005930                . = (. + _Min_Heap_Size)
 *fill*         0x20005730      0x200 
                0x20005d30                . = (. + _Min_Stack_Size)
 *fill*         0x20005930      0x400 
                0x20005d30                . = ALIGN (0x8)

/DISCARD/
 libc.a(*)
 libm.a(*)
 libgcc.a(*)

.ARM.attributes
                0x00000000       0x30
 *(.ARM.attributes)
 .ARM.attributes
                0x00000000       0x1e c:/progra~1/gcc-ar~1.10/bin/../lib/gcc/arm-none-eabi/10.3.1/thumb/v7e-m+fp/hard/crti.o
 .ARM.attributes
                0x0000001e       0x34 c:/progra~1/gcc-ar~1.10/bin/../lib/gcc/arm-none-eabi/10.3.1/thumb/v7e-m+fp/hard/crtbegin.o
 .ARM.attributes
                0x00000052       0x34 CMakeFiles/F407_Controller.elf.dir/Core/Src/adc.c.obj
 .ARM.attributes
                0x00000086       0x34 CMakeFiles/F407_Controller.elf.dir/Core/Src/dma.c.obj
 .ARM.attributes
                0x000000ba       0x34 CMakeFiles/F407_Controller.elf.dir/Core/Src/freertos.c.obj
 .ARM.attributes
                0x000000ee       0x34 CMakeFiles/F407_Controller.elf.dir/Core/Src/gpio.c.obj
 .ARM.attributes
                0x00000122       0x34 CMakeFiles/F407_Controller.elf.dir/Core/Src/main.c.obj
 .ARM.attributes
                0x00000156       0x34 CMakeFiles/F407_Controller.elf.dir/Core/Src/spi.c.obj
 .ARM.attributes
                0x0000018a       0x34 CMakeFiles/F407_Controller.elf.dir/Core/Src/stm32f4xx_hal_msp.c.obj
 .ARM.attributes
                0x000001be       0x34 CMakeFiles/F407_Controller.elf.dir/Core/Src/stm32f4xx_hal_timebase_tim.c.obj
 .ARM.attributes
                0x000001f2       0x34 CMakeFiles/F407_Controller.elf.dir/Core/Src/stm32f4xx_it.c.obj
 .ARM.attributes
                0x00000226       0x34 CMakeFiles/F407_Controller.elf.dir/Core/Src/system_stm32f4xx.c.obj
 .ARM.attributes
                0x0000025a       0x34 CMakeFiles/F407_Controller.elf.dir/Core/Src/tim.c.obj
 .ARM.attributes
                0x0000028e       0x21 CMakeFiles/F407_Controller.elf.dir/Core/Startup/startup_stm32f407vetx.s.obj
 .ARM.attributes
                0x000002af       0x34 CMakeFiles/F407_Controller.elf.dir/Drivers/BoardSupportPackage/Src/bsp.c.obj
 .ARM.attributes
                0x000002e3       0x34 CMakeFiles/F407_Controller.elf.dir/Drivers/LCD_240_280/Src/lcd.c.obj
 .ARM.attributes
                0x00000317       0x34 CMakeFiles/F407_Controller.elf.dir/Drivers/LCD_240_280/Src/lcd_interface.c.obj
 .ARM.attributes
                0x0000034b       0x34 CMakeFiles/F407_Controller.elf.dir/Drivers/NRF/Src/nrf.c.obj
 .ARM.attributes
                0x0000037f       0x34 CMakeFiles/F407_Controller.elf.dir/Drivers/NRF/Src/nrf_interface.c.obj
 .ARM.attributes
                0x000003b3       0x34 CMakeFiles/F407_Controller.elf.dir/Drivers/STM32F4xx_HAL_Driver/Src/stm32f4xx_hal.c.obj
 .ARM.attributes
                0x000003e7       0x34 CMakeFiles/F407_Controller.elf.dir/Drivers/STM32F4xx_HAL_Driver/Src/stm32f4xx_hal_adc.c.obj
 .ARM.attributes
                0x0000041b       0x34 CMakeFiles/F407_Controller.elf.dir/Drivers/STM32F4xx_HAL_Driver/Src/stm32f4xx_hal_adc_ex.c.obj
 .ARM.attributes
                0x0000044f       0x34 CMakeFiles/F407_Controller.elf.dir/Drivers/STM32F4xx_HAL_Driver/Src/stm32f4xx_hal_cortex.c.obj
 .ARM.attributes
                0x00000483       0x34 CMakeFiles/F407_Controller.elf.dir/Drivers/STM32F4xx_HAL_Driver/Src/stm32f4xx_hal_dma.c.obj
 .ARM.attributes
                0x000004b7       0x34 CMakeFiles/F407_Controller.elf.dir/Drivers/STM32F4xx_HAL_Driver/Src/stm32f4xx_hal_gpio.c.obj
 .ARM.attributes
                0x000004eb       0x34 CMakeFiles/F407_Controller.elf.dir/Drivers/STM32F4xx_HAL_Driver/Src/stm32f4xx_hal_rcc.c.obj
 .ARM.attributes
                0x0000051f       0x34 CMakeFiles/F407_Controller.elf.dir/Drivers/STM32F4xx_HAL_Driver/Src/stm32f4xx_hal_spi.c.obj
 .ARM.attributes
                0x00000553       0x34 CMakeFiles/F407_Controller.elf.dir/Drivers/STM32F4xx_HAL_Driver/Src/stm32f4xx_hal_tim.c.obj
 .ARM.attributes
                0x00000587       0x34 CMakeFiles/F407_Controller.elf.dir/Drivers/STM32F4xx_HAL_Driver/Src/stm32f4xx_hal_tim_ex.c.obj
 .ARM.attributes
                0x000005bb       0x34 CMakeFiles/F407_Controller.elf.dir/Middlewares/Third_Party/FreeRTOS/Source/CMSIS_RTOS_V2/cmsis_os2.c.obj
 .ARM.attributes
                0x000005ef       0x34 CMakeFiles/F407_Controller.elf.dir/Middlewares/Third_Party/FreeRTOS/Source/list.c.obj
 .ARM.attributes
                0x00000623       0x34 CMakeFiles/F407_Controller.elf.dir/Middlewares/Third_Party/FreeRTOS/Source/portable/GCC/ARM_CM4F/port.c.obj
 .ARM.attributes
                0x00000657       0x34 CMakeFiles/F407_Controller.elf.dir/Middlewares/Third_Party/FreeRTOS/Source/portable/MemMang/heap_4.c.obj
 .ARM.attributes
                0x0000068b       0x34 CMakeFiles/F407_Controller.elf.dir/Middlewares/Third_Party/FreeRTOS/Source/queue.c.obj
 .ARM.attributes
                0x000006bf       0x34 CMakeFiles/F407_Controller.elf.dir/Middlewares/Third_Party/FreeRTOS/Source/tasks.c.obj
 .ARM.attributes
                0x000006f3       0x34 CMakeFiles/F407_Controller.elf.dir/Middlewares/Third_Party/FreeRTOS/Source/timers.c.obj
 .ARM.attributes
                0x00000727       0x1e c:/progra~1/gcc-ar~1.10/bin/../lib/gcc/arm-none-eabi/10.3.1/thumb/v7e-m+fp/hard\libgcc.a(_aeabi_uldivmod.o)
 .ARM.attributes
                0x00000745       0x34 c:/progra~1/gcc-ar~1.10/bin/../lib/gcc/arm-none-eabi/10.3.1/thumb/v7e-m+fp/hard\libgcc.a(_udivmoddi4.o)
 .ARM.attributes
                0x00000779       0x1e c:/progra~1/gcc-ar~1.10/bin/../lib/gcc/arm-none-eabi/10.3.1/thumb/v7e-m+fp/hard\libgcc.a(_dvmd_tls.o)
 .ARM.attributes
                0x00000797       0x34 c:/progra~1/gcc-ar~1.10/bin/../lib/gcc/arm-none-eabi/10.3.1/../../../../arm-none-eabi/lib/thumb/v7e-m+fp/hard\libg.a(lib_a-impure.o)
 .ARM.attributes
                0x000007cb       0x34 c:/progra~1/gcc-ar~1.10/bin/../lib/gcc/arm-none-eabi/10.3.1/../../../../arm-none-eabi/lib/thumb/v7e-m+fp/hard\libg.a(lib_a-init.o)
 .ARM.attributes
                0x000007ff       0x1c c:/progra~1/gcc-ar~1.10/bin/../lib/gcc/arm-none-eabi/10.3.1/../../../../arm-none-eabi/lib/thumb/v7e-m+fp/hard\libg.a(lib_a-memcpy.o)
 .ARM.attributes
                0x0000081b       0x34 c:/progra~1/gcc-ar~1.10/bin/../lib/gcc/arm-none-eabi/10.3.1/../../../../arm-none-eabi/lib/thumb/v7e-m+fp/hard\libg.a(lib_a-memset.o)
 .ARM.attributes
                0x0000084f       0x34 c:/progra~1/gcc-ar~1.10/bin/../lib/gcc/arm-none-eabi/10.3.1/../../../../arm-none-eabi/lib/thumb/v7e-m+fp/hard\libg.a(lib_a-__call_atexit.o)
 .ARM.attributes
                0x00000883       0x34 c:/progra~1/gcc-ar~1.10/bin/../lib/gcc/arm-none-eabi/10.3.1/../../../../arm-none-eabi/lib/thumb/v7e-m+fp/hard\libg.a(lib_a-atexit.o)
 .ARM.attributes
                0x000008b7       0x34 c:/progra~1/gcc-ar~1.10/bin/../lib/gcc/arm-none-eabi/10.3.1/../../../../arm-none-eabi/lib/thumb/v7e-m+fp/hard\libg.a(lib_a-fini.o)
 .ARM.attributes
                0x000008eb       0x34 c:/progra~1/gcc-ar~1.10/bin/../lib/gcc/arm-none-eabi/10.3.1/../../../../arm-none-eabi/lib/thumb/v7e-m+fp/hard\libg.a(lib_a-lock.o)
 .ARM.attributes
                0x0000091f       0x34 c:/progra~1/gcc-ar~1.10/bin/../lib/gcc/arm-none-eabi/10.3.1/../../../../arm-none-eabi/lib/thumb/v7e-m+fp/hard\libg.a(lib_a-__atexit.o)
 .ARM.attributes
                0x00000953       0x1e c:/progra~1/gcc-ar~1.10/bin/../lib/gcc/arm-none-eabi/10.3.1/thumb/v7e-m+fp/hard/crtn.o
OUTPUT(F407_Controller.elf elf32-littlearm)
LOAD linker stubs
LOAD c:/progra~1/gcc-ar~1.10/bin/../lib/gcc/arm-none-eabi/10.3.1/../../../../arm-none-eabi/lib/thumb/v7e-m+fp/hard\libc.a
LOAD c:/progra~1/gcc-ar~1.10/bin/../lib/gcc/arm-none-eabi/10.3.1/../../../../arm-none-eabi/lib/thumb/v7e-m+fp/hard\libm.a
LOAD c:/progra~1/gcc-ar~1.10/bin/../lib/gcc/arm-none-eabi/10.3.1/thumb/v7e-m+fp/hard\libgcc.a

.debug_info     0x00000000    0x256ab
 .debug_info    0x00000000      0xc7e CMakeFiles/F407_Controller.elf.dir/Core/Src/adc.c.obj
 .debug_info    0x00000c7e      0x4fc CMakeFiles/F407_Controller.elf.dir/Core/Src/dma.c.obj
 .debug_info    0x0000117a      0xe61 CMakeFiles/F407_Controller.elf.dir/Core/Src/freertos.c.obj
 .debug_info    0x00001fdb      0x6a4 CMakeFiles/F407_Controller.elf.dir/Core/Src/gpio.c.obj
 .debug_info    0x0000267f      0xf68 CMakeFiles/F407_Controller.elf.dir/Core/Src/main.c.obj
 .debug_info    0x000035e7      0xade CMakeFiles/F407_Controller.elf.dir/Core/Src/spi.c.obj
 .debug_info    0x000040c5      0x4f8 CMakeFiles/F407_Controller.elf.dir/Core/Src/stm32f4xx_hal_msp.c.obj
 .debug_info    0x000045bd      0xc9e CMakeFiles/F407_Controller.elf.dir/Core/Src/stm32f4xx_hal_timebase_tim.c.obj
 .debug_info    0x0000525b      0x779 CMakeFiles/F407_Controller.elf.dir/Core/Src/stm32f4xx_it.c.obj
 .debug_info    0x000059d4      0x538 CMakeFiles/F407_Controller.elf.dir/Core/Src/system_stm32f4xx.c.obj
 .debug_info    0x00005f0c      0xa14 CMakeFiles/F407_Controller.elf.dir/Core/Src/tim.c.obj
 .debug_info    0x00006920       0x22 CMakeFiles/F407_Controller.elf.dir/Core/Startup/startup_stm32f407vetx.s.obj
 .debug_info    0x00006942      0x12b CMakeFiles/F407_Controller.elf.dir/Drivers/BoardSupportPackage/Src/bsp.c.obj
 .debug_info    0x00006a6d     0x25ae CMakeFiles/F407_Controller.elf.dir/Drivers/LCD_240_280/Src/lcd.c.obj
 .debug_info    0x0000901b      0xe91 CMakeFiles/F407_Controller.elf.dir/Drivers/LCD_240_280/Src/lcd_interface.c.obj
 .debug_info    0x00009eac     0x11f2 CMakeFiles/F407_Controller.elf.dir/Drivers/NRF/Src/nrf.c.obj
 .debug_info    0x0000b09e      0xcbf CMakeFiles/F407_Controller.elf.dir/Drivers/NRF/Src/nrf_interface.c.obj
 .debug_info    0x0000bd5d      0x9f0 CMakeFiles/F407_Controller.elf.dir/Drivers/STM32F4xx_HAL_Driver/Src/stm32f4xx_hal.c.obj
 .debug_info    0x0000c74d      0xee1 CMakeFiles/F407_Controller.elf.dir/Drivers/STM32F4xx_HAL_Driver/Src/stm32f4xx_hal_adc.c.obj
 .debug_info    0x0000d62e      0xcaa CMakeFiles/F407_Controller.elf.dir/Drivers/STM32F4xx_HAL_Driver/Src/stm32f4xx_hal_adc_ex.c.obj
 .debug_info    0x0000e2d8     0x10ab CMakeFiles/F407_Controller.elf.dir/Drivers/STM32F4xx_HAL_Driver/Src/stm32f4xx_hal_cortex.c.obj
 .debug_info    0x0000f383      0xb3f CMakeFiles/F407_Controller.elf.dir/Drivers/STM32F4xx_HAL_Driver/Src/stm32f4xx_hal_dma.c.obj
 .debug_info    0x0000fec2      0x7b0 CMakeFiles/F407_Controller.elf.dir/Drivers/STM32F4xx_HAL_Driver/Src/stm32f4xx_hal_gpio.c.obj
 .debug_info    0x00010672      0xb03 CMakeFiles/F407_Controller.elf.dir/Drivers/STM32F4xx_HAL_Driver/Src/stm32f4xx_hal_rcc.c.obj
 .debug_info    0x00011175     0x1eb9 CMakeFiles/F407_Controller.elf.dir/Drivers/STM32F4xx_HAL_Driver/Src/stm32f4xx_hal_spi.c.obj
 .debug_info    0x0001302e     0x3dc6 CMakeFiles/F407_Controller.elf.dir/Drivers/STM32F4xx_HAL_Driver/Src/stm32f4xx_hal_tim.c.obj
 .debug_info    0x00016df4     0x1b03 CMakeFiles/F407_Controller.elf.dir/Drivers/STM32F4xx_HAL_Driver/Src/stm32f4xx_hal_tim_ex.c.obj
 .debug_info    0x000188f7     0x4afe CMakeFiles/F407_Controller.elf.dir/Middlewares/Third_Party/FreeRTOS/Source/CMSIS_RTOS_V2/cmsis_os2.c.obj
 .debug_info    0x0001d3f5      0x2e0 CMakeFiles/F407_Controller.elf.dir/Middlewares/Third_Party/FreeRTOS/Source/list.c.obj
 .debug_info    0x0001d6d5      0x587 CMakeFiles/F407_Controller.elf.dir/Middlewares/Third_Party/FreeRTOS/Source/portable/GCC/ARM_CM4F/port.c.obj
 .debug_info    0x0001dc5c      0x5d9 CMakeFiles/F407_Controller.elf.dir/Middlewares/Third_Party/FreeRTOS/Source/portable/MemMang/heap_4.c.obj
 .debug_info    0x0001e235     0x2826 CMakeFiles/F407_Controller.elf.dir/Middlewares/Third_Party/FreeRTOS/Source/queue.c.obj
 .debug_info    0x00020a5b     0x3197 CMakeFiles/F407_Controller.elf.dir/Middlewares/Third_Party/FreeRTOS/Source/tasks.c.obj
 .debug_info    0x00023bf2     0x1ab9 CMakeFiles/F407_Controller.elf.dir/Middlewares/Third_Party/FreeRTOS/Source/timers.c.obj

.debug_abbrev   0x00000000     0x482b
 .debug_abbrev  0x00000000      0x1e6 CMakeFiles/F407_Controller.elf.dir/Core/Src/adc.c.obj
 .debug_abbrev  0x000001e6      0x126 CMakeFiles/F407_Controller.elf.dir/Core/Src/dma.c.obj
 .debug_abbrev  0x0000030c      0x212 CMakeFiles/F407_Controller.elf.dir/Core/Src/freertos.c.obj
 .debug_abbrev  0x0000051e      0x16a CMakeFiles/F407_Controller.elf.dir/Core/Src/gpio.c.obj
 .debug_abbrev  0x00000688      0x235 CMakeFiles/F407_Controller.elf.dir/Core/Src/main.c.obj
 .debug_abbrev  0x000008bd      0x1d3 CMakeFiles/F407_Controller.elf.dir/Core/Src/spi.c.obj
 .debug_abbrev  0x00000a90      0x119 CMakeFiles/F407_Controller.elf.dir/Core/Src/stm32f4xx_hal_msp.c.obj
 .debug_abbrev  0x00000ba9      0x1ff CMakeFiles/F407_Controller.elf.dir/Core/Src/stm32f4xx_hal_timebase_tim.c.obj
 .debug_abbrev  0x00000da8      0x1a3 CMakeFiles/F407_Controller.elf.dir/Core/Src/stm32f4xx_it.c.obj
 .debug_abbrev  0x00000f4b      0x119 CMakeFiles/F407_Controller.elf.dir/Core/Src/system_stm32f4xx.c.obj
 .debug_abbrev  0x00001064      0x1c5 CMakeFiles/F407_Controller.elf.dir/Core/Src/tim.c.obj
 .debug_abbrev  0x00001229       0x12 CMakeFiles/F407_Controller.elf.dir/Core/Startup/startup_stm32f407vetx.s.obj
 .debug_abbrev  0x0000123b       0xc7 CMakeFiles/F407_Controller.elf.dir/Drivers/BoardSupportPackage/Src/bsp.c.obj
 .debug_abbrev  0x00001302      0x273 CMakeFiles/F407_Controller.elf.dir/Drivers/LCD_240_280/Src/lcd.c.obj
 .debug_abbrev  0x00001575      0x220 CMakeFiles/F407_Controller.elf.dir/Drivers/LCD_240_280/Src/lcd_interface.c.obj
 .debug_abbrev  0x00001795      0x1ad CMakeFiles/F407_Controller.elf.dir/Drivers/NRF/Src/nrf.c.obj
 .debug_abbrev  0x00001942      0x20d CMakeFiles/F407_Controller.elf.dir/Drivers/NRF/Src/nrf_interface.c.obj
 .debug_abbrev  0x00001b4f      0x206 CMakeFiles/F407_Controller.elf.dir/Drivers/STM32F4xx_HAL_Driver/Src/stm32f4xx_hal.c.obj
 .debug_abbrev  0x00001d55      0x23a CMakeFiles/F407_Controller.elf.dir/Drivers/STM32F4xx_HAL_Driver/Src/stm32f4xx_hal_adc.c.obj
 .debug_abbrev  0x00001f8f      0x293 CMakeFiles/F407_Controller.elf.dir/Drivers/STM32F4xx_HAL_Driver/Src/stm32f4xx_hal_adc_ex.c.obj
 .debug_abbrev  0x00002222      0x36a CMakeFiles/F407_Controller.elf.dir/Drivers/STM32F4xx_HAL_Driver/Src/stm32f4xx_hal_cortex.c.obj